92.118.160.41 - - [01/Nov/2021:02:16:25 +0000] "GET / HTTP/1.1" 302 1492 "-" "NetSystemsResearch studies the availability of various services across the internet. Our website is netsystemsresearch.com"
92.118.160.41 - - [01/Nov/2021:02:16:26 +0000] "GET /home HTTP/1.1" 302 1497 "-" "Go http package"
92.118.160.41 - - [01/Nov/2021:02:16:27 +0000] "GET /login HTTP/1.1" 200 2862 "-" "Go http package"
67.205.31.50 - - [01/Nov/2021:03:39:14 +0000] "GET /wp-login.php HTTP/1.1" 404 3367 "http://www.supamallescrow.com/wp-login.php" "Mozilla/5.0 (X11; Ubuntu; Linux x86_64; rv:62.0) Gecko/20100101 Firefox/62.0"
41.139.132.83 - - [01/Nov/2021:05:23:22 +0000] "GET /v1/escrow/b2c/queue HTTP/1.1" 405 1056 "-" "Mozilla/5.0 (Windows NT 10.0; Win64; x64) AppleWebKit/537.36 (KHTML, like Gecko) Chrome/95.0.4638.54 Safari/537.36"
41.139.132.83 - - [01/Nov/2021:05:23:27 +0000] "GET /v1/ HTTP/1.1" 301 529 "-" "Mozilla/5.0 (Windows NT 10.0; Win64; x64) AppleWebKit/537.36 (KHTML, like Gecko) Chrome/95.0.4638.54 Safari/537.36"
41.139.132.83 - - [01/Nov/2021:05:23:27 +0000] "GET /v1 HTTP/1.1" 404 3355 "-" "Mozilla/5.0 (Windows NT 10.0; Win64; x64) AppleWebKit/537.36 (KHTML, like Gecko) Chrome/95.0.4638.54 Safari/537.36"
41.139.132.83 - - [01/Nov/2021:05:23:28 +0000] "GET /assets/img/emoji.webp HTTP/1.1" 404 3355 "https://supamallescrow.com/v1" "Mozilla/5.0 (Windows NT 10.0; Win64; x64) AppleWebKit/537.36 (KHTML, like Gecko) Chrome/95.0.4638.54 Safari/537.36"
41.139.132.83 - - [01/Nov/2021:05:23:31 +0000] "GET / HTTP/1.1" 302 1492 "-" "Mozilla/5.0 (Windows NT 10.0; Win64; x64) AppleWebKit/537.36 (KHTML, like Gecko) Chrome/95.0.4638.54 Safari/537.36"
41.139.132.83 - - [01/Nov/2021:05:23:32 +0000] "GET /home HTTP/1.1" 302 1497 "-" "Mozilla/5.0 (Windows NT 10.0; Win64; x64) AppleWebKit/537.36 (KHTML, like Gecko) Chrome/95.0.4638.54 Safari/537.36"
41.139.132.83 - - [01/Nov/2021:05:23:32 +0000] "GET /login HTTP/1.1" 200 2863 "-" "Mozilla/5.0 (Windows NT 10.0; Win64; x64) AppleWebKit/537.36 (KHTML, like Gecko) Chrome/95.0.4638.54 Safari/537.36"
197.232.5.8 - - [01/Nov/2021:05:59:48 +0000] "GET /jquery-3.3.1.min.js HTTP/1.1" 404 3355 "https://supamallescrow.com/deliveries" "Mozilla/5.0 (Windows NT 10.0; Win64; x64) AppleWebKit/537.36 (KHTML, like Gecko) Chrome/95.0.4638.54 Safari/537.36 Edg/95.0.1020.40"
197.232.5.8 - - [01/Nov/2021:05:59:50 +0000] "GET /dist/js/manInput.js HTTP/1.1" 404 3355 "https://supamallescrow.com/deliveries" "Mozilla/5.0 (Windows NT 10.0; Win64; x64) AppleWebKit/537.36 (KHTML, like Gecko) Chrome/95.0.4638.54 Safari/537.36 Edg/95.0.1020.40"
197.232.5.8 - - [01/Nov/2021:06:21:21 +0000] "GET /login HTTP/1.1" 200 2861 "-" "Mozilla/5.0 (Windows NT 10.0; Win64; x64) AppleWebKit/537.36 (KHTML, like Gecko) Chrome/95.0.4638.69 Safari/537.36"
105.230.9.7 - - [01/Nov/2021:06:42:25 +0000] "GET / HTTP/1.1" 302 1492 "https://www.google.com/" "Mozilla/5.0 (Linux; Android 6.0.1; SM-G610F) AppleWebKit/537.36 (KHTML, like Gecko) Chrome/94.0.4606.85 Mobile Safari/537.36"
105.230.9.7 - - [01/Nov/2021:06:42:25 +0000] "GET /home HTTP/1.1" 302 1497 "https://www.google.com/" "Mozilla/5.0 (Linux; Android 6.0.1; SM-G610F) AppleWebKit/537.36 (KHTML, like Gecko) Chrome/94.0.4606.85 Mobile Safari/537.36"
105.230.9.7 - - [01/Nov/2021:06:42:26 +0000] "GET /login HTTP/1.1" 200 2860 "https://www.google.com/" "Mozilla/5.0 (Linux; Android 6.0.1; SM-G610F) AppleWebKit/537.36 (KHTML, like Gecko) Chrome/94.0.4606.85 Mobile Safari/537.36"
197.232.5.8 - - [01/Nov/2021:07:23:15 +0000] "GET / HTTP/1.1" 302 1492 "-" "Mozilla/5.0 (Windows NT 10.0; Win64; x64) AppleWebKit/537.36 (KHTML, like Gecko) Chrome/95.0.4638.54 Safari/537.36 Edg/95.0.1020.30"
197.232.5.8 - - [01/Nov/2021:07:23:16 +0000] "GET /home HTTP/1.1" 302 1497 "-" "Mozilla/5.0 (Windows NT 10.0; Win64; x64) AppleWebKit/537.36 (KHTML, like Gecko) Chrome/95.0.4638.54 Safari/537.36 Edg/95.0.1020.30"
197.232.5.8 - - [01/Nov/2021:07:23:17 +0000] "GET /login HTTP/1.1" 200 2865 "-" "Mozilla/5.0 (Windows NT 10.0; Win64; x64) AppleWebKit/537.36 (KHTML, like Gecko) Chrome/95.0.4638.54 Safari/537.36 Edg/95.0.1020.30"
197.232.5.8 - - [01/Nov/2021:07:23:47 +0000] "GET /deliveries HTTP/1.1" 302 1497 "https://supamallescrow.com/deliveries/show/233" "Mozilla/5.0 (Linux; Android 10; TECNO KD6) AppleWebKit/537.36 (KHTML, like Gecko) Chrome/95.0.4638.50 Mobile Safari/537.36"
197.232.5.8 - - [01/Nov/2021:07:23:52 +0000] "GET /login HTTP/1.1" 200 2863 "https://supamallescrow.com/deliveries/show/233" "Mozilla/5.0 (Linux; Android 10; TECNO KD6) AppleWebKit/537.36 (KHTML, like Gecko) Chrome/95.0.4638.50 Mobile Safari/537.36"
196.201.214.200 - - [01/Nov/2021:07:56:38 +0000] "POST /v1/escrow/transaction/confirmation HTTP/1.1" 200 283 "-" "Apache-HttpClient/4.5.2 (Java/1.8.0_181)"
196.201.212.69 - - [01/Nov/2021:08:08:03 +0000] "POST /v1/escrow/transaction/confirmation HTTP/1.1" 200 283 "-" "Apache-HttpClient/4.5.2 (Java/1.8.0_181)"
196.201.212.138 - - [01/Nov/2021:08:27:29 +0000] "POST /v1/escrow/transaction/confirmation HTTP/1.1" 200 283 "-" "Apache-HttpClient/4.5.2 (Java/1.8.0_181)"
154.159.252.49 - - [01/Nov/2021:08:40:45 +0000] "GET /transactions HTTP/1.1" 302 1497 "-" "Mozilla/5.0 (Linux; Android 10; TECNO KD6) AppleWebKit/537.36 (KHTML, like Gecko) Chrome/95.0.4638.50 Mobile Safari/537.36"
154.159.252.49 - - [01/Nov/2021:08:40:45 +0000] "GET /login HTTP/1.1" 200 2863 "-" "Mozilla/5.0 (Linux; Android 10; TECNO KD6) AppleWebKit/537.36 (KHTML, like Gecko) Chrome/95.0.4638.50 Mobile Safari/537.36"
154.159.252.49 - - [01/Nov/2021:08:40:49 +0000] "POST /login HTTP/1.1" 302 1532 "https://supamallescrow.com/login" "Mozilla/5.0 (Linux; Android 10; TECNO KD6) AppleWebKit/537.36 (KHTML, like Gecko) Chrome/95.0.4638.50 Mobile Safari/537.36"
154.159.252.49 - - [01/Nov/2021:08:40:50 +0000] "GET /transactions HTTP/1.1" 200 5257 "https://supamallescrow.com/login" "Mozilla/5.0 (Linux; Android 10; TECNO KD6) AppleWebKit/537.36 (KHTML, like Gecko) Chrome/95.0.4638.50 Mobile Safari/537.36"
154.159.252.49 - - [01/Nov/2021:08:40:50 +0000] "GET /jquery-3.3.1.min.js HTTP/1.1" 404 3355 "https://supamallescrow.com/transactions" "Mozilla/5.0 (Linux; Android 10; TECNO KD6) AppleWebKit/537.36 (KHTML, like Gecko) Chrome/95.0.4638.50 Mobile Safari/537.36"
154.159.252.49 - - [01/Nov/2021:08:40:51 +0000] "GET /dist/js/manInput.js HTTP/1.1" 404 3355 "https://supamallescrow.com/transactions" "Mozilla/5.0 (Linux; Android 10; TECNO KD6) AppleWebKit/537.36 (KHTML, like Gecko) Chrome/95.0.4638.50 Mobile Safari/537.36"
154.159.252.49 - - [01/Nov/2021:08:40:53 +0000] "GET /jquery-3.3.1.min.js HTTP/1.1" 404 3355 "https://supamallescrow.com/transactions" "Mozilla/5.0 (Linux; Android 10; TECNO KD6) AppleWebKit/537.36 (KHTML, like Gecko) Chrome/95.0.4638.50 Mobile Safari/537.36"
154.159.252.49 - - [01/Nov/2021:08:40:54 +0000] "GET /plugins/fontawesome-free/webfonts/fa-solid-900.woff2 HTTP/1.1" 200 79652 "https://supamallescrow.com/plugins/fontawesome-free/css/all.min.css" "Mozilla/5.0 (Linux; Android 10; TECNO KD6) AppleWebKit/537.36 (KHTML, like Gecko) Chrome/95.0.4638.50 Mobile Safari/537.36"
154.159.252.49 - - [01/Nov/2021:08:40:54 +0000] "GET /plugins/fontawesome-free/webfonts/fa-regular-400.woff2 HTTP/1.1" 200 13791 "https://supamallescrow.com/plugins/fontawesome-free/css/all.min.css" "Mozilla/5.0 (Linux; Android 10; TECNO KD6) AppleWebKit/537.36 (KHTML, like Gecko) Chrome/95.0.4638.50 Mobile Safari/537.36"
154.159.252.49 - - [01/Nov/2021:08:40:55 +0000] "GET /dist/js/manInput.js HTTP/1.1" 404 3355 "https://supamallescrow.com/transactions" "Mozilla/5.0 (Linux; Android 10; TECNO KD6) AppleWebKit/537.36 (KHTML, like Gecko) Chrome/95.0.4638.50 Mobile Safari/537.36"
154.159.252.49 - - [01/Nov/2021:08:41:02 +0000] "GET /profile HTTP/1.1" 200 5396 "https://supamallescrow.com/transactions" "Mozilla/5.0 (Linux; Android 10; TECNO KD6) AppleWebKit/537.36 (KHTML, like Gecko) Chrome/95.0.4638.50 Mobile Safari/537.36"
154.159.252.49 - - [01/Nov/2021:08:41:02 +0000] "GET /jquery-3.3.1.min.js HTTP/1.1" 404 3355 "https://supamallescrow.com/profile" "Mozilla/5.0 (Linux; Android 10; TECNO KD6) AppleWebKit/537.36 (KHTML, like Gecko) Chrome/95.0.4638.50 Mobile Safari/537.36"
154.159.252.49 - - [01/Nov/2021:08:41:09 +0000] "GET /profile HTTP/1.1" 200 5396 "https://supamallescrow.com/profile" "Mozilla/5.0 (Linux; Android 10; TECNO KD6) AppleWebKit/537.36 (KHTML, like Gecko) Chrome/95.0.4638.50 Mobile Safari/537.36"
154.159.252.49 - - [01/Nov/2021:08:41:16 +0000] "GET /transactions HTTP/1.1" 200 5257 "https://supamallescrow.com/profile" "Mozilla/5.0 (Linux; Android 10; TECNO KD6) AppleWebKit/537.36 (KHTML, like Gecko) Chrome/95.0.4638.50 Mobile Safari/537.36"
154.159.252.49 - - [01/Nov/2021:08:41:24 +0000] "GET /deliveries/rejections HTTP/1.1" 200 4954 "https://supamallescrow.com/transactions" "Mozilla/5.0 (Linux; Android 10; TECNO KD6) AppleWebKit/537.36 (KHTML, like Gecko) Chrome/95.0.4638.50 Mobile Safari/537.36"
154.159.252.49 - - [01/Nov/2021:08:41:29 +0000] "GET /transactions HTTP/1.1" 200 5257 "https://supamallescrow.com/deliveries/rejections" "Mozilla/5.0 (Linux; Android 10; TECNO KD6) AppleWebKit/537.36 (KHTML, like Gecko) Chrome/95.0.4638.50 Mobile Safari/537.36"
154.159.252.49 - - [01/Nov/2021:08:41:49 +0000] "GET /profile HTTP/1.1" 200 5396 "https://supamallescrow.com/transactions" "Mozilla/5.0 (Linux; Android 10; TECNO KD6) AppleWebKit/537.36 (KHTML, like Gecko) Chrome/95.0.4638.50 Mobile Safari/537.36"
154.159.252.49 - - [01/Nov/2021:08:41:55 +0000] "GET /login HTTP/1.1" 302 1492 "-" "Mozilla/5.0 (Linux; Android 10; TECNO KD6) AppleWebKit/537.36 (KHTML, like Gecko) Chrome/95.0.4638.50 Mobile Safari/537.36"
154.159.252.49 - - [01/Nov/2021:08:41:56 +0000] "GET /home HTTP/1.1" 200 8349 "-" "Mozilla/5.0 (Linux; Android 10; TECNO KD6) AppleWebKit/537.36 (KHTML, like Gecko) Chrome/95.0.4638.50 Mobile Safari/537.36"
105.161.53.143 - - [01/Nov/2021:08:49:19 +0000] "GET /register HTTP/1.1" 200 3552 "https://www.google.com/" "Mozilla/5.0 (Linux; Android 11; Infinix PR652B) AppleWebKit/537.36 (KHTML, like Gecko) Chrome/94.0.4606.85 Mobile Safari/537.36"
105.161.53.143 - - [01/Nov/2021:08:51:58 +0000] "GET /login_assets/webfonts/fa-solid-900.woff2 HTTP/1.1" 200 74528 "https://supamallescrow.com/login_assets/css/fontawesome-all.min.css" "Mozilla/5.0 (Linux; Android 11; Infinix PR652B) AppleWebKit/537.36 (KHTML, like Gecko) Chrome/94.0.4606.85 Mobile Safari/537.36"
105.161.53.143 - - [01/Nov/2021:08:52:01 +0000] "POST /register HTTP/1.1" 302 1492 "https://supamallescrow.com/register" "Mozilla/5.0 (Linux; Android 11; Infinix PR652B) AppleWebKit/537.36 (KHTML, like Gecko) Chrome/94.0.4606.85 Mobile Safari/537.36"
105.161.53.143 - - [01/Nov/2021:08:52:01 +0000] "GET /home HTTP/1.1" 200 8362 "https://supamallescrow.com/register" "Mozilla/5.0 (Linux; Android 11; Infinix PR652B) AppleWebKit/537.36 (KHTML, like Gecko) Chrome/94.0.4606.85 Mobile Safari/537.36"
105.161.53.143 - - [01/Nov/2021:08:52:04 +0000] "GET /dist/js/manInput.js HTTP/1.1" 404 3355 "https://supamallescrow.com/home" "Mozilla/5.0 (Linux; Android 11; Infinix PR652B) AppleWebKit/537.36 (KHTML, like Gecko) Chrome/94.0.4606.85 Mobile Safari/537.36"
105.161.53.143 - - [01/Nov/2021:08:52:04 +0000] "GET /jquery-3.3.1.min.js HTTP/1.1" 404 3355 "https://supamallescrow.com/home" "Mozilla/5.0 (Linux; Android 11; Infinix PR652B) AppleWebKit/537.36 (KHTML, like Gecko) Chrome/94.0.4606.85 Mobile Safari/537.36"
105.161.53.143 - - [01/Nov/2021:08:52:10 +0000] "GET /plugins/fontawesome-free/webfonts/fa-solid-900.woff2 HTTP/1.1" 200 79652 "https://supamallescrow.com/plugins/fontawesome-free/css/all.min.css" "Mozilla/5.0 (Linux; Android 11; Infinix PR652B) AppleWebKit/537.36 (KHTML, like Gecko) Chrome/94.0.4606.85 Mobile Safari/537.36"
105.161.53.143 - - [01/Nov/2021:08:52:10 +0000] "GET /plugins/fontawesome-free/webfonts/fa-regular-400.woff2 HTTP/1.1" 200 13791 "https://supamallescrow.com/plugins/fontawesome-free/css/all.min.css" "Mozilla/5.0 (Linux; Android 11; Infinix PR652B) AppleWebKit/537.36 (KHTML, like Gecko) Chrome/94.0.4606.85 Mobile Safari/537.36"
105.161.53.143 - - [01/Nov/2021:08:52:10 +0000] "GET /dist/js/manInput.js HTTP/1.1" 404 3355 "https://supamallescrow.com/home" "Mozilla/5.0 (Linux; Android 11; Infinix PR652B) AppleWebKit/537.36 (KHTML, like Gecko) Chrome/94.0.4606.85 Mobile Safari/537.36"
105.161.53.143 - - [01/Nov/2021:08:52:50 +0000] "GET /transactions HTTP/1.1" 200 5131 "https://supamallescrow.com/home" "Mozilla/5.0 (Linux; Android 11; Infinix PR652B) AppleWebKit/537.36 (KHTML, like Gecko) Chrome/94.0.4606.85 Mobile Safari/537.36"
105.161.53.143 - - [01/Nov/2021:08:52:55 +0000] "GET /transactions/create HTTP/1.1" 200 70041 "https://supamallescrow.com/transactions" "Mozilla/5.0 (Linux; Android 11; Infinix PR652B) AppleWebKit/537.36 (KHTML, like Gecko) Chrome/94.0.4606.85 Mobile Safari/537.36"
105.161.53.143 - - [01/Nov/2021:08:53:03 +0000] "GET /buyer/search HTTP/1.1" 200 50912 "https://supamallescrow.com/transactions/create" "Mozilla/5.0 (Linux; Android 11; Infinix PR652B) AppleWebKit/537.36 (KHTML, like Gecko) Chrome/94.0.4606.85 Mobile Safari/537.36"
197.232.61.216 - - [01/Nov/2021:08:54:11 +0000] "GET /register HTTP/1.1" 200 3553 "https://www.google.com/" "Mozilla/5.0 (Linux; Android 7.0; TECNO SA6S) AppleWebKit/537.36 (KHTML, like Gecko) Chrome/86.0.4240.185 Mobile Safari/537.36"
105.161.53.143 - - [01/Nov/2021:08:54:55 +0000] "POST /transactions/store HTTP/1.1" 302 1532 "https://supamallescrow.com/transactions/create" "Mozilla/5.0 (Linux; Android 11; Infinix PR652B) AppleWebKit/537.36 (KHTML, like Gecko) Chrome/94.0.4606.85 Mobile Safari/537.36"
105.161.53.143 - - [01/Nov/2021:08:54:56 +0000] "GET /transactions HTTP/1.1" 200 5409 "https://supamallescrow.com/transactions/create" "Mozilla/5.0 (Linux; Android 11; Infinix PR652B) AppleWebKit/537.36 (KHTML, like Gecko) Chrome/94.0.4606.85 Mobile Safari/537.36"
197.232.5.8 - - [01/Nov/2021:08:57:03 +0000] "GET /logout HTTP/1.1" 302 1415 "https://supamallescrow.com/deliveries" "Mozilla/5.0 (Windows NT 10.0; Win64; x64) AppleWebKit/537.36 (KHTML, like Gecko) Chrome/95.0.4638.54 Safari/537.36 Edg/95.0.1020.40"
197.232.5.8 - - [01/Nov/2021:08:57:03 +0000] "GET /login HTTP/1.1" 200 2863 "https://supamallescrow.com/deliveries" "Mozilla/5.0 (Windows NT 10.0; Win64; x64) AppleWebKit/537.36 (KHTML, like Gecko) Chrome/95.0.4638.54 Safari/537.36 Edg/95.0.1020.40"
105.160.73.86 - - [01/Nov/2021:08:57:07 +0000] "GET /transactions HTTP/1.1" 200 5379 "-" "Mozilla/5.0 (Linux; Android 11; SM-A022F) AppleWebKit/537.36 (KHTML, like Gecko) Chrome/95.0.4638.50 Mobile Safari/537.36"
197.232.5.8 - - [01/Nov/2021:08:57:08 +0000] "GET /password/reset HTTP/1.1" 200 2211 "https://supamallescrow.com/login" "Mozilla/5.0 (Windows NT 10.0; Win64; x64) AppleWebKit/537.36 (KHTML, like Gecko) Chrome/95.0.4638.54 Safari/537.36 Edg/95.0.1020.40"
197.232.5.8 - - [01/Nov/2021:08:57:08 +0000] "GET /js/script.js HTTP/1.1" 404 3355 "https://supamallescrow.com/password/reset" "Mozilla/5.0 (Windows NT 10.0; Win64; x64) AppleWebKit/537.36 (KHTML, like Gecko) Chrome/95.0.4638.54 Safari/537.36 Edg/95.0.1020.40"
105.160.73.86 - - [01/Nov/2021:08:57:15 +0000] "GET /jquery-3.3.1.min.js HTTP/1.1" 404 3355 "https://supamallescrow.com/transactions" "Mozilla/5.0 (Linux; Android 11; SM-A022F) AppleWebKit/537.36 (KHTML, like Gecko) Chrome/95.0.4638.50 Mobile Safari/537.36"
105.160.73.86 - - [01/Nov/2021:08:57:15 +0000] "GET /dist/js/manInput.js HTTP/1.1" 404 3355 "https://supamallescrow.com/transactions" "Mozilla/5.0 (Linux; Android 11; SM-A022F) AppleWebKit/537.36 (KHTML, like Gecko) Chrome/95.0.4638.50 Mobile Safari/537.36"
105.160.73.86 - - [01/Nov/2021:08:57:20 +0000] "GET / HTTP/1.1" 302 1492 "-" "Mozilla/5.0 (Linux; Android 11; SM-A022F) AppleWebKit/537.36 (KHTML, like Gecko) Chrome/95.0.4638.50 Mobile Safari/537.36"
105.160.73.86 - - [01/Nov/2021:08:57:22 +0000] "GET /home HTTP/1.1" 200 8348 "-" "Mozilla/5.0 (Linux; Android 11; SM-A022F) AppleWebKit/537.36 (KHTML, like Gecko) Chrome/95.0.4638.50 Mobile Safari/537.36"
105.160.73.86 - - [01/Nov/2021:08:57:30 +0000] "GET /dist/js/manInput.js HTTP/1.1" 404 3355 "https://supamallescrow.com/home" "Mozilla/5.0 (Linux; Android 11; SM-A022F) AppleWebKit/537.36 (KHTML, like Gecko) Chrome/95.0.4638.50 Mobile Safari/537.36"
105.160.73.86 - - [01/Nov/2021:08:57:37 +0000] "GET /plugins/fontawesome-free/webfonts/fa-solid-900.woff2 HTTP/1.1" 200 79652 "https://supamallescrow.com/plugins/fontawesome-free/css/all.min.css" "Mozilla/5.0 (Linux; Android 11; SM-A022F) AppleWebKit/537.36 (KHTML, like Gecko) Chrome/95.0.4638.50 Mobile Safari/537.36"
105.160.73.86 - - [01/Nov/2021:08:57:37 +0000] "GET /plugins/fontawesome-free/webfonts/fa-regular-400.woff2 HTTP/1.1" 200 13791 "https://supamallescrow.com/plugins/fontawesome-free/css/all.min.css" "Mozilla/5.0 (Linux; Android 11; SM-A022F) AppleWebKit/537.36 (KHTML, like Gecko) Chrome/95.0.4638.50 Mobile Safari/537.36"
105.160.73.86 - - [01/Nov/2021:08:58:10 +0000] "GET /home HTTP/1.1" 200 8348 "https://supamallescrow.com/home" "Mozilla/5.0 (Linux; Android 11; SM-A022F) AppleWebKit/537.36 (KHTML, like Gecko) Chrome/95.0.4638.50 Mobile Safari/537.36"
105.160.73.86 - - [01/Nov/2021:08:58:28 +0000] "GET /transactions HTTP/1.1" 200 5379 "https://supamallescrow.com/home" "Mozilla/5.0 (Linux; Android 11; SM-A022F) AppleWebKit/537.36 (KHTML, like Gecko) Chrome/95.0.4638.50 Mobile Safari/537.36"
41.81.6.176 - - [01/Nov/2021:08:58:34 +0000] "GET /register HTTP/1.1" 200 3553 "https://www.google.com/" "Mozilla/5.0 (Linux; Android 10; TECNO KD7) AppleWebKit/537.36 (KHTML, like Gecko) Chrome/95.0.4638.50 Mobile Safari/537.36"
105.160.73.86 - - [01/Nov/2021:08:58:40 +0000] "GET /transactions/show/248 HTTP/1.1" 200 6568 "https://supamallescrow.com/transactions" "Mozilla/5.0 (Linux; Android 11; SM-A022F) AppleWebKit/537.36 (KHTML, like Gecko) Chrome/95.0.4638.50 Mobile Safari/537.36"
105.160.73.86 - - [01/Nov/2021:08:59:13 +0000] "POST /transactions/payment HTTP/1.1" 302 1492 "https://supamallescrow.com/transactions/show/248" "Mozilla/5.0 (Linux; Android 11; SM-A022F) AppleWebKit/537.36 (KHTML, like Gecko) Chrome/95.0.4638.50 Mobile Safari/537.36"
105.160.73.86 - - [01/Nov/2021:08:59:17 +0000] "GET /home HTTP/1.1" 200 8348 "https://supamallescrow.com/transactions/show/248" "Mozilla/5.0 (Linux; Android 11; SM-A022F) AppleWebKit/537.36 (KHTML, like Gecko) Chrome/95.0.4638.50 Mobile Safari/537.36"
196.201.213.114 - - [01/Nov/2021:08:59:27 +0000] "POST /v1/escrow/transaction/confirmation HTTP/1.1" 200 231 "-" "Apache-HttpClient/4.5.5 (Java/1.8.0_251)"
196.201.212.129 - - [01/Nov/2021:08:59:27 +0000] "POST /v1/escrow/transaction/confirmation HTTP/1.1" 200 283 "-" "Apache-HttpClient/4.5.2 (Java/1.8.0_181)"
105.160.73.86 - - [01/Nov/2021:09:00:00 +0000] "GET /deliveries HTTP/1.1" 200 5045 "https://supamallescrow.com/home" "Mozilla/5.0 (Linux; Android 11; SM-A022F) AppleWebKit/537.36 (KHTML, like Gecko) Chrome/95.0.4638.50 Mobile Safari/537.36"
41.81.6.176 - - [01/Nov/2021:09:00:03 +0000] "GET /login_assets/webfonts/fa-solid-900.woff2 HTTP/1.1" 200 74528 "https://supamallescrow.com/login_assets/css/fontawesome-all.min.css" "Mozilla/5.0 (Linux; Android 10; TECNO KD7) AppleWebKit/537.36 (KHTML, like Gecko) Chrome/95.0.4638.50 Mobile Safari/537.36"
62.8.95.71 - - [01/Nov/2021:09:00:03 +0000] "GET /deliveries HTTP/1.1" 302 1497 "https://www.google.com/" "Mozilla/5.0 (Linux; Android 8.0.0; Pixel 2 XL Build/OPD1.170816.004) AppleWebKit/537.36 (KHTML, like Gecko) Chrome/75.0.3765.0 Mobile Safari/537.36"
62.8.95.71 - - [01/Nov/2021:09:00:05 +0000] "GET /login HTTP/1.1" 200 2865 "https://www.google.com/" "Mozilla/5.0 (Linux; Android 8.0.0; Pixel 2 XL Build/OPD1.170816.004) AppleWebKit/537.36 (KHTML, like Gecko) Chrome/75.0.3765.0 Mobile Safari/537.36"
105.160.73.86 - - [01/Nov/2021:09:00:06 +0000] "GET /deliveries/show/248 HTTP/1.1" 200 6761 "https://supamallescrow.com/deliveries" "Mozilla/5.0 (Linux; Android 11; SM-A022F) AppleWebKit/537.36 (KHTML, like Gecko) Chrome/95.0.4638.50 Mobile Safari/537.36"
41.81.6.176 - - [01/Nov/2021:09:00:10 +0000] "POST /register HTTP/1.1" 302 1492 "https://supamallescrow.com/register" "Mozilla/5.0 (Linux; Android 10; TECNO KD7) AppleWebKit/537.36 (KHTML, like Gecko) Chrome/95.0.4638.50 Mobile Safari/537.36"
41.81.6.176 - - [01/Nov/2021:09:00:11 +0000] "GET /home HTTP/1.1" 200 8367 "https://supamallescrow.com/register" "Mozilla/5.0 (Linux; Android 10; TECNO KD7) AppleWebKit/537.36 (KHTML, like Gecko) Chrome/95.0.4638.50 Mobile Safari/537.36"
41.81.6.176 - - [01/Nov/2021:09:00:12 +0000] "GET /jquery-3.3.1.min.js HTTP/1.1" 404 3355 "https://supamallescrow.com/home" "Mozilla/5.0 (Linux; Android 10; TECNO KD7) AppleWebKit/537.36 (KHTML, like Gecko) Chrome/95.0.4638.50 Mobile Safari/537.36"
41.81.6.176 - - [01/Nov/2021:09:00:12 +0000] "GET /dist/js/manInput.js HTTP/1.1" 404 3355 "https://supamallescrow.com/home" "Mozilla/5.0 (Linux; Android 10; TECNO KD7) AppleWebKit/537.36 (KHTML, like Gecko) Chrome/95.0.4638.50 Mobile Safari/537.36"
197.232.61.216 - - [01/Nov/2021:09:00:13 +0000] "GET /login_assets/webfonts/fa-solid-900.woff2 HTTP/1.1" 200 74528 "https://supamallescrow.com/login_assets/css/fontawesome-all.min.css" "Mozilla/5.0 (Linux; Android 7.0; TECNO SA6S) AppleWebKit/537.36 (KHTML, like Gecko) Chrome/86.0.4240.185 Mobile Safari/537.36"
41.81.6.176 - - [01/Nov/2021:09:00:13 +0000] "GET /jquery-3.3.1.min.js HTTP/1.1" 404 3355 "https://supamallescrow.com/home" "Mozilla/5.0 (Linux; Android 10; TECNO KD7) AppleWebKit/537.36 (KHTML, like Gecko) Chrome/95.0.4638.50 Mobile Safari/537.36"
41.81.6.176 - - [01/Nov/2021:09:00:14 +0000] "GET /plugins/fontawesome-free/webfonts/fa-solid-900.woff2 HTTP/1.1" 200 79652 "https://supamallescrow.com/plugins/fontawesome-free/css/all.min.css" "Mozilla/5.0 (Linux; Android 10; TECNO KD7) AppleWebKit/537.36 (KHTML, like Gecko) Chrome/95.0.4638.50 Mobile Safari/537.36"
41.81.6.176 - - [01/Nov/2021:09:00:14 +0000] "GET /plugins/fontawesome-free/webfonts/fa-regular-400.woff2 HTTP/1.1" 200 13791 "https://supamallescrow.com/plugins/fontawesome-free/css/all.min.css" "Mozilla/5.0 (Linux; Android 10; TECNO KD7) AppleWebKit/537.36 (KHTML, like Gecko) Chrome/95.0.4638.50 Mobile Safari/537.36"
41.81.6.176 - - [01/Nov/2021:09:00:17 +0000] "GET /dist/js/manInput.js HTTP/1.1" 404 3355 "https://supamallescrow.com/home" "Mozilla/5.0 (Linux; Android 10; TECNO KD7) AppleWebKit/537.36 (KHTML, like Gecko) Chrome/95.0.4638.50 Mobile Safari/537.36"
105.160.73.86 - - [01/Nov/2021:09:00:15 +0000] "POST /deliveries/acceptdelivery HTTP/1.1" 302 1522 "https://supamallescrow.com/deliveries/show/248" "Mozilla/5.0 (Linux; Android 11; SM-A022F) AppleWebKit/537.36 (KHTML, like Gecko) Chrome/95.0.4638.50 Mobile Safari/537.36"
105.160.73.86 - - [01/Nov/2021:09:00:18 +0000] "GET /deliveries HTTP/1.1" 200 5065 "https://supamallescrow.com/deliveries/show/248" "Mozilla/5.0 (Linux; Android 11; SM-A022F) AppleWebKit/537.36 (KHTML, like Gecko) Chrome/95.0.4638.50 Mobile Safari/537.36"
196.201.213.114 - - [01/Nov/2021:09:00:18 +0000] "POST /v1/escrow/b2c/result HTTP/1.1" 200 314 "-" "Apache-HttpClient/4.5.5 (Java/1.8.0_251)"
41.81.6.176 - - [01/Nov/2021:09:00:32 +0000] "GET /transactions HTTP/1.1" 200 5133 "https://supamallescrow.com/home" "Mozilla/5.0 (Linux; Android 10; TECNO KD7) AppleWebKit/537.36 (KHTML, like Gecko) Chrome/95.0.4638.50 Mobile Safari/537.36"
41.81.6.176 - - [01/Nov/2021:09:00:32 +0000] "GET /jquery-3.3.1.min.js HTTP/1.1" 404 3355 "https://supamallescrow.com/transactions" "Mozilla/5.0 (Linux; Android 10; TECNO KD7) AppleWebKit/537.36 (KHTML, like Gecko) Chrome/95.0.4638.50 Mobile Safari/537.36"
41.81.6.176 - - [01/Nov/2021:09:00:39 +0000] "GET /transactions/create HTTP/1.1" 200 70076 "https://supamallescrow.com/transactions" "Mozilla/5.0 (Linux; Android 10; TECNO KD7) AppleWebKit/537.36 (KHTML, like Gecko) Chrome/95.0.4638.50 Mobile Safari/537.36"
41.81.6.176 - - [01/Nov/2021:09:00:40 +0000] "GET /buyer/search HTTP/1.1" 200 51276 "https://supamallescrow.com/transactions/create" "Mozilla/5.0 (Linux; Android 10; TECNO KD7) AppleWebKit/537.36 (KHTML, like Gecko) Chrome/95.0.4638.50 Mobile Safari/537.36"
197.232.61.216 - - [01/Nov/2021:09:00:58 +0000] "POST /register HTTP/1.1" 302 1492 "https://supamallescrow.com/register" "Mozilla/5.0 (Linux; Android 7.0; TECNO SA6S) AppleWebKit/537.36 (KHTML, like Gecko) Chrome/86.0.4240.185 Mobile Safari/537.36"
197.232.61.216 - - [01/Nov/2021:09:00:59 +0000] "GET /home HTTP/1.1" 200 8359 "https://supamallescrow.com/register" "Mozilla/5.0 (Linux; Android 7.0; TECNO SA6S) AppleWebKit/537.36 (KHTML, like Gecko) Chrome/86.0.4240.185 Mobile Safari/537.36"
197.232.61.216 - - [01/Nov/2021:09:01:00 +0000] "GET /jquery-3.3.1.min.js HTTP/1.1" 404 3355 "https://supamallescrow.com/home" "Mozilla/5.0 (Linux; Android 7.0; TECNO SA6S) AppleWebKit/537.36 (KHTML, like Gecko) Chrome/86.0.4240.185 Mobile Safari/537.36"
197.232.61.216 - - [01/Nov/2021:09:01:00 +0000] "GET /dist/js/manInput.js HTTP/1.1" 404 3355 "https://supamallescrow.com/home" "Mozilla/5.0 (Linux; Android 7.0; TECNO SA6S) AppleWebKit/537.36 (KHTML, like Gecko) Chrome/86.0.4240.185 Mobile Safari/537.36"
197.232.61.216 - - [01/Nov/2021:09:01:02 +0000] "GET /jquery-3.3.1.min.js HTTP/1.1" 404 3355 "https://supamallescrow.com/home" "Mozilla/5.0 (Linux; Android 7.0; TECNO SA6S) AppleWebKit/537.36 (KHTML, like Gecko) Chrome/86.0.4240.185 Mobile Safari/537.36"
197.232.61.216 - - [01/Nov/2021:09:01:03 +0000] "GET /plugins/fontawesome-free/webfonts/fa-solid-900.woff2 HTTP/1.1" 200 79652 "https://supamallescrow.com/plugins/fontawesome-free/css/all.min.css" "Mozilla/5.0 (Linux; Android 7.0; TECNO SA6S) AppleWebKit/537.36 (KHTML, like Gecko) Chrome/86.0.4240.185 Mobile Safari/537.36"
197.232.61.216 - - [01/Nov/2021:09:01:03 +0000] "GET /plugins/fontawesome-free/webfonts/fa-regular-400.woff2 HTTP/1.1" 200 13791 "https://supamallescrow.com/plugins/fontawesome-free/css/all.min.css" "Mozilla/5.0 (Linux; Android 7.0; TECNO SA6S) AppleWebKit/537.36 (KHTML, like Gecko) Chrome/86.0.4240.185 Mobile Safari/537.36"
197.232.61.216 - - [01/Nov/2021:09:01:03 +0000] "GET /dist/js/manInput.js HTTP/1.1" 404 3355 "https://supamallescrow.com/home" "Mozilla/5.0 (Linux; Android 7.0; TECNO SA6S) AppleWebKit/537.36 (KHTML, like Gecko) Chrome/86.0.4240.185 Mobile Safari/537.36"
197.232.61.216 - - [01/Nov/2021:09:01:23 +0000] "GET /transactions HTTP/1.1" 200 5129 "https://supamallescrow.com/home" "Mozilla/5.0 (Linux; Android 7.0; TECNO SA6S) AppleWebKit/537.36 (KHTML, like Gecko) Chrome/86.0.4240.185 Mobile Safari/537.36"
197.232.61.216 - - [01/Nov/2021:09:01:33 +0000] "GET /transactions/create HTTP/1.1" 200 70114 "https://supamallescrow.com/transactions" "Mozilla/5.0 (Linux; Android 7.0; TECNO SA6S) AppleWebKit/537.36 (KHTML, like Gecko) Chrome/86.0.4240.185 Mobile Safari/537.36"
197.232.61.216 - - [01/Nov/2021:09:01:37 +0000] "GET /buyer/search HTTP/1.1" 200 51648 "https://supamallescrow.com/transactions/create" "Mozilla/5.0 (Linux; Android 7.0; TECNO SA6S) AppleWebKit/537.36 (KHTML, like Gecko) Chrome/86.0.4240.185 Mobile Safari/537.36"
41.81.6.176 - - [01/Nov/2021:09:02:28 +0000] "POST /transactions/store HTTP/1.1" 302 1532 "https://supamallescrow.com/transactions/create" "Mozilla/5.0 (Linux; Android 10; TECNO KD7) AppleWebKit/537.36 (KHTML, like Gecko) Chrome/95.0.4638.50 Mobile Safari/537.36"
41.81.6.176 - - [01/Nov/2021:09:02:28 +0000] "GET /transactions HTTP/1.1" 200 5419 "https://supamallescrow.com/transactions/create" "Mozilla/5.0 (Linux; Android 10; TECNO KD7) AppleWebKit/537.36 (KHTML, like Gecko) Chrome/95.0.4638.50 Mobile Safari/537.36"
41.81.6.176 - - [01/Nov/2021:09:02:35 +0000] "GET /transactions/show/249 HTTP/1.1" 200 6509 "https://supamallescrow.com/transactions" "Mozilla/5.0 (Linux; Android 10; TECNO KD7) AppleWebKit/537.36 (KHTML, like Gecko) Chrome/95.0.4638.50 Mobile Safari/537.36"
197.232.61.216 - - [01/Nov/2021:09:03:16 +0000] "POST /transactions/store HTTP/1.1" 302 1532 "https://supamallescrow.com/transactions/create" "Mozilla/5.0 (Linux; Android 7.0; TECNO SA6S) AppleWebKit/537.36 (KHTML, like Gecko) Chrome/86.0.4240.185 Mobile Safari/537.36"
197.232.61.216 - - [01/Nov/2021:09:03:16 +0000] "GET /transactions HTTP/1.1" 200 5417 "https://supamallescrow.com/transactions/create" "Mozilla/5.0 (Linux; Android 7.0; TECNO SA6S) AppleWebKit/537.36 (KHTML, like Gecko) Chrome/86.0.4240.185 Mobile Safari/537.36"
102.7.20.109 - - [01/Nov/2021:09:03:40 +0000] "GET / HTTP/1.1" 302 1492 "-" "Mozilla/5.0 (Linux; Android 7.0; Infinix X559) AppleWebKit/537.36 (KHTML, like Gecko) Chrome/94.0.4606.85 Mobile Safari/537.36"
102.7.20.109 - - [01/Nov/2021:09:03:41 +0000] "GET /home HTTP/1.1" 302 1497 "-" "Mozilla/5.0 (Linux; Android 7.0; Infinix X559) AppleWebKit/537.36 (KHTML, like Gecko) Chrome/94.0.4606.85 Mobile Safari/537.36"
102.7.20.109 - - [01/Nov/2021:09:03:41 +0000] "GET /login HTTP/1.1" 200 2865 "-" "Mozilla/5.0 (Linux; Android 7.0; Infinix X559) AppleWebKit/537.36 (KHTML, like Gecko) Chrome/94.0.4606.85 Mobile Safari/537.36"
102.7.20.109 - - [01/Nov/2021:09:03:57 +0000] "GET /login_assets/webfonts/fa-solid-900.woff2 HTTP/1.1" 304 127 "https://supamallescrow.com/login_assets/css/fontawesome-all.min.css" "Mozilla/5.0 (Linux; Android 7.0; Infinix X559) AppleWebKit/537.36 (KHTML, like Gecko) Chrome/94.0.4606.85 Mobile Safari/537.36"
102.7.20.109 - - [01/Nov/2021:09:03:59 +0000] "POST /login HTTP/1.1" 302 1492 "https://supamallescrow.com/login" "Mozilla/5.0 (Linux; Android 7.0; Infinix X559) AppleWebKit/537.36 (KHTML, like Gecko) Chrome/94.0.4606.85 Mobile Safari/537.36"
102.7.20.109 - - [01/Nov/2021:09:03:59 +0000] "GET /home HTTP/1.1" 200 8346 "https://supamallescrow.com/login" "Mozilla/5.0 (Linux; Android 7.0; Infinix X559) AppleWebKit/537.36 (KHTML, like Gecko) Chrome/94.0.4606.85 Mobile Safari/537.36"
102.7.20.109 - - [01/Nov/2021:09:04:00 +0000] "GET /jquery-3.3.1.min.js HTTP/1.1" 404 3355 "https://supamallescrow.com/home" "Mozilla/5.0 (Linux; Android 7.0; Infinix X559) AppleWebKit/537.36 (KHTML, like Gecko) Chrome/94.0.4606.85 Mobile Safari/537.36"
102.7.20.109 - - [01/Nov/2021:09:04:00 +0000] "GET /dist/js/manInput.js HTTP/1.1" 404 3355 "https://supamallescrow.com/home" "Mozilla/5.0 (Linux; Android 7.0; Infinix X559) AppleWebKit/537.36 (KHTML, like Gecko) Chrome/94.0.4606.85 Mobile Safari/537.36"
102.7.20.109 - - [01/Nov/2021:09:04:14 +0000] "GET /transactions HTTP/1.1" 200 5464 "https://supamallescrow.com/home" "Mozilla/5.0 (Linux; Android 7.0; Infinix X559) AppleWebKit/537.36 (KHTML, like Gecko) Chrome/94.0.4606.85 Mobile Safari/537.36"
105.160.16.222 - - [01/Nov/2021:09:04:21 +0000] "GET /transactions HTTP/1.1" 302 1497 "-" "Mozilla/5.0 (iPhone; CPU iPhone OS 15_0_1 like Mac OS X) AppleWebKit/605.1.15 (KHTML, like Gecko) Version/15.0 Mobile/15E148 Safari/604.1"
102.7.20.109 - - [01/Nov/2021:09:04:21 +0000] "GET /transactions/show/250 HTTP/1.1" 200 6563 "https://supamallescrow.com/transactions" "Mozilla/5.0 (Linux; Android 7.0; Infinix X559) AppleWebKit/537.36 (KHTML, like Gecko) Chrome/94.0.4606.85 Mobile Safari/537.36"
105.160.16.222 - - [01/Nov/2021:09:04:21 +0000] "GET /login HTTP/1.1" 200 2864 "-" "Mozilla/5.0 (iPhone; CPU iPhone OS 15_0_1 like Mac OS X) AppleWebKit/605.1.15 (KHTML, like Gecko) Version/15.0 Mobile/15E148 Safari/604.1"
102.7.20.109 - - [01/Nov/2021:09:04:42 +0000] "POST /transactions/payment HTTP/1.1" 302 1492 "https://supamallescrow.com/transactions/show/250" "Mozilla/5.0 (Linux; Android 7.0; Infinix X559) AppleWebKit/537.36 (KHTML, like Gecko) Chrome/94.0.4606.85 Mobile Safari/537.36"
102.7.20.109 - - [01/Nov/2021:09:04:45 +0000] "GET /home HTTP/1.1" 200 8346 "https://supamallescrow.com/transactions/show/250" "Mozilla/5.0 (Linux; Android 7.0; Infinix X559) AppleWebKit/537.36 (KHTML, like Gecko) Chrome/94.0.4606.85 Mobile Safari/537.36"
105.160.16.222 - - [01/Nov/2021:09:04:51 +0000] "GET /login_assets/webfonts/fa-solid-900.woff2 HTTP/1.1" 200 74528 "https://supamallescrow.com/login" "Mozilla/5.0 (iPhone; CPU iPhone OS 15_0_1 like Mac OS X) AppleWebKit/605.1.15 (KHTML, like Gecko) Version/15.0 Mobile/15E148 Safari/604.1"
105.160.16.222 - - [01/Nov/2021:09:04:51 +0000] "POST /login HTTP/1.1" 302 1532 "https://supamallescrow.com/login" "Mozilla/5.0 (iPhone; CPU iPhone OS 15_0_1 like Mac OS X) AppleWebKit/605.1.15 (KHTML, like Gecko) Version/15.0 Mobile/15E148 Safari/604.1"
105.160.16.222 - - [01/Nov/2021:09:04:51 +0000] "GET /transactions HTTP/1.1" 200 5309 "https://supamallescrow.com/login" "Mozilla/5.0 (iPhone; CPU iPhone OS 15_0_1 like Mac OS X) AppleWebKit/605.1.15 (KHTML, like Gecko) Version/15.0 Mobile/15E148 Safari/604.1"
105.160.16.222 - - [01/Nov/2021:09:04:52 +0000] "GET /jquery-3.3.1.min.js HTTP/1.1" 404 3355 "https://supamallescrow.com/transactions" "Mozilla/5.0 (iPhone; CPU iPhone OS 15_0_1 like Mac OS X) AppleWebKit/605.1.15 (KHTML, like Gecko) Version/15.0 Mobile/15E148 Safari/604.1"
105.160.16.222 - - [01/Nov/2021:09:04:52 +0000] "GET /dist/js/manInput.js HTTP/1.1" 404 3355 "https://supamallescrow.com/transactions" "Mozilla/5.0 (iPhone; CPU iPhone OS 15_0_1 like Mac OS X) AppleWebKit/605.1.15 (KHTML, like Gecko) Version/15.0 Mobile/15E148 Safari/604.1"
105.160.16.222 - - [01/Nov/2021:09:04:54 +0000] "GET /plugins/fontawesome-free/webfonts/fa-solid-900.woff2 HTTP/1.1" 200 79652 "https://supamallescrow.com/transactions" "Mozilla/5.0 (iPhone; CPU iPhone OS 15_0_1 like Mac OS X) AppleWebKit/605.1.15 (KHTML, like Gecko) Version/15.0 Mobile/15E148 Safari/604.1"
105.160.16.222 - - [01/Nov/2021:09:04:54 +0000] "GET /plugins/fontawesome-free/webfonts/fa-regular-400.woff2 HTTP/1.1" 200 13791 "https://supamallescrow.com/transactions" "Mozilla/5.0 (iPhone; CPU iPhone OS 15_0_1 like Mac OS X) AppleWebKit/605.1.15 (KHTML, like Gecko) Version/15.0 Mobile/15E148 Safari/604.1"
196.201.213.114 - - [01/Nov/2021:09:04:59 +0000] "POST /v1/escrow/transaction/confirmation HTTP/1.1" 200 231 "-" "Apache-HttpClient/4.5.5 (Java/1.8.0_251)"
196.201.212.74 - - [01/Nov/2021:09:04:59 +0000] "POST /v1/escrow/transaction/confirmation HTTP/1.1" 200 283 "-" "Apache-HttpClient/4.5.2 (Java/1.8.0_181)"
105.160.16.222 - - [01/Nov/2021:09:05:02 +0000] "GET /transactions/show/249 HTTP/1.1" 200 6557 "https://supamallescrow.com/transactions" "Mozilla/5.0 (iPhone; CPU iPhone OS 15_0_1 like Mac OS X) AppleWebKit/605.1.15 (KHTML, like Gecko) Version/15.0 Mobile/15E148 Safari/604.1"
105.160.16.222 - - [01/Nov/2021:09:05:03 +0000] "GET /jquery-3.3.1.min.js HTTP/1.1" 404 3355 "https://supamallescrow.com/transactions/show/249" "Mozilla/5.0 (iPhone; CPU iPhone OS 15_0_1 like Mac OS X) AppleWebKit/605.1.15 (KHTML, like Gecko) Version/15.0 Mobile/15E148 Safari/604.1"
105.160.16.222 - - [01/Nov/2021:09:05:03 +0000] "GET /dist/js/manInput.js HTTP/1.1" 404 3355 "https://supamallescrow.com/transactions/show/249" "Mozilla/5.0 (iPhone; CPU iPhone OS 15_0_1 like Mac OS X) AppleWebKit/605.1.15 (KHTML, like Gecko) Version/15.0 Mobile/15E148 Safari/604.1"
105.160.16.222 - - [01/Nov/2021:09:05:11 +0000] "POST /transactions/payment HTTP/1.1" 302 1492 "https://supamallescrow.com/transactions/show/249" "Mozilla/5.0 (iPhone; CPU iPhone OS 15_0_1 like Mac OS X) AppleWebKit/605.1.15 (KHTML, like Gecko) Version/15.0 Mobile/15E148 Safari/604.1"
105.160.16.222 - - [01/Nov/2021:09:05:14 +0000] "GET /home HTTP/1.1" 200 8346 "https://supamallescrow.com/transactions/show/249" "Mozilla/5.0 (iPhone; CPU iPhone OS 15_0_1 like Mac OS X) AppleWebKit/605.1.15 (KHTML, like Gecko) Version/15.0 Mobile/15E148 Safari/604.1"
105.160.16.222 - - [01/Nov/2021:09:05:15 +0000] "GET /jquery-3.3.1.min.js HTTP/1.1" 404 3355 "https://supamallescrow.com/home" "Mozilla/5.0 (iPhone; CPU iPhone OS 15_0_1 like Mac OS X) AppleWebKit/605.1.15 (KHTML, like Gecko) Version/15.0 Mobile/15E148 Safari/604.1"
105.160.16.222 - - [01/Nov/2021:09:05:15 +0000] "GET /dist/js/manInput.js HTTP/1.1" 404 3355 "https://supamallescrow.com/home" "Mozilla/5.0 (iPhone; CPU iPhone OS 15_0_1 like Mac OS X) AppleWebKit/605.1.15 (KHTML, like Gecko) Version/15.0 Mobile/15E148 Safari/604.1"
196.201.212.127 - - [01/Nov/2021:09:05:21 +0000] "POST /v1/escrow/transaction/confirmation HTTP/1.1" 200 231 "-" "Apache-HttpClient/4.5.5 (Java/1.8.0_251)"
196.201.214.207 - - [01/Nov/2021:09:05:21 +0000] "POST /v1/escrow/transaction/confirmation HTTP/1.1" 200 283 "-" "Apache-HttpClient/4.5.2 (Java/1.8.0_181)"
105.160.16.222 - - [01/Nov/2021:09:05:57 +0000] "GET /deliveries HTTP/1.1" 200 5009 "https://supamallescrow.com/home" "Mozilla/5.0 (iPhone; CPU iPhone OS 15_0_1 like Mac OS X) AppleWebKit/605.1.15 (KHTML, like Gecko) Version/15.0 Mobile/15E148 Safari/604.1"
105.160.16.222 - - [01/Nov/2021:09:05:57 +0000] "GET /jquery-3.3.1.min.js HTTP/1.1" 404 3355 "https://supamallescrow.com/deliveries" "Mozilla/5.0 (iPhone; CPU iPhone OS 15_0_1 like Mac OS X) AppleWebKit/605.1.15 (KHTML, like Gecko) Version/15.0 Mobile/15E148 Safari/604.1"
105.160.16.222 - - [01/Nov/2021:09:05:57 +0000] "GET /dist/js/manInput.js HTTP/1.1" 404 3355 "https://supamallescrow.com/deliveries" "Mozilla/5.0 (iPhone; CPU iPhone OS 15_0_1 like Mac OS X) AppleWebKit/605.1.15 (KHTML, like Gecko) Version/15.0 Mobile/15E148 Safari/604.1"
105.160.16.222 - - [01/Nov/2021:09:06:00 +0000] "GET /deliveries/show/249 HTTP/1.1" 200 6751 "https://supamallescrow.com/deliveries" "Mozilla/5.0 (iPhone; CPU iPhone OS 15_0_1 like Mac OS X) AppleWebKit/605.1.15 (KHTML, like Gecko) Version/15.0 Mobile/15E148 Safari/604.1"
154.78.91.115 - - [01/Nov/2021:09:06:00 +0000] "GET /v1/escrow/transaction/confirmation HTTP/1.1" 405 1056 "-" "Mozilla/5.0 (Windows NT 6.1; Win64; x64) AppleWebKit/537.36 (KHTML, like Gecko) Chrome/94.0.4606.81 Safari/537.36"
105.160.16.222 - - [01/Nov/2021:09:06:01 +0000] "GET /jquery-3.3.1.min.js HTTP/1.1" 404 3355 "https://supamallescrow.com/deliveries/show/249" "Mozilla/5.0 (iPhone; CPU iPhone OS 15_0_1 like Mac OS X) AppleWebKit/605.1.15 (KHTML, like Gecko) Version/15.0 Mobile/15E148 Safari/604.1"
105.160.16.222 - - [01/Nov/2021:09:06:01 +0000] "GET /dist/js/manInput.js HTTP/1.1" 404 3355 "https://supamallescrow.com/deliveries/show/249" "Mozilla/5.0 (iPhone; CPU iPhone OS 15_0_1 like Mac OS X) AppleWebKit/605.1.15 (KHTML, like Gecko) Version/15.0 Mobile/15E148 Safari/604.1"
102.7.20.109 - - [01/Nov/2021:09:06:17 +0000] "GET /deliveries HTTP/1.1" 200 5014 "https://supamallescrow.com/home" "Mozilla/5.0 (Linux; Android 7.0; Infinix X559) AppleWebKit/537.36 (KHTML, like Gecko) Chrome/94.0.4606.85 Mobile Safari/537.36"
154.78.91.115 - - [01/Nov/2021:09:06:19 +0000] "GET /v1/escrow/transaction/ HTTP/1.1" 301 567 "-" "Mozilla/5.0 (Windows NT 6.1; Win64; x64) AppleWebKit/537.36 (KHTML, like Gecko) Chrome/94.0.4606.81 Safari/537.36"
154.78.91.115 - - [01/Nov/2021:09:06:20 +0000] "GET /v1/escrow/transaction HTTP/1.1" 404 3355 "-" "Mozilla/5.0 (Windows NT 6.1; Win64; x64) AppleWebKit/537.36 (KHTML, like Gecko) Chrome/94.0.4606.81 Safari/537.36"
154.78.91.115 - - [01/Nov/2021:09:06:21 +0000] "GET /assets/img/emoji.webp HTTP/1.1" 404 3355 "https://supamallescrow.com/v1/escrow/transaction" "Mozilla/5.0 (Windows NT 6.1; Win64; x64) AppleWebKit/537.36 (KHTML, like Gecko) Chrome/94.0.4606.81 Safari/537.36"
102.7.20.109 - - [01/Nov/2021:09:06:23 +0000] "GET /deliveries/show/250 HTTP/1.1" 200 6754 "https://supamallescrow.com/deliveries" "Mozilla/5.0 (Linux; Android 7.0; Infinix X559) AppleWebKit/537.36 (KHTML, like Gecko) Chrome/94.0.4606.85 Mobile Safari/537.36"
154.78.91.115 - - [01/Nov/2021:09:06:26 +0000] "GET / HTTP/1.1" 302 1492 "-" "Mozilla/5.0 (Windows NT 6.1; Win64; x64) AppleWebKit/537.36 (KHTML, like Gecko) Chrome/94.0.4606.81 Safari/537.36"
154.78.91.115 - - [01/Nov/2021:09:06:27 +0000] "GET /home HTTP/1.1" 302 1497 "-" "Mozilla/5.0 (Windows NT 6.1; Win64; x64) AppleWebKit/537.36 (KHTML, like Gecko) Chrome/94.0.4606.81 Safari/537.36"
154.78.91.115 - - [01/Nov/2021:09:06:27 +0000] "GET /login HTTP/1.1" 200 2862 "-" "Mozilla/5.0 (Windows NT 6.1; Win64; x64) AppleWebKit/537.36 (KHTML, like Gecko) Chrome/94.0.4606.81 Safari/537.36"
105.160.16.222 - - [01/Nov/2021:09:06:25 +0000] "POST /deliveries/acceptdelivery HTTP/1.1" 302 1522 "https://supamallescrow.com/deliveries/show/249" "Mozilla/5.0 (iPhone; CPU iPhone OS 15_0_1 like Mac OS X) AppleWebKit/605.1.15 (KHTML, like Gecko) Version/15.0 Mobile/15E148 Safari/604.1"
105.160.16.222 - - [01/Nov/2021:09:06:28 +0000] "GET /deliveries HTTP/1.1" 200 4971 "https://supamallescrow.com/deliveries/show/249" "Mozilla/5.0 (iPhone; CPU iPhone OS 15_0_1 like Mac OS X) AppleWebKit/605.1.15 (KHTML, like Gecko) Version/15.0 Mobile/15E148 Safari/604.1"
196.201.214.200 - - [01/Nov/2021:09:06:29 +0000] "POST /v1/escrow/b2c/result HTTP/1.1" 200 314 "-" "Apache-HttpClient/4.5.5 (Java/1.8.0_251)"
105.160.16.222 - - [01/Nov/2021:09:06:29 +0000] "GET /jquery-3.3.1.min.js HTTP/1.1" 404 3355 "https://supamallescrow.com/deliveries" "Mozilla/5.0 (iPhone; CPU iPhone OS 15_0_1 like Mac OS X) AppleWebKit/605.1.15 (KHTML, like Gecko) Version/15.0 Mobile/15E148 Safari/604.1"
105.160.16.222 - - [01/Nov/2021:09:06:29 +0000] "GET /dist/js/manInput.js HTTP/1.1" 404 3355 "https://supamallescrow.com/deliveries" "Mozilla/5.0 (iPhone; CPU iPhone OS 15_0_1 like Mac OS X) AppleWebKit/605.1.15 (KHTML, like Gecko) Version/15.0 Mobile/15E148 Safari/604.1"
102.7.20.109 - - [01/Nov/2021:09:06:34 +0000] "POST /deliveries/acceptdelivery HTTP/1.1" 302 1522 "https://supamallescrow.com/deliveries/show/250" "Mozilla/5.0 (Linux; Android 7.0; Infinix X559) AppleWebKit/537.36 (KHTML, like Gecko) Chrome/94.0.4606.85 Mobile Safari/537.36"
102.7.20.109 - - [01/Nov/2021:09:06:37 +0000] "GET /deliveries HTTP/1.1" 200 4971 "https://supamallescrow.com/deliveries/show/250" "Mozilla/5.0 (Linux; Android 7.0; Infinix X559) AppleWebKit/537.36 (KHTML, like Gecko) Chrome/94.0.4606.85 Mobile Safari/537.36"
196.201.212.138 - - [01/Nov/2021:09:06:37 +0000] "POST /v1/escrow/b2c/result HTTP/1.1" 200 314 "-" "Apache-HttpClient/4.5.5 (Java/1.8.0_251)"
41.90.229.58 - - [01/Nov/2021:09:08:52 +0000] "GET / HTTP/1.1" 302 1492 "https://www.google.com/" "Mozilla/5.0 (Linux; Android 9; TECNO KC6) AppleWebKit/537.36 (KHTML, like Gecko) Chrome/95.0.4638.50 Mobile Safari/537.36"
41.90.229.58 - - [01/Nov/2021:09:08:54 +0000] "GET /home HTTP/1.1" 302 1497 "https://www.google.com/" "Mozilla/5.0 (Linux; Android 9; TECNO KC6) AppleWebKit/537.36 (KHTML, like Gecko) Chrome/95.0.4638.50 Mobile Safari/537.36"
41.90.229.58 - - [01/Nov/2021:09:08:55 +0000] "GET /login HTTP/1.1" 200 2868 "https://www.google.com/" "Mozilla/5.0 (Linux; Android 9; TECNO KC6) AppleWebKit/537.36 (KHTML, like Gecko) Chrome/95.0.4638.50 Mobile Safari/537.36"
41.90.229.58 - - [01/Nov/2021:09:09:13 +0000] "GET /register HTTP/1.1" 200 3553 "https://supamallescrow.com/login" "Mozilla/5.0 (Linux; Android 9; TECNO KC6) AppleWebKit/537.36 (KHTML, like Gecko) Chrome/95.0.4638.50 Mobile Safari/537.36"
41.90.229.58 - - [01/Nov/2021:09:10:07 +0000] "GET /login_assets/webfonts/fa-solid-900.woff2 HTTP/1.1" 200 74528 "https://supamallescrow.com/login_assets/css/fontawesome-all.min.css" "Mozilla/5.0 (Linux; Android 9; TECNO KC6) AppleWebKit/537.36 (KHTML, like Gecko) Chrome/95.0.4638.50 Mobile Safari/537.36"
41.90.229.58 - - [01/Nov/2021:09:10:08 +0000] "POST /register HTTP/1.1" 302 1512 "https://supamallescrow.com/register" "Mozilla/5.0 (Linux; Android 9; TECNO KC6) AppleWebKit/537.36 (KHTML, like Gecko) Chrome/95.0.4638.50 Mobile Safari/537.36"
41.90.229.58 - - [01/Nov/2021:09:10:09 +0000] "GET /register HTTP/1.1" 200 3652 "https://supamallescrow.com/register" "Mozilla/5.0 (Linux; Android 9; TECNO KC6) AppleWebKit/537.36 (KHTML, like Gecko) Chrome/95.0.4638.50 Mobile Safari/537.36"
41.90.229.58 - - [01/Nov/2021:09:10:37 +0000] "POST /register HTTP/1.1" 302 1512 "https://supamallescrow.com/register" "Mozilla/5.0 (Linux; Android 9; TECNO KC6) AppleWebKit/537.36 (KHTML, like Gecko) Chrome/95.0.4638.50 Mobile Safari/537.36"
41.90.229.58 - - [01/Nov/2021:09:10:37 +0000] "GET /register HTTP/1.1" 200 3652 "https://supamallescrow.com/register" "Mozilla/5.0 (Linux; Android 9; TECNO KC6) AppleWebKit/537.36 (KHTML, like Gecko) Chrome/95.0.4638.50 Mobile Safari/537.36"
41.90.229.58 - - [01/Nov/2021:09:11:09 +0000] "GET /terms%20and%20faqs/js/vendor/modernizr-2.8.3.min.js HTTP/1.1" 404 3355 "https://supamallescrow.com/terms%20and%20faqs/terms.html" "Mozilla/5.0 (Linux; Android 9; TECNO KC6) AppleWebKit/537.36 (KHTML, like Gecko) Chrome/95.0.4638.50 Mobile Safari/537.36"
41.90.229.58 - - [01/Nov/2021:09:11:10 +0000] "GET /terms%20and%20faqs/js/vendor/jquery-1.12.4.min.js HTTP/1.1" 404 3355 "https://supamallescrow.com/terms%20and%20faqs/terms.html" "Mozilla/5.0 (Linux; Android 9; TECNO KC6) AppleWebKit/537.36 (KHTML, like Gecko) Chrome/95.0.4638.50 Mobile Safari/537.36"
41.90.229.58 - - [01/Nov/2021:09:11:41 +0000] "POST /register HTTP/1.1" 302 1512 "https://supamallescrow.com/register" "Mozilla/5.0 (Linux; Android 9; TECNO KC6) AppleWebKit/537.36 (KHTML, like Gecko) Chrome/95.0.4638.50 Mobile Safari/537.36"
41.90.229.58 - - [01/Nov/2021:09:11:41 +0000] "GET /register HTTP/1.1" 200 3652 "https://supamallescrow.com/register" "Mozilla/5.0 (Linux; Android 9; TECNO KC6) AppleWebKit/537.36 (KHTML, like Gecko) Chrome/95.0.4638.50 Mobile Safari/537.36"
41.90.229.58 - - [01/Nov/2021:09:12:14 +0000] "POST /register HTTP/1.1" 302 1512 "https://supamallescrow.com/register" "Mozilla/5.0 (Linux; Android 9; TECNO KC6) AppleWebKit/537.36 (KHTML, like Gecko) Chrome/95.0.4638.50 Mobile Safari/537.36"
41.90.229.58 - - [01/Nov/2021:09:12:14 +0000] "GET /register HTTP/1.1" 200 3652 "https://supamallescrow.com/register" "Mozilla/5.0 (Linux; Android 9; TECNO KC6) AppleWebKit/537.36 (KHTML, like Gecko) Chrome/95.0.4638.50 Mobile Safari/537.36"
41.90.229.58 - - [01/Nov/2021:09:13:00 +0000] "POST /register HTTP/1.1" 302 1492 "https://supamallescrow.com/register" "Mozilla/5.0 (Linux; Android 9; TECNO KC6) AppleWebKit/537.36 (KHTML, like Gecko) Chrome/95.0.4638.50 Mobile Safari/537.36"
41.90.229.58 - - [01/Nov/2021:09:13:01 +0000] "GET /home HTTP/1.1" 200 8365 "https://supamallescrow.com/register" "Mozilla/5.0 (Linux; Android 9; TECNO KC6) AppleWebKit/537.36 (KHTML, like Gecko) Chrome/95.0.4638.50 Mobile Safari/537.36"
41.90.229.58 - - [01/Nov/2021:09:13:01 +0000] "GET /jquery-3.3.1.min.js HTTP/1.1" 404 3355 "https://supamallescrow.com/home" "Mozilla/5.0 (Linux; Android 9; TECNO KC6) AppleWebKit/537.36 (KHTML, like Gecko) Chrome/95.0.4638.50 Mobile Safari/537.36"
41.90.229.58 - - [01/Nov/2021:09:13:01 +0000] "GET /dist/js/manInput.js HTTP/1.1" 404 3355 "https://supamallescrow.com/home" "Mozilla/5.0 (Linux; Android 9; TECNO KC6) AppleWebKit/537.36 (KHTML, like Gecko) Chrome/95.0.4638.50 Mobile Safari/537.36"
41.90.229.58 - - [01/Nov/2021:09:13:02 +0000] "GET /plugins/fontawesome-free/webfonts/fa-regular-400.woff2 HTTP/1.1" 200 13791 "https://supamallescrow.com/plugins/fontawesome-free/css/all.min.css" "Mozilla/5.0 (Linux; Android 9; TECNO KC6) AppleWebKit/537.36 (KHTML, like Gecko) Chrome/95.0.4638.50 Mobile Safari/537.36"
41.90.229.58 - - [01/Nov/2021:09:13:02 +0000] "GET /plugins/fontawesome-free/webfonts/fa-solid-900.woff2 HTTP/1.1" 200 79652 "https://supamallescrow.com/plugins/fontawesome-free/css/all.min.css" "Mozilla/5.0 (Linux; Android 9; TECNO KC6) AppleWebKit/537.36 (KHTML, like Gecko) Chrome/95.0.4638.50 Mobile Safari/537.36"
41.90.229.58 - - [01/Nov/2021:09:13:03 +0000] "GET /dist/js/manInput.js HTTP/1.1" 404 3355 "https://supamallescrow.com/home" "Mozilla/5.0 (Linux; Android 9; TECNO KC6) AppleWebKit/537.36 (KHTML, like Gecko) Chrome/95.0.4638.50 Mobile Safari/537.36"
41.90.229.58 - - [01/Nov/2021:09:13:12 +0000] "GET /transactions HTTP/1.1" 200 5130 "https://supamallescrow.com/home" "Mozilla/5.0 (Linux; Android 9; TECNO KC6) AppleWebKit/537.36 (KHTML, like Gecko) Chrome/95.0.4638.50 Mobile Safari/537.36"
41.90.229.58 - - [01/Nov/2021:09:13:24 +0000] "GET /transactions HTTP/1.1" 200 5130 "https://supamallescrow.com/transactions" "Mozilla/5.0 (Linux; Android 9; TECNO KC6) AppleWebKit/537.36 (KHTML, like Gecko) Chrome/95.0.4638.50 Mobile Safari/537.36"
41.90.229.58 - - [01/Nov/2021:09:13:27 +0000] "GET /transactions/create HTTP/1.1" 200 70145 "https://supamallescrow.com/transactions" "Mozilla/5.0 (Linux; Android 9; TECNO KC6) AppleWebKit/537.36 (KHTML, like Gecko) Chrome/95.0.4638.50 Mobile Safari/537.36"
41.90.229.58 - - [01/Nov/2021:09:13:31 +0000] "GET /buyer/search HTTP/1.1" 200 52008 "https://supamallescrow.com/transactions/create" "Mozilla/5.0 (Linux; Android 9; TECNO KC6) AppleWebKit/537.36 (KHTML, like Gecko) Chrome/95.0.4638.50 Mobile Safari/537.36"
41.90.229.58 - - [01/Nov/2021:09:15:17 +0000] "POST /transactions/store HTTP/1.1" 302 1532 "https://supamallescrow.com/transactions/create" "Mozilla/5.0 (Linux; Android 9; TECNO KC6) AppleWebKit/537.36 (KHTML, like Gecko) Chrome/95.0.4638.50 Mobile Safari/537.36"
41.90.229.58 - - [01/Nov/2021:09:15:17 +0000] "GET /transactions HTTP/1.1" 200 5413 "https://supamallescrow.com/transactions/create" "Mozilla/5.0 (Linux; Android 9; TECNO KC6) AppleWebKit/537.36 (KHTML, like Gecko) Chrome/95.0.4638.50 Mobile Safari/537.36"
154.159.252.49 - - [01/Nov/2021:09:15:47 +0000] "GET /transactions HTTP/1.1" 200 5295 "-" "Mozilla/5.0 (Linux; Android 10; TECNO KD6) AppleWebKit/537.36 (KHTML, like Gecko) Chrome/95.0.4638.50 Mobile Safari/537.36"
154.159.252.49 - - [01/Nov/2021:09:15:48 +0000] "GET /jquery-3.3.1.min.js HTTP/1.1" 404 3355 "https://supamallescrow.com/transactions" "Mozilla/5.0 (Linux; Android 10; TECNO KD6) AppleWebKit/537.36 (KHTML, like Gecko) Chrome/95.0.4638.50 Mobile Safari/537.36"
154.159.252.49 - - [01/Nov/2021:09:15:48 +0000] "GET /dist/js/manInput.js HTTP/1.1" 404 3355 "https://supamallescrow.com/transactions" "Mozilla/5.0 (Linux; Android 10; TECNO KD6) AppleWebKit/537.36 (KHTML, like Gecko) Chrome/95.0.4638.50 Mobile Safari/537.36"
