154.159.252.49 - - [01/Nov/2021:09:16:03 +0000] "GET /transactions/show/251 HTTP/1.1" 200 6546 "https://supamallescrow.com/transactions" "Mozilla/5.0 (Linux; Android 10; TECNO KD6) AppleWebKit/537.36 (KHTML, like Gecko) Chrome/95.0.4638.50 Mobile Safari/537.36"
154.159.252.49 - - [01/Nov/2021:09:16:37 +0000] "POST /transactions/payment HTTP/1.1" 302 1492 "https://supamallescrow.com/transactions/show/251" "Mozilla/5.0 (Linux; Android 10; TECNO KD6) AppleWebKit/537.36 (KHTML, like Gecko) Chrome/95.0.4638.50 Mobile Safari/537.36"
154.159.252.49 - - [01/Nov/2021:09:16:40 +0000] "GET /home HTTP/1.1" 200 8350 "https://supamallescrow.com/transactions/show/251" "Mozilla/5.0 (Linux; Android 10; TECNO KD6) AppleWebKit/537.36 (KHTML, like Gecko) Chrome/95.0.4638.50 Mobile Safari/537.36"
196.201.213.114 - - [01/Nov/2021:09:16:48 +0000] "POST /v1/escrow/transaction/confirmation HTTP/1.1" 200 231 "-" "Apache-HttpClient/4.5.5 (Java/1.8.0_251)"
196.201.212.136 - - [01/Nov/2021:09:16:48 +0000] "POST /v1/escrow/transaction/confirmation HTTP/1.1" 200 283 "-" "Apache-HttpClient/4.5.2 (Java/1.8.0_181)"
154.159.252.49 - - [01/Nov/2021:09:17:06 +0000] "GET /deliveries HTTP/1.1" 200 5049 "https://supamallescrow.com/home" "Mozilla/5.0 (Linux; Android 10; TECNO KD6) AppleWebKit/537.36 (KHTML, like Gecko) Chrome/95.0.4638.50 Mobile Safari/537.36"
154.159.252.49 - - [01/Nov/2021:09:17:19 +0000] "GET /deliveries/show/251 HTTP/1.1" 200 6738 "https://supamallescrow.com/deliveries" "Mozilla/5.0 (Linux; Android 10; TECNO KD6) AppleWebKit/537.36 (KHTML, like Gecko) Chrome/95.0.4638.50 Mobile Safari/537.36"
154.159.252.49 - - [01/Nov/2021:09:17:35 +0000] "POST /deliveries/acceptdelivery HTTP/1.1" 302 1522 "https://supamallescrow.com/deliveries/show/251" "Mozilla/5.0 (Linux; Android 10; TECNO KD6) AppleWebKit/537.36 (KHTML, like Gecko) Chrome/95.0.4638.50 Mobile Safari/537.36"
154.159.252.49 - - [01/Nov/2021:09:17:38 +0000] "GET /deliveries HTTP/1.1" 200 5070 "https://supamallescrow.com/deliveries/show/251" "Mozilla/5.0 (Linux; Android 10; TECNO KD6) AppleWebKit/537.36 (KHTML, like Gecko) Chrome/95.0.4638.50 Mobile Safari/537.36"
196.201.214.208 - - [01/Nov/2021:09:17:38 +0000] "POST /v1/escrow/b2c/result HTTP/1.1" 200 314 "-" "Apache-HttpClient/4.5.5 (Java/1.8.0_251)"
197.232.7.53 - - [01/Nov/2021:09:22:06 +0000] "GET /register HTTP/1.1" 200 3551 "https://www.google.com/" "Mozilla/5.0 (Linux; Android 11; SM-A115F) AppleWebKit/537.36 (KHTML, like Gecko) Chrome/94.0.4606.85 Mobile Safari/537.36"
197.232.7.53 - - [01/Nov/2021:09:23:12 +0000] "GET /register HTTP/1.1" 200 3551 "-" "Mozilla/5.0 (Linux; Android 11; SM-A115F) AppleWebKit/537.36 (KHTML, like Gecko) Chrome/94.0.4606.85 Mobile Safari/537.36"
197.232.7.53 - - [01/Nov/2021:09:24:10 +0000] "GET /login_assets/webfonts/fa-solid-900.woff2 HTTP/1.1" 200 74528 "https://supamallescrow.com/login_assets/css/fontawesome-all.min.css" "Mozilla/5.0 (Linux; Android 11; SM-A115F) AppleWebKit/537.36 (KHTML, like Gecko) Chrome/94.0.4606.85 Mobile Safari/537.36"
197.232.7.53 - - [01/Nov/2021:09:24:10 +0000] "POST /register HTTP/1.1" 302 1492 "https://supamallescrow.com/register" "Mozilla/5.0 (Linux; Android 11; SM-A115F) AppleWebKit/537.36 (KHTML, like Gecko) Chrome/94.0.4606.85 Mobile Safari/537.36"
197.232.7.53 - - [01/Nov/2021:09:24:15 +0000] "GET /home HTTP/1.1" 200 8365 "https://supamallescrow.com/register" "Mozilla/5.0 (Linux; Android 11; SM-A115F) AppleWebKit/537.36 (KHTML, like Gecko) Chrome/94.0.4606.85 Mobile Safari/537.36"
197.232.7.53 - - [01/Nov/2021:09:24:16 +0000] "GET /jquery-3.3.1.min.js HTTP/1.1" 404 3355 "https://supamallescrow.com/home" "Mozilla/5.0 (Linux; Android 11; SM-A115F) AppleWebKit/537.36 (KHTML, like Gecko) Chrome/94.0.4606.85 Mobile Safari/537.36"
197.232.7.53 - - [01/Nov/2021:09:24:16 +0000] "GET /dist/js/manInput.js HTTP/1.1" 404 3355 "https://supamallescrow.com/home" "Mozilla/5.0 (Linux; Android 11; SM-A115F) AppleWebKit/537.36 (KHTML, like Gecko) Chrome/94.0.4606.85 Mobile Safari/537.36"
197.232.7.53 - - [01/Nov/2021:09:24:54 +0000] "GET /plugins/fontawesome-free/webfonts/fa-solid-900.woff2 HTTP/1.1" 200 79652 "https://supamallescrow.com/plugins/fontawesome-free/css/all.min.css" "Mozilla/5.0 (Linux; Android 11; SM-A115F) AppleWebKit/537.36 (KHTML, like Gecko) Chrome/94.0.4606.85 Mobile Safari/537.36"
197.232.7.53 - - [01/Nov/2021:09:24:54 +0000] "GET /plugins/fontawesome-free/webfonts/fa-regular-400.woff2 HTTP/1.1" 200 13791 "https://supamallescrow.com/plugins/fontawesome-free/css/all.min.css" "Mozilla/5.0 (Linux; Android 11; SM-A115F) AppleWebKit/537.36 (KHTML, like Gecko) Chrome/94.0.4606.85 Mobile Safari/537.36"
197.232.7.53 - - [01/Nov/2021:09:25:31 +0000] "GET /plugins/fontawesome-free/webfonts/fa-solid-900.woff HTTP/1.1" 200 103546 "https://supamallescrow.com/plugins/fontawesome-free/css/all.min.css" "Mozilla/5.0 (Linux; Android 11; SM-A115F) AppleWebKit/537.36 (KHTML, like Gecko) Chrome/94.0.4606.85 Mobile Safari/537.36"
197.232.7.53 - - [01/Nov/2021:09:25:31 +0000] "GET /dist/js/manInput.js HTTP/1.1" 404 3355 "https://supamallescrow.com/home" "Mozilla/5.0 (Linux; Android 11; SM-A115F) AppleWebKit/537.36 (KHTML, like Gecko) Chrome/94.0.4606.85 Mobile Safari/537.36"
197.232.7.53 - - [01/Nov/2021:09:25:44 +0000] "GET /home HTTP/1.1" 200 8365 "https://supamallescrow.com/home" "Mozilla/5.0 (Linux; Android 11; SM-A115F) AppleWebKit/537.36 (KHTML, like Gecko) Chrome/94.0.4606.85 Mobile Safari/537.36"
197.232.7.53 - - [01/Nov/2021:09:25:46 +0000] "GET /plugins/fontawesome-free/webfonts/fa-solid-900.woff2 HTTP/1.1" 206 258 "https://supamallescrow.com/plugins/fontawesome-free/css/all.min.css" "Mozilla/5.0 (Linux; Android 11; SM-A115F) AppleWebKit/537.36 (KHTML, like Gecko) Chrome/94.0.4606.85 Mobile Safari/537.36"
197.232.7.53 - - [01/Nov/2021:09:25:47 +0000] "GET /plugins/fontawesome-free/webfonts/fa-solid-900.woff2 HTTP/1.1" 206 47187 "https://supamallescrow.com/plugins/fontawesome-free/css/all.min.css" "Mozilla/5.0 (Linux; Android 11; SM-A115F) AppleWebKit/537.36 (KHTML, like Gecko) Chrome/94.0.4606.85 Mobile Safari/537.36"
197.232.7.53 - - [01/Nov/2021:09:25:55 +0000] "GET /transactions HTTP/1.1" 200 5130 "https://supamallescrow.com/home" "Mozilla/5.0 (Linux; Android 11; SM-A115F) AppleWebKit/537.36 (KHTML, like Gecko) Chrome/94.0.4606.85 Mobile Safari/537.36"
197.232.7.53 - - [01/Nov/2021:09:26:00 +0000] "GET /transactions/create HTTP/1.1" 200 70178 "https://supamallescrow.com/transactions" "Mozilla/5.0 (Linux; Android 11; SM-A115F) AppleWebKit/537.36 (KHTML, like Gecko) Chrome/94.0.4606.85 Mobile Safari/537.36"
197.232.7.53 - - [01/Nov/2021:09:26:14 +0000] "GET /buyer/search HTTP/1.1" 200 52364 "https://supamallescrow.com/transactions/create" "Mozilla/5.0 (Linux; Android 11; SM-A115F) AppleWebKit/537.36 (KHTML, like Gecko) Chrome/94.0.4606.85 Mobile Safari/537.36"
102.7.20.109 - - [01/Nov/2021:09:28:47 +0000] "GET /home HTTP/1.1" 200 8345 "https://supamallescrow.com/deliveries" "Mozilla/5.0 (Linux; Android 7.0; Infinix X559) AppleWebKit/537.36 (KHTML, like Gecko) Chrome/94.0.4606.85 Mobile Safari/537.36"
102.7.20.109 - - [01/Nov/2021:09:28:54 +0000] "GET /jquery-3.3.1.min.js HTTP/1.1" 404 3355 "https://supamallescrow.com/home" "Mozilla/5.0 (Linux; Android 7.0; Infinix X559) AppleWebKit/537.36 (KHTML, like Gecko) Chrome/94.0.4606.85 Mobile Safari/537.36"
102.7.20.109 - - [01/Nov/2021:09:28:54 +0000] "GET /dist/js/manInput.js HTTP/1.1" 404 3355 "https://supamallescrow.com/home" "Mozilla/5.0 (Linux; Android 7.0; Infinix X559) AppleWebKit/537.36 (KHTML, like Gecko) Chrome/94.0.4606.85 Mobile Safari/537.36"
102.7.20.109 - - [01/Nov/2021:09:28:56 +0000] "GET /jquery-3.3.1.min.js HTTP/1.1" 404 3355 "https://supamallescrow.com/home" "Mozilla/5.0 (Linux; Android 7.0; Infinix X559) AppleWebKit/537.36 (KHTML, like Gecko) Chrome/94.0.4606.85 Mobile Safari/537.36"
102.7.20.109 - - [01/Nov/2021:09:28:58 +0000] "GET /dist/js/manInput.js HTTP/1.1" 404 3355 "https://supamallescrow.com/home" "Mozilla/5.0 (Linux; Android 7.0; Infinix X559) AppleWebKit/537.36 (KHTML, like Gecko) Chrome/94.0.4606.85 Mobile Safari/537.36"
196.216.71.163 - - [01/Nov/2021:09:32:44 +0000] "GET / HTTP/1.1" 302 1492 "https://www.google.com/" "Mozilla/5.0 (Linux; Android 10; STK-L21) AppleWebKit/537.36 (KHTML, like Gecko) Chrome/94.0.4606.85 Mobile Safari/537.36"
196.216.71.163 - - [01/Nov/2021:09:32:45 +0000] "GET /home HTTP/1.1" 302 1497 "https://www.google.com/" "Mozilla/5.0 (Linux; Android 10; STK-L21) AppleWebKit/537.36 (KHTML, like Gecko) Chrome/94.0.4606.85 Mobile Safari/537.36"
196.216.71.163 - - [01/Nov/2021:09:32:50 +0000] "GET /login HTTP/1.1" 200 2860 "https://www.google.com/" "Mozilla/5.0 (Linux; Android 10; STK-L21) AppleWebKit/537.36 (KHTML, like Gecko) Chrome/94.0.4606.85 Mobile Safari/537.36"
105.160.73.86 - - [01/Nov/2021:09:32:55 +0000] "POST /transactions/store HTTP/1.1" 302 1532 "https://supamallescrow.com/transactions/create" "Mozilla/5.0 (Linux; Android 11; SM-A115F) AppleWebKit/537.36 (KHTML, like Gecko) Chrome/94.0.4606.85 Mobile Safari/537.36"
105.160.73.86 - - [01/Nov/2021:09:32:56 +0000] "GET /transactions HTTP/1.1" 200 5412 "https://supamallescrow.com/transactions/create" "Mozilla/5.0 (Linux; Android 11; SM-A115F) AppleWebKit/537.36 (KHTML, like Gecko) Chrome/94.0.4606.85 Mobile Safari/537.36"
105.160.73.86 - - [01/Nov/2021:09:33:02 +0000] "GET /transactions HTTP/1.1" 200 5375 "https://supamallescrow.com/transactions" "Mozilla/5.0 (Linux; Android 11; SM-A115F) AppleWebKit/537.36 (KHTML, like Gecko) Chrome/94.0.4606.85 Mobile Safari/537.36"
102.7.20.109 - - [01/Nov/2021:09:33:18 +0000] "GET /transactions HTTP/1.1" 200 5452 "https://supamallescrow.com/home" "Mozilla/5.0 (Linux; Android 7.0; Infinix X559) AppleWebKit/537.36 (KHTML, like Gecko) Chrome/94.0.4606.85 Mobile Safari/537.36"
196.216.71.163 - - [01/Nov/2021:09:33:24 +0000] "GET /register HTTP/1.1" 200 3550 "https://supamallescrow.com/login" "Mozilla/5.0 (Linux; Android 10; STK-L21) AppleWebKit/537.36 (KHTML, like Gecko) Chrome/94.0.4606.85 Mobile Safari/537.36"
102.7.20.109 - - [01/Nov/2021:09:33:27 +0000] "GET /transactions/show/252 HTTP/1.1" 200 6556 "https://supamallescrow.com/transactions" "Mozilla/5.0 (Linux; Android 7.0; Infinix X559) AppleWebKit/537.36 (KHTML, like Gecko) Chrome/94.0.4606.85 Mobile Safari/537.36"
196.216.71.163 - - [01/Nov/2021:09:34:13 +0000] "GET /login_assets/webfonts/fa-solid-900.woff2 HTTP/1.1" 200 74528 "https://supamallescrow.com/login_assets/css/fontawesome-all.min.css" "Mozilla/5.0 (Linux; Android 10; STK-L21) AppleWebKit/537.36 (KHTML, like Gecko) Chrome/94.0.4606.85 Mobile Safari/537.36"
102.7.20.109 - - [01/Nov/2021:09:34:14 +0000] "POST /transactions/payment HTTP/1.1" 302 1492 "https://supamallescrow.com/transactions/show/252" "Mozilla/5.0 (Linux; Android 7.0; Infinix X559) AppleWebKit/537.36 (KHTML, like Gecko) Chrome/94.0.4606.85 Mobile Safari/537.36"
196.216.71.163 - - [01/Nov/2021:09:34:17 +0000] "POST /register HTTP/1.1" 302 1492 "https://supamallescrow.com/register" "Mozilla/5.0 (Linux; Android 10; STK-L21) AppleWebKit/537.36 (KHTML, like Gecko) Chrome/94.0.4606.85 Mobile Safari/537.36"
102.7.20.109 - - [01/Nov/2021:09:34:17 +0000] "GET /home HTTP/1.1" 200 8345 "https://supamallescrow.com/transactions/show/252" "Mozilla/5.0 (Linux; Android 7.0; Infinix X559) AppleWebKit/537.36 (KHTML, like Gecko) Chrome/94.0.4606.85 Mobile Safari/537.36"
196.216.71.163 - - [01/Nov/2021:09:34:17 +0000] "GET /home HTTP/1.1" 200 8359 "https://supamallescrow.com/register" "Mozilla/5.0 (Linux; Android 10; STK-L21) AppleWebKit/537.36 (KHTML, like Gecko) Chrome/94.0.4606.85 Mobile Safari/537.36"
196.216.71.163 - - [01/Nov/2021:09:34:19 +0000] "GET /dist/js/manInput.js HTTP/1.1" 404 3355 "https://supamallescrow.com/home" "Mozilla/5.0 (Linux; Android 10; STK-L21) AppleWebKit/537.36 (KHTML, like Gecko) Chrome/94.0.4606.85 Mobile Safari/537.36"
196.216.71.163 - - [01/Nov/2021:09:34:19 +0000] "GET /jquery-3.3.1.min.js HTTP/1.1" 404 3355 "https://supamallescrow.com/home" "Mozilla/5.0 (Linux; Android 10; STK-L21) AppleWebKit/537.36 (KHTML, like Gecko) Chrome/94.0.4606.85 Mobile Safari/537.36"
196.216.71.163 - - [01/Nov/2021:09:34:37 +0000] "GET /plugins/fontawesome-free/webfonts/fa-solid-900.woff2 HTTP/1.1" 200 79652 "https://supamallescrow.com/plugins/fontawesome-free/css/all.min.css" "Mozilla/5.0 (Linux; Android 10; STK-L21) AppleWebKit/537.36 (KHTML, like Gecko) Chrome/94.0.4606.85 Mobile Safari/537.36"
196.216.71.163 - - [01/Nov/2021:09:34:37 +0000] "GET /plugins/fontawesome-free/webfonts/fa-regular-400.woff2 HTTP/1.1" 200 13791 "https://supamallescrow.com/plugins/fontawesome-free/css/all.min.css" "Mozilla/5.0 (Linux; Android 10; STK-L21) AppleWebKit/537.36 (KHTML, like Gecko) Chrome/94.0.4606.85 Mobile Safari/537.36"
196.216.71.163 - - [01/Nov/2021:09:34:37 +0000] "GET /dist/js/manInput.js HTTP/1.1" 404 3355 "https://supamallescrow.com/home" "Mozilla/5.0 (Linux; Android 10; STK-L21) AppleWebKit/537.36 (KHTML, like Gecko) Chrome/94.0.4606.85 Mobile Safari/537.36"
196.201.212.136 - - [01/Nov/2021:09:34:41 +0000] "POST /v1/escrow/transaction/confirmation HTTP/1.1" 200 231 "-" "Apache-HttpClient/4.5.5 (Java/1.8.0_251)"
196.201.214.206 - - [01/Nov/2021:09:34:46 +0000] "POST /v1/escrow/transaction/confirmation HTTP/1.1" 200 283 "-" "Apache-HttpClient/4.5.2 (Java/1.8.0_181)"
196.216.71.163 - - [01/Nov/2021:09:35:11 +0000] "GET /transactions HTTP/1.1" 200 5128 "https://supamallescrow.com/home" "Mozilla/5.0 (Linux; Android 10; STK-L21) AppleWebKit/537.36 (KHTML, like Gecko) Chrome/94.0.4606.85 Mobile Safari/537.36"
196.216.71.163 - - [01/Nov/2021:09:35:18 +0000] "GET /transactions/create HTTP/1.1" 200 70205 "https://supamallescrow.com/transactions" "Mozilla/5.0 (Linux; Android 10; STK-L21) AppleWebKit/537.36 (KHTML, like Gecko) Chrome/94.0.4606.85 Mobile Safari/537.36"
102.7.20.109 - - [01/Nov/2021:09:35:21 +0000] "GET /deliveries/rejections HTTP/1.1" 200 4953 "https://supamallescrow.com/home" "Mozilla/5.0 (Linux; Android 7.0; Infinix X559) AppleWebKit/537.36 (KHTML, like Gecko) Chrome/94.0.4606.85 Mobile Safari/537.36"
196.216.71.163 - - [01/Nov/2021:09:35:22 +0000] "GET /buyer/search HTTP/1.1" 200 52724 "https://supamallescrow.com/transactions/create" "Mozilla/5.0 (Linux; Android 10; STK-L21) AppleWebKit/537.36 (KHTML, like Gecko) Chrome/94.0.4606.85 Mobile Safari/537.36"
102.7.20.109 - - [01/Nov/2021:09:35:34 +0000] "GET /deliveries HTTP/1.1" 200 5008 "https://supamallescrow.com/deliveries/rejections" "Mozilla/5.0 (Linux; Android 7.0; Infinix X559) AppleWebKit/537.36 (KHTML, like Gecko) Chrome/94.0.4606.85 Mobile Safari/537.36"
102.7.20.109 - - [01/Nov/2021:09:35:42 +0000] "GET /deliveries/show/252 HTTP/1.1" 200 6748 "https://supamallescrow.com/deliveries" "Mozilla/5.0 (Linux; Android 7.0; Infinix X559) AppleWebKit/537.36 (KHTML, like Gecko) Chrome/94.0.4606.85 Mobile Safari/537.36"
197.156.134.38 - - [01/Nov/2021:09:35:52 +0000] "GET /register HTTP/1.1" 200 3549 "https://www.google.com/" "Mozilla/5.0 (Linux; Android 7.0; TECNO K7) AppleWebKit/537.36 (KHTML, like Gecko) Chrome/95.0.4638.50 Mobile Safari/537.36"
102.7.20.109 - - [01/Nov/2021:09:36:00 +0000] "POST /deliveries/acceptdelivery HTTP/1.1" 302 1522 "https://supamallescrow.com/deliveries/show/252" "Mozilla/5.0 (Linux; Android 7.0; Infinix X559) AppleWebKit/537.36 (KHTML, like Gecko) Chrome/94.0.4606.85 Mobile Safari/537.36"
102.7.20.109 - - [01/Nov/2021:09:36:03 +0000] "GET /deliveries HTTP/1.1" 200 4971 "https://supamallescrow.com/deliveries/show/252" "Mozilla/5.0 (Linux; Android 7.0; Infinix X559) AppleWebKit/537.36 (KHTML, like Gecko) Chrome/94.0.4606.85 Mobile Safari/537.36"
196.201.212.127 - - [01/Nov/2021:09:36:03 +0000] "POST /v1/escrow/b2c/result HTTP/1.1" 200 314 "-" "Apache-HttpClient/4.5.5 (Java/1.8.0_251)"
197.232.5.8 - - [01/Nov/2021:09:36:50 +0000] "GET / HTTP/1.1" 302 1492 "https://supamallescrow.com/password/reset" "Mozilla/5.0 (Windows NT 10.0; Win64; x64) AppleWebKit/537.36 (KHTML, like Gecko) Chrome/95.0.4638.54 Safari/537.36 Edg/95.0.1020.40"
197.232.5.8 - - [01/Nov/2021:09:36:50 +0000] "GET /home HTTP/1.1" 302 1497 "https://supamallescrow.com/password/reset" "Mozilla/5.0 (Windows NT 10.0; Win64; x64) AppleWebKit/537.36 (KHTML, like Gecko) Chrome/95.0.4638.54 Safari/537.36 Edg/95.0.1020.40"
197.232.5.8 - - [01/Nov/2021:09:36:50 +0000] "GET /login HTTP/1.1" 200 2863 "https://supamallescrow.com/password/reset" "Mozilla/5.0 (Windows NT 10.0; Win64; x64) AppleWebKit/537.36 (KHTML, like Gecko) Chrome/95.0.4638.54 Safari/537.36 Edg/95.0.1020.40"
197.232.5.8 - - [01/Nov/2021:09:37:00 +0000] "POST /login HTTP/1.1" 302 1492 "https://supamallescrow.com/login" "Mozilla/5.0 (Windows NT 10.0; Win64; x64) AppleWebKit/537.36 (KHTML, like Gecko) Chrome/95.0.4638.54 Safari/537.36 Edg/95.0.1020.40"
197.232.5.8 - - [01/Nov/2021:09:37:00 +0000] "GET /home HTTP/1.1" 302 1532 "https://supamallescrow.com/login" "Mozilla/5.0 (Windows NT 10.0; Win64; x64) AppleWebKit/537.36 (KHTML, like Gecko) Chrome/95.0.4638.54 Safari/537.36 Edg/95.0.1020.40"
197.232.5.8 - - [01/Nov/2021:09:37:00 +0000] "GET /transactions HTTP/1.1" 200 6941 "https://supamallescrow.com/login" "Mozilla/5.0 (Windows NT 10.0; Win64; x64) AppleWebKit/537.36 (KHTML, like Gecko) Chrome/95.0.4638.54 Safari/537.36 Edg/95.0.1020.40"
197.232.5.8 - - [01/Nov/2021:09:37:00 +0000] "GET /jquery-3.3.1.min.js HTTP/1.1" 404 3355 "https://supamallescrow.com/transactions" "Mozilla/5.0 (Windows NT 10.0; Win64; x64) AppleWebKit/537.36 (KHTML, like Gecko) Chrome/95.0.4638.54 Safari/537.36 Edg/95.0.1020.40"
197.232.5.8 - - [01/Nov/2021:09:37:00 +0000] "GET /dist/js/manInput.js HTTP/1.1" 404 3355 "https://supamallescrow.com/transactions" "Mozilla/5.0 (Windows NT 10.0; Win64; x64) AppleWebKit/537.36 (KHTML, like Gecko) Chrome/95.0.4638.54 Safari/537.36 Edg/95.0.1020.40"
197.232.5.8 - - [01/Nov/2021:09:37:23 +0000] "GET /payments HTTP/1.1" 200 5674 "https://supamallescrow.com/transactions" "Mozilla/5.0 (Windows NT 10.0; Win64; x64) AppleWebKit/537.36 (KHTML, like Gecko) Chrome/95.0.4638.54 Safari/537.36 Edg/95.0.1020.40"
197.156.134.38 - - [01/Nov/2021:09:37:28 +0000] "GET /register HTTP/1.1" 200 3549 "https://www.google.com/" "Mozilla/5.0 (Linux; Android 7.0; TECNO K7) AppleWebKit/537.36 (KHTML, like Gecko) Chrome/95.0.4638.50 Mobile Safari/537.36"
105.160.73.86 - - [01/Nov/2021:09:38:05 +0000] "GET /transactions/create HTTP/1.1" 200 70207 "https://supamallescrow.com/transactions" "Mozilla/5.0 (Linux; Android 11; SM-A115F) AppleWebKit/537.36 (KHTML, like Gecko) Chrome/94.0.4606.85 Mobile Safari/537.36"
197.155.95.5 - - [01/Nov/2021:09:39:52 +0000] "GET /register HTTP/1.1" 200 3552 "https://www.google.com/" "Mozilla/5.0 (Linux; Android 11; SAMSUNG SM-G973U) AppleWebKit/537.36 (KHTML, like Gecko) SamsungBrowser/15.0 Chrome/90.0.4430.210 Mobile Safari/537.36"
197.156.134.38 - - [01/Nov/2021:09:39:58 +0000] "GET /terms%20and%20faqs/js/vendor/modernizr-2.8.3.min.js HTTP/1.1" 404 3355 "https://supamallescrow.com/terms%20and%20faqs/terms.html" "Mozilla/5.0 (Linux; Android 7.0; TECNO K7) AppleWebKit/537.36 (KHTML, like Gecko) Chrome/95.0.4638.50 Mobile Safari/537.36"
197.156.134.38 - - [01/Nov/2021:09:40:00 +0000] "GET /terms%20and%20faqs/js/vendor/jquery-1.12.4.min.js HTTP/1.1" 404 3355 "https://supamallescrow.com/terms%20and%20faqs/terms.html" "Mozilla/5.0 (Linux; Android 7.0; TECNO K7) AppleWebKit/537.36 (KHTML, like Gecko) Chrome/95.0.4638.50 Mobile Safari/537.36"
197.156.134.38 - - [01/Nov/2021:09:40:22 +0000] "GET /login_assets/webfonts/fa-solid-900.woff2 HTTP/1.1" 200 74528 "https://supamallescrow.com/login_assets/css/fontawesome-all.min.css" "Mozilla/5.0 (Linux; Android 7.0; TECNO K7) AppleWebKit/537.36 (KHTML, like Gecko) Chrome/95.0.4638.50 Mobile Safari/537.36"
197.156.134.38 - - [01/Nov/2021:09:40:51 +0000] "POST /register HTTP/1.1" 302 1492 "https://supamallescrow.com/register" "Mozilla/5.0 (Linux; Android 7.0; TECNO K7) AppleWebKit/537.36 (KHTML, like Gecko) Chrome/95.0.4638.50 Mobile Safari/537.36"
197.156.134.38 - - [01/Nov/2021:09:40:52 +0000] "GET /home HTTP/1.1" 200 8360 "https://supamallescrow.com/register" "Mozilla/5.0 (Linux; Android 7.0; TECNO K7) AppleWebKit/537.36 (KHTML, like Gecko) Chrome/95.0.4638.50 Mobile Safari/537.36"
197.156.134.38 - - [01/Nov/2021:09:40:55 +0000] "GET /jquery-3.3.1.min.js HTTP/1.1" 404 3355 "https://supamallescrow.com/home" "Mozilla/5.0 (Linux; Android 7.0; TECNO K7) AppleWebKit/537.36 (KHTML, like Gecko) Chrome/95.0.4638.50 Mobile Safari/537.36"
197.156.134.38 - - [01/Nov/2021:09:40:55 +0000] "GET /dist/js/manInput.js HTTP/1.1" 404 3355 "https://supamallescrow.com/home" "Mozilla/5.0 (Linux; Android 7.0; TECNO K7) AppleWebKit/537.36 (KHTML, like Gecko) Chrome/95.0.4638.50 Mobile Safari/537.36"
197.156.134.38 - - [01/Nov/2021:09:41:15 +0000] "GET /plugins/fontawesome-free/webfonts/fa-solid-900.woff2 HTTP/1.1" 200 79652 "https://supamallescrow.com/plugins/fontawesome-free/css/all.min.css" "Mozilla/5.0 (Linux; Android 7.0; TECNO K7) AppleWebKit/537.36 (KHTML, like Gecko) Chrome/95.0.4638.50 Mobile Safari/537.36"
197.156.134.38 - - [01/Nov/2021:09:41:15 +0000] "GET /plugins/fontawesome-free/webfonts/fa-regular-400.woff2 HTTP/1.1" 200 13791 "https://supamallescrow.com/plugins/fontawesome-free/css/all.min.css" "Mozilla/5.0 (Linux; Android 7.0; TECNO K7) AppleWebKit/537.36 (KHTML, like Gecko) Chrome/95.0.4638.50 Mobile Safari/537.36"
196.216.71.163 - - [01/Nov/2021:09:41:20 +0000] "GET /transactions/create HTTP/1.1" 200 70239 "https://supamallescrow.com/transactions" "Mozilla/5.0 (Linux; Android 10; STK-L21) AppleWebKit/537.36 (KHTML, like Gecko) Chrome/94.0.4606.85 Mobile Safari/537.36"
196.216.71.163 - - [01/Nov/2021:09:41:24 +0000] "GET /buyer/search HTTP/1.1" 200 53099 "https://supamallescrow.com/transactions/create" "Mozilla/5.0 (Linux; Android 10; STK-L21) AppleWebKit/537.36 (KHTML, like Gecko) Chrome/94.0.4606.85 Mobile Safari/537.36"
197.156.134.38 - - [01/Nov/2021:09:41:42 +0000] "GET /dist/js/manInput.js HTTP/1.1" 404 3355 "https://supamallescrow.com/home" "Mozilla/5.0 (Linux; Android 7.0; TECNO K7) AppleWebKit/537.36 (KHTML, like Gecko) Chrome/95.0.4638.50 Mobile Safari/537.36"
197.156.134.38 - - [01/Nov/2021:09:42:07 +0000] "GET /transactions HTTP/1.1" 200 5127 "https://supamallescrow.com/home" "Mozilla/5.0 (Linux; Android 7.0; TECNO K7) AppleWebKit/537.36 (KHTML, like Gecko) Chrome/95.0.4638.50 Mobile Safari/537.36"
197.156.134.38 - - [01/Nov/2021:09:42:07 +0000] "GET /jquery-3.3.1.min.js HTTP/1.1" 404 3355 "https://supamallescrow.com/transactions" "Mozilla/5.0 (Linux; Android 7.0; TECNO K7) AppleWebKit/537.36 (KHTML, like Gecko) Chrome/95.0.4638.50 Mobile Safari/537.36"
197.232.7.53 - - [01/Nov/2021:09:42:09 +0000] "GET /register HTTP/1.1" 302 1492 "https://www.google.com/" "Mozilla/5.0 (Linux; Android 11; SM-A115F) AppleWebKit/537.36 (KHTML, like Gecko) Chrome/94.0.4606.85 Mobile Safari/537.36"
197.156.134.38 - - [01/Nov/2021:09:42:11 +0000] "GET /transactions/create HTTP/1.1" 200 70252 "https://supamallescrow.com/transactions" "Mozilla/5.0 (Linux; Android 7.0; TECNO K7) AppleWebKit/537.36 (KHTML, like Gecko) Chrome/95.0.4638.50 Mobile Safari/537.36"
197.232.7.53 - - [01/Nov/2021:09:42:12 +0000] "GET /home HTTP/1.1" 200 8388 "https://www.google.com/" "Mozilla/5.0 (Linux; Android 11; SM-A115F) AppleWebKit/537.36 (KHTML, like Gecko) Chrome/94.0.4606.85 Mobile Safari/537.36"
197.156.134.38 - - [01/Nov/2021:09:42:19 +0000] "GET /buyer/search HTTP/1.1" 200 53099 "https://supamallescrow.com/transactions/create" "Mozilla/5.0 (Linux; Android 7.0; TECNO K7) AppleWebKit/537.36 (KHTML, like Gecko) Chrome/95.0.4638.50 Mobile Safari/537.36"
197.232.7.53 - - [01/Nov/2021:09:42:37 +0000] "GET /transactions HTTP/1.1" 200 5130 "https://supamallescrow.com/home" "Mozilla/5.0 (Linux; Android 11; SM-A115F) AppleWebKit/537.36 (KHTML, like Gecko) Chrome/94.0.4606.85 Mobile Safari/537.36"
197.232.7.53 - - [01/Nov/2021:09:42:50 +0000] "GET /transactions/create HTTP/1.1" 200 70242 "https://supamallescrow.com/transactions" "Mozilla/5.0 (Linux; Android 11; SM-A115F) AppleWebKit/537.36 (KHTML, like Gecko) Chrome/94.0.4606.85 Mobile Safari/537.36"
197.232.7.53 - - [01/Nov/2021:09:42:56 +0000] "GET /buyer/search HTTP/1.1" 200 53099 "https://supamallescrow.com/transactions/create" "Mozilla/5.0 (Linux; Android 11; SM-A115F) AppleWebKit/537.36 (KHTML, like Gecko) Chrome/94.0.4606.85 Mobile Safari/537.36"
41.81.9.42 - - [01/Nov/2021:09:43:17 +0000] "GET /register HTTP/1.1" 200 3553 "https://www.google.com/" "Mozilla/5.0 (Linux; Android 10; TECNO KD6) AppleWebKit/537.36 (KHTML, like Gecko) Chrome/94.0.4606.85 Mobile Safari/537.36"
197.156.134.38 - - [01/Nov/2021:09:43:56 +0000] "POST /transactions/store HTTP/1.1" 302 1532 "https://supamallescrow.com/transactions/create" "Mozilla/5.0 (Linux; Android 7.0; TECNO K7) AppleWebKit/537.36 (KHTML, like Gecko) Chrome/95.0.4638.50 Mobile Safari/537.36"
197.156.134.38 - - [01/Nov/2021:09:43:58 +0000] "GET /transactions HTTP/1.1" 200 5410 "https://supamallescrow.com/transactions/create" "Mozilla/5.0 (Linux; Android 7.0; TECNO K7) AppleWebKit/537.36 (KHTML, like Gecko) Chrome/95.0.4638.50 Mobile Safari/537.36"
196.216.71.163 - - [01/Nov/2021:09:44:14 +0000] "GET /transactions/create HTTP/1.1" 200 70239 "-" "Mozilla/5.0 (Linux; Android 10; STK-L21) AppleWebKit/537.36 (KHTML, like Gecko) Chrome/94.0.4606.85 Mobile Safari/537.36"
196.216.71.163 - - [01/Nov/2021:09:44:15 +0000] "GET /buyer/search HTTP/1.1" 200 53099 "https://supamallescrow.com/transactions/create" "Mozilla/5.0 (Linux; Android 10; STK-L21) AppleWebKit/537.36 (KHTML, like Gecko) Chrome/94.0.4606.85 Mobile Safari/537.36"
196.216.71.163 - - [01/Nov/2021:09:44:21 +0000] "GET /transactions/create HTTP/1.1" 200 70239 "-" "Mozilla/5.0 (Linux; Android 10; STK-L21) AppleWebKit/537.36 (KHTML, like Gecko) Chrome/94.0.4606.85 Mobile Safari/537.36"
196.216.71.163 - - [01/Nov/2021:09:44:22 +0000] "GET /buyer/search HTTP/1.1" 200 53099 "https://supamallescrow.com/transactions/create" "Mozilla/5.0 (Linux; Android 10; STK-L21) AppleWebKit/537.36 (KHTML, like Gecko) Chrome/94.0.4606.85 Mobile Safari/537.36"
196.216.71.163 - - [01/Nov/2021:09:44:24 +0000] "GET /transactions HTTP/1.1" 200 5128 "https://supamallescrow.com/transactions/create" "Mozilla/5.0 (Linux; Android 10; STK-L21) AppleWebKit/537.36 (KHTML, like Gecko) Chrome/94.0.4606.85 Mobile Safari/537.36"
196.216.71.163 - - [01/Nov/2021:09:44:26 +0000] "GET /transactions HTTP/1.1" 200 5128 "https://supamallescrow.com/transactions/create" "Mozilla/5.0 (Linux; Android 10; STK-L21) AppleWebKit/537.36 (KHTML, like Gecko) Chrome/94.0.4606.85 Mobile Safari/537.36"
196.216.71.163 - - [01/Nov/2021:09:44:30 +0000] "GET /transactions/create HTTP/1.1" 200 70239 "https://supamallescrow.com/transactions" "Mozilla/5.0 (Linux; Android 10; STK-L21) AppleWebKit/537.36 (KHTML, like Gecko) Chrome/94.0.4606.85 Mobile Safari/537.36"
196.216.71.163 - - [01/Nov/2021:09:44:34 +0000] "GET /buyer/search HTTP/1.1" 200 53099 "https://supamallescrow.com/transactions/create" "Mozilla/5.0 (Linux; Android 10; STK-L21) AppleWebKit/537.36 (KHTML, like Gecko) Chrome/94.0.4606.85 Mobile Safari/537.36"
41.81.9.42 - - [01/Nov/2021:09:44:37 +0000] "GET /login_assets/webfonts/fa-solid-900.woff2 HTTP/1.1" 200 74528 "https://supamallescrow.com/login_assets/css/fontawesome-all.min.css" "Mozilla/5.0 (Linux; Android 10; TECNO KD6) AppleWebKit/537.36 (KHTML, like Gecko) Chrome/94.0.4606.85 Mobile Safari/537.36"
105.160.73.86 - - [01/Nov/2021:09:44:47 +0000] "GET /transactions HTTP/1.1" 200 5379 "-" "Mozilla/5.0 (Linux; Android 11; SM-A022F) AppleWebKit/537.36 (KHTML, like Gecko) Chrome/95.0.4638.50 Mobile Safari/537.36"
105.160.73.86 - - [01/Nov/2021:09:44:50 +0000] "GET /jquery-3.3.1.min.js HTTP/1.1" 404 3355 "https://supamallescrow.com/transactions" "Mozilla/5.0 (Linux; Android 11; SM-A022F) AppleWebKit/537.36 (KHTML, like Gecko) Chrome/95.0.4638.50 Mobile Safari/537.36"
105.160.73.86 - - [01/Nov/2021:09:44:50 +0000] "GET /dist/js/manInput.js HTTP/1.1" 404 3355 "https://supamallescrow.com/transactions" "Mozilla/5.0 (Linux; Android 11; SM-A022F) AppleWebKit/537.36 (KHTML, like Gecko) Chrome/95.0.4638.50 Mobile Safari/537.36"
105.160.73.86 - - [01/Nov/2021:09:44:51 +0000] "GET /jquery-3.3.1.min.js HTTP/1.1" 404 3355 "https://supamallescrow.com/deliveries" "Mozilla/5.0 (Linux; Android 11; SM-A022F) AppleWebKit/537.36 (KHTML, like Gecko) Chrome/95.0.4638.50 Mobile Safari/537.36"
105.160.73.86 - - [01/Nov/2021:09:44:53 +0000] "GET /dist/js/manInput.js HTTP/1.1" 404 3355 "https://supamallescrow.com/deliveries" "Mozilla/5.0 (Linux; Android 11; SM-A022F) AppleWebKit/537.36 (KHTML, like Gecko) Chrome/95.0.4638.50 Mobile Safari/537.36"
105.160.73.86 - - [01/Nov/2021:09:45:03 +0000] "GET /transactions/show/253 HTTP/1.1" 200 6555 "https://supamallescrow.com/transactions" "Mozilla/5.0 (Linux; Android 11; SM-A022F) AppleWebKit/537.36 (KHTML, like Gecko) Chrome/95.0.4638.50 Mobile Safari/537.36"
105.160.73.86 - - [01/Nov/2021:09:45:16 +0000] "POST /transactions/payment HTTP/1.1" 302 1492 "https://supamallescrow.com/transactions/show/253" "Mozilla/5.0 (Linux; Android 11; SM-A022F) AppleWebKit/537.36 (KHTML, like Gecko) Chrome/95.0.4638.50 Mobile Safari/537.36"
105.160.73.86 - - [01/Nov/2021:09:45:20 +0000] "GET /home HTTP/1.1" 200 8344 "https://supamallescrow.com/transactions/show/253" "Mozilla/5.0 (Linux; Android 11; SM-A022F) AppleWebKit/537.36 (KHTML, like Gecko) Chrome/95.0.4638.50 Mobile Safari/537.36"
41.81.9.42 - - [01/Nov/2021:09:45:22 +0000] "POST /register HTTP/1.1" 302 1492 "https://supamallescrow.com/register" "Mozilla/5.0 (Linux; Android 10; TECNO KD6) AppleWebKit/537.36 (KHTML, like Gecko) Chrome/94.0.4606.85 Mobile Safari/537.36"
41.81.9.42 - - [01/Nov/2021:09:45:22 +0000] "GET /home HTTP/1.1" 200 8364 "https://supamallescrow.com/register" "Mozilla/5.0 (Linux; Android 10; TECNO KD6) AppleWebKit/537.36 (KHTML, like Gecko) Chrome/94.0.4606.85 Mobile Safari/537.36"
41.81.9.42 - - [01/Nov/2021:09:45:23 +0000] "GET /jquery-3.3.1.min.js HTTP/1.1" 404 3355 "https://supamallescrow.com/home" "Mozilla/5.0 (Linux; Android 10; TECNO KD6) AppleWebKit/537.36 (KHTML, like Gecko) Chrome/94.0.4606.85 Mobile Safari/537.36"
41.81.9.42 - - [01/Nov/2021:09:45:23 +0000] "GET /dist/js/manInput.js HTTP/1.1" 404 3355 "https://supamallescrow.com/home" "Mozilla/5.0 (Linux; Android 10; TECNO KD6) AppleWebKit/537.36 (KHTML, like Gecko) Chrome/94.0.4606.85 Mobile Safari/537.36"
196.201.213.114 - - [01/Nov/2021:09:45:26 +0000] "POST /v1/escrow/transaction/confirmation HTTP/1.1" 200 231 "-" "Apache-HttpClient/4.5.5 (Java/1.8.0_251)"
41.81.9.42 - - [01/Nov/2021:09:45:39 +0000] "GET /jquery-3.3.1.min.js HTTP/1.1" 404 3355 "https://supamallescrow.com/home" "Mozilla/5.0 (Linux; Android 10; TECNO KD6) AppleWebKit/537.36 (KHTML, like Gecko) Chrome/94.0.4606.85 Mobile Safari/537.36"
41.81.9.42 - - [01/Nov/2021:09:45:40 +0000] "GET /plugins/fontawesome-free/webfonts/fa-solid-900.woff2 HTTP/1.1" 200 79652 "https://supamallescrow.com/plugins/fontawesome-free/css/all.min.css" "Mozilla/5.0 (Linux; Android 10; TECNO KD6) AppleWebKit/537.36 (KHTML, like Gecko) Chrome/94.0.4606.85 Mobile Safari/537.36"
41.81.9.42 - - [01/Nov/2021:09:45:40 +0000] "GET /plugins/fontawesome-free/webfonts/fa-regular-400.woff2 HTTP/1.1" 200 13791 "https://supamallescrow.com/plugins/fontawesome-free/css/all.min.css" "Mozilla/5.0 (Linux; Android 10; TECNO KD6) AppleWebKit/537.36 (KHTML, like Gecko) Chrome/94.0.4606.85 Mobile Safari/537.36"
41.81.9.42 - - [01/Nov/2021:09:45:40 +0000] "GET /dist/js/manInput.js HTTP/1.1" 404 3355 "https://supamallescrow.com/home" "Mozilla/5.0 (Linux; Android 10; TECNO KD6) AppleWebKit/537.36 (KHTML, like Gecko) Chrome/94.0.4606.85 Mobile Safari/537.36"
105.160.73.86 - - [01/Nov/2021:09:45:41 +0000] "GET /transactions HTTP/1.1" 200 5379 "https://supamallescrow.com/home" "Mozilla/5.0 (Linux; Android 11; SM-A022F) AppleWebKit/537.36 (KHTML, like Gecko) Chrome/95.0.4638.50 Mobile Safari/537.36"
105.160.73.86 - - [01/Nov/2021:09:45:46 +0000] "GET /transactions/show/253 HTTP/1.1" 200 6555 "https://supamallescrow.com/transactions" "Mozilla/5.0 (Linux; Android 11; SM-A022F) AppleWebKit/537.36 (KHTML, like Gecko) Chrome/95.0.4638.50 Mobile Safari/537.36"
105.160.73.86 - - [01/Nov/2021:09:45:51 +0000] "POST /transactions/payment HTTP/1.1" 302 1492 "https://supamallescrow.com/transactions/show/253" "Mozilla/5.0 (Linux; Android 11; SM-A022F) AppleWebKit/537.36 (KHTML, like Gecko) Chrome/95.0.4638.50 Mobile Safari/537.36"
105.160.73.86 - - [01/Nov/2021:09:45:54 +0000] "GET /home HTTP/1.1" 200 8348 "https://supamallescrow.com/transactions/show/253" "Mozilla/5.0 (Linux; Android 11; SM-A022F) AppleWebKit/537.36 (KHTML, like Gecko) Chrome/95.0.4638.50 Mobile Safari/537.36"
196.201.212.136 - - [01/Nov/2021:09:46:00 +0000] "POST /v1/escrow/transaction/confirmation HTTP/1.1" 200 231 "-" "Apache-HttpClient/4.5.5 (Java/1.8.0_251)"
196.201.214.207 - - [01/Nov/2021:09:46:02 +0000] "POST /v1/escrow/transaction/confirmation HTTP/1.1" 200 283 "-" "Apache-HttpClient/4.5.2 (Java/1.8.0_181)"
41.81.9.42 - - [01/Nov/2021:09:46:05 +0000] "GET /transactions HTTP/1.1" 200 5129 "https://supamallescrow.com/home" "Mozilla/5.0 (Linux; Android 10; TECNO KD6) AppleWebKit/537.36 (KHTML, like Gecko) Chrome/94.0.4606.85 Mobile Safari/537.36"
41.81.9.42 - - [01/Nov/2021:09:46:06 +0000] "GET /dist/js/manInput.js HTTP/1.1" 404 3355 "https://supamallescrow.com/transactions" "Mozilla/5.0 (Linux; Android 10; TECNO KD6) AppleWebKit/537.36 (KHTML, like Gecko) Chrome/94.0.4606.85 Mobile Safari/537.36"
105.160.73.86 - - [01/Nov/2021:09:46:06 +0000] "GET /deliveries HTTP/1.1" 200 5045 "https://supamallescrow.com/home" "Mozilla/5.0 (Linux; Android 11; SM-A022F) AppleWebKit/537.36 (KHTML, like Gecko) Chrome/95.0.4638.50 Mobile Safari/537.36"
41.81.9.42 - - [01/Nov/2021:09:46:06 +0000] "GET /dist/js/manInput.js HTTP/1.1" 404 3355 "https://supamallescrow.com/transactions" "Mozilla/5.0 (Linux; Android 10; TECNO KD6) AppleWebKit/537.36 (KHTML, like Gecko) Chrome/94.0.4606.85 Mobile Safari/537.36"
41.81.9.42 - - [01/Nov/2021:09:46:09 +0000] "GET /transactions/create HTTP/1.1" 200 70282 "https://supamallescrow.com/transactions" "Mozilla/5.0 (Linux; Android 10; TECNO KD6) AppleWebKit/537.36 (KHTML, like Gecko) Chrome/94.0.4606.85 Mobile Safari/537.36"
41.81.9.42 - - [01/Nov/2021:09:46:12 +0000] "GET /buyer/search HTTP/1.1" 200 53470 "https://supamallescrow.com/transactions/create" "Mozilla/5.0 (Linux; Android 10; TECNO KD6) AppleWebKit/537.36 (KHTML, like Gecko) Chrome/94.0.4606.85 Mobile Safari/537.36"
105.160.73.86 - - [01/Nov/2021:09:46:13 +0000] "GET /deliveries/show/253 HTTP/1.1" 200 6746 "https://supamallescrow.com/deliveries" "Mozilla/5.0 (Linux; Android 11; SM-A022F) AppleWebKit/537.36 (KHTML, like Gecko) Chrome/95.0.4638.50 Mobile Safari/537.36"
154.159.252.49 - - [01/Nov/2021:09:46:16 +0000] "GET /transactions HTTP/1.1" 200 5257 "https://supamallescrow.com/deliveries" "Mozilla/5.0 (Linux; Android 10; TECNO KD6) AppleWebKit/537.36 (KHTML, like Gecko) Chrome/95.0.4638.50 Mobile Safari/537.36"
41.81.9.42 - - [01/Nov/2021:09:46:21 +0000] "GET /transactions HTTP/1.1" 200 5129 "https://supamallescrow.com/transactions/create" "Mozilla/5.0 (Linux; Android 10; TECNO KD6) AppleWebKit/537.36 (KHTML, like Gecko) Chrome/94.0.4606.85 Mobile Safari/537.36"
154.159.252.49 - - [01/Nov/2021:09:46:24 +0000] "GET /dist/js/manInput.js HTTP/1.1" 404 3355 "https://supamallescrow.com/transactions" "Mozilla/5.0 (Linux; Android 10; TECNO KD6) AppleWebKit/537.36 (KHTML, like Gecko) Chrome/95.0.4638.50 Mobile Safari/537.36"
154.159.252.49 - - [01/Nov/2021:09:46:24 +0000] "GET /jquery-3.3.1.min.js HTTP/1.1" 404 3355 "https://supamallescrow.com/transactions" "Mozilla/5.0 (Linux; Android 10; TECNO KD6) AppleWebKit/537.36 (KHTML, like Gecko) Chrome/95.0.4638.50 Mobile Safari/537.36"
105.160.73.86 - - [01/Nov/2021:09:46:22 +0000] "POST /deliveries/acceptdelivery HTTP/1.1" 302 1522 "https://supamallescrow.com/deliveries/show/253" "Mozilla/5.0 (Linux; Android 11; SM-A022F) AppleWebKit/537.36 (KHTML, like Gecko) Chrome/95.0.4638.50 Mobile Safari/537.36"
105.160.73.86 - - [01/Nov/2021:09:46:25 +0000] "GET /deliveries HTTP/1.1" 200 5065 "https://supamallescrow.com/deliveries/show/253" "Mozilla/5.0 (Linux; Android 11; SM-A022F) AppleWebKit/537.36 (KHTML, like Gecko) Chrome/95.0.4638.50 Mobile Safari/537.36"
196.201.214.207 - - [01/Nov/2021:09:46:25 +0000] "POST /v1/escrow/b2c/result HTTP/1.1" 200 314 "-" "Apache-HttpClient/4.5.5 (Java/1.8.0_251)"
41.81.9.42 - - [01/Nov/2021:09:46:25 +0000] "GET /transactions/create HTTP/1.1" 200 70282 "https://supamallescrow.com/transactions" "Mozilla/5.0 (Linux; Android 10; TECNO KD6) AppleWebKit/537.36 (KHTML, like Gecko) Chrome/94.0.4606.85 Mobile Safari/537.36"
41.81.9.42 - - [01/Nov/2021:09:46:26 +0000] "GET /buyer/search HTTP/1.1" 200 53470 "https://supamallescrow.com/transactions/create" "Mozilla/5.0 (Linux; Android 10; TECNO KD6) AppleWebKit/537.36 (KHTML, like Gecko) Chrome/94.0.4606.85 Mobile Safari/537.36"
196.216.71.163 - - [01/Nov/2021:09:46:27 +0000] "GET /transactions/create HTTP/1.1" 200 70270 "https://supamallescrow.com/transactions" "Mozilla/5.0 (Linux; Android 10; STK-L21) AppleWebKit/537.36 (KHTML, like Gecko) Chrome/94.0.4606.85 Mobile Safari/537.36"
196.216.71.163 - - [01/Nov/2021:09:46:29 +0000] "GET /buyer/search HTTP/1.1" 200 53470 "https://supamallescrow.com/transactions/create" "Mozilla/5.0 (Linux; Android 10; STK-L21) AppleWebKit/537.36 (KHTML, like Gecko) Chrome/94.0.4606.85 Mobile Safari/537.36"
41.81.9.42 - - [01/Nov/2021:09:48:45 +0000] "POST /transactions/store HTTP/1.1" 302 1532 "https://supamallescrow.com/transactions/create" "Mozilla/5.0 (Linux; Android 10; TECNO KD6) AppleWebKit/537.36 (KHTML, like Gecko) Chrome/94.0.4606.85 Mobile Safari/537.36"
41.81.9.42 - - [01/Nov/2021:09:48:45 +0000] "GET /transactions HTTP/1.1" 200 5414 "https://supamallescrow.com/transactions/create" "Mozilla/5.0 (Linux; Android 10; TECNO KD6) AppleWebKit/537.36 (KHTML, like Gecko) Chrome/94.0.4606.85 Mobile Safari/537.36"
41.81.9.42 - - [01/Nov/2021:09:49:06 +0000] "GET /transactions/show/254 HTTP/1.1" 200 6503 "https://supamallescrow.com/transactions" "Mozilla/5.0 (Linux; Android 10; TECNO KD6) AppleWebKit/537.36 (KHTML, like Gecko) Chrome/94.0.4606.85 Mobile Safari/537.36"
105.160.16.222 - - [01/Nov/2021:09:49:34 +0000] "GET /transactions HTTP/1.1" 302 1497 "-" "Mozilla/5.0 (iPhone; CPU iPhone OS 15_0_1 like Mac OS X) AppleWebKit/605.1.15 (KHTML, like Gecko) Version/15.0 Mobile/15E148 Safari/604.1"
105.160.16.222 - - [01/Nov/2021:09:49:35 +0000] "GET /login HTTP/1.1" 200 2863 "-" "Mozilla/5.0 (iPhone; CPU iPhone OS 15_0_1 like Mac OS X) AppleWebKit/605.1.15 (KHTML, like Gecko) Version/15.0 Mobile/15E148 Safari/604.1"
105.160.16.222 - - [01/Nov/2021:09:49:43 +0000] "GET /transactions HTTP/1.1" 200 5307 "https://supamallescrow.com/deliveries" "Mozilla/5.0 (iPhone; CPU iPhone OS 15_0_1 like Mac OS X) AppleWebKit/605.1.15 (KHTML, like Gecko) Version/15.0 Mobile/15E148 Safari/604.1"
105.160.16.222 - - [01/Nov/2021:09:49:44 +0000] "GET /jquery-3.3.1.min.js HTTP/1.1" 404 3355 "https://supamallescrow.com/transactions" "Mozilla/5.0 (iPhone; CPU iPhone OS 15_0_1 like Mac OS X) AppleWebKit/605.1.15 (KHTML, like Gecko) Version/15.0 Mobile/15E148 Safari/604.1"
105.160.16.222 - - [01/Nov/2021:09:49:44 +0000] "GET /dist/js/manInput.js HTTP/1.1" 404 3355 "https://supamallescrow.com/transactions" "Mozilla/5.0 (iPhone; CPU iPhone OS 15_0_1 like Mac OS X) AppleWebKit/605.1.15 (KHTML, like Gecko) Version/15.0 Mobile/15E148 Safari/604.1"
105.160.16.222 - - [01/Nov/2021:09:50:02 +0000] "GET /transactions/show/254 HTTP/1.1" 200 6551 "https://supamallescrow.com/transactions" "Mozilla/5.0 (iPhone; CPU iPhone OS 15_0_1 like Mac OS X) AppleWebKit/605.1.15 (KHTML, like Gecko) Version/15.0 Mobile/15E148 Safari/604.1"
105.160.16.222 - - [01/Nov/2021:09:50:02 +0000] "GET /jquery-3.3.1.min.js HTTP/1.1" 404 3355 "https://supamallescrow.com/transactions/show/254" "Mozilla/5.0 (iPhone; CPU iPhone OS 15_0_1 like Mac OS X) AppleWebKit/605.1.15 (KHTML, like Gecko) Version/15.0 Mobile/15E148 Safari/604.1"
105.160.16.222 - - [01/Nov/2021:09:50:02 +0000] "GET /dist/js/manInput.js HTTP/1.1" 404 3355 "https://supamallescrow.com/transactions/show/254" "Mozilla/5.0 (iPhone; CPU iPhone OS 15_0_1 like Mac OS X) AppleWebKit/605.1.15 (KHTML, like Gecko) Version/15.0 Mobile/15E148 Safari/604.1"
105.160.16.222 - - [01/Nov/2021:09:50:23 +0000] "POST /transactions/payment HTTP/1.1" 302 1492 "https://supamallescrow.com/transactions/show/254" "Mozilla/5.0 (iPhone; CPU iPhone OS 15_0_1 like Mac OS X) AppleWebKit/605.1.15 (KHTML, like Gecko) Version/15.0 Mobile/15E148 Safari/604.1"
105.160.16.222 - - [01/Nov/2021:09:50:27 +0000] "GET /home HTTP/1.1" 200 8344 "https://supamallescrow.com/transactions/show/254" "Mozilla/5.0 (iPhone; CPU iPhone OS 15_0_1 like Mac OS X) AppleWebKit/605.1.15 (KHTML, like Gecko) Version/15.0 Mobile/15E148 Safari/604.1"
105.160.16.222 - - [01/Nov/2021:09:50:28 +0000] "GET /jquery-3.3.1.min.js HTTP/1.1" 404 3355 "https://supamallescrow.com/home" "Mozilla/5.0 (iPhone; CPU iPhone OS 15_0_1 like Mac OS X) AppleWebKit/605.1.15 (KHTML, like Gecko) Version/15.0 Mobile/15E148 Safari/604.1"
105.160.16.222 - - [01/Nov/2021:09:50:28 +0000] "GET /dist/js/manInput.js HTTP/1.1" 404 3355 "https://supamallescrow.com/home" "Mozilla/5.0 (iPhone; CPU iPhone OS 15_0_1 like Mac OS X) AppleWebKit/605.1.15 (KHTML, like Gecko) Version/15.0 Mobile/15E148 Safari/604.1"
196.201.214.207 - - [01/Nov/2021:09:50:33 +0000] "POST /v1/escrow/transaction/confirmation HTTP/1.1" 200 231 "-" "Apache-HttpClient/4.5.5 (Java/1.8.0_251)"
196.201.214.200 - - [01/Nov/2021:09:50:33 +0000] "POST /v1/escrow/transaction/confirmation HTTP/1.1" 200 283 "-" "Apache-HttpClient/4.5.2 (Java/1.8.0_181)"
105.160.16.222 - - [01/Nov/2021:09:50:44 +0000] "GET /deliveries HTTP/1.1" 200 5011 "https://supamallescrow.com/home" "Mozilla/5.0 (iPhone; CPU iPhone OS 15_0_1 like Mac OS X) AppleWebKit/605.1.15 (KHTML, like Gecko) Version/15.0 Mobile/15E148 Safari/604.1"
105.160.16.222 - - [01/Nov/2021:09:50:44 +0000] "GET /jquery-3.3.1.min.js HTTP/1.1" 404 3355 "https://supamallescrow.com/deliveries" "Mozilla/5.0 (iPhone; CPU iPhone OS 15_0_1 like Mac OS X) AppleWebKit/605.1.15 (KHTML, like Gecko) Version/15.0 Mobile/15E148 Safari/604.1"
105.160.16.222 - - [01/Nov/2021:09:50:44 +0000] "GET /dist/js/manInput.js HTTP/1.1" 404 3355 "https://supamallescrow.com/deliveries" "Mozilla/5.0 (iPhone; CPU iPhone OS 15_0_1 like Mac OS X) AppleWebKit/605.1.15 (KHTML, like Gecko) Version/15.0 Mobile/15E148 Safari/604.1"
105.160.16.222 - - [01/Nov/2021:09:50:46 +0000] "GET /deliveries/show/254 HTTP/1.1" 200 6748 "https://supamallescrow.com/deliveries" "Mozilla/5.0 (iPhone; CPU iPhone OS 15_0_1 like Mac OS X) AppleWebKit/605.1.15 (KHTML, like Gecko) Version/15.0 Mobile/15E148 Safari/604.1"
105.160.16.222 - - [01/Nov/2021:09:50:47 +0000] "GET /jquery-3.3.1.min.js HTTP/1.1" 404 3355 "https://supamallescrow.com/deliveries/show/254" "Mozilla/5.0 (iPhone; CPU iPhone OS 15_0_1 like Mac OS X) AppleWebKit/605.1.15 (KHTML, like Gecko) Version/15.0 Mobile/15E148 Safari/604.1"
105.160.16.222 - - [01/Nov/2021:09:50:47 +0000] "GET /dist/js/manInput.js HTTP/1.1" 404 3355 "https://supamallescrow.com/deliveries/show/254" "Mozilla/5.0 (iPhone; CPU iPhone OS 15_0_1 like Mac OS X) AppleWebKit/605.1.15 (KHTML, like Gecko) Version/15.0 Mobile/15E148 Safari/604.1"
105.160.16.222 - - [01/Nov/2021:09:50:57 +0000] "POST /deliveries/acceptdelivery HTTP/1.1" 302 1522 "https://supamallescrow.com/deliveries/show/254" "Mozilla/5.0 (iPhone; CPU iPhone OS 15_0_1 like Mac OS X) AppleWebKit/605.1.15 (KHTML, like Gecko) Version/15.0 Mobile/15E148 Safari/604.1"
105.160.16.222 - - [01/Nov/2021:09:51:00 +0000] "GET /deliveries HTTP/1.1" 200 4970 "https://supamallescrow.com/deliveries/show/254" "Mozilla/5.0 (iPhone; CPU iPhone OS 15_0_1 like Mac OS X) AppleWebKit/605.1.15 (KHTML, like Gecko) Version/15.0 Mobile/15E148 Safari/604.1"
105.160.16.222 - - [01/Nov/2021:09:51:00 +0000] "GET /jquery-3.3.1.min.js HTTP/1.1" 404 3355 "https://supamallescrow.com/deliveries" "Mozilla/5.0 (iPhone; CPU iPhone OS 15_0_1 like Mac OS X) AppleWebKit/605.1.15 (KHTML, like Gecko) Version/15.0 Mobile/15E148 Safari/604.1"
105.160.16.222 - - [01/Nov/2021:09:51:00 +0000] "GET /dist/js/manInput.js HTTP/1.1" 404 3355 "https://supamallescrow.com/deliveries" "Mozilla/5.0 (iPhone; CPU iPhone OS 15_0_1 like Mac OS X) AppleWebKit/605.1.15 (KHTML, like Gecko) Version/15.0 Mobile/15E148 Safari/604.1"
196.201.212.129 - - [01/Nov/2021:09:51:00 +0000] "POST /v1/escrow/b2c/result HTTP/1.1" 200 314 "-" "Apache-HttpClient/4.5.5 (Java/1.8.0_251)"
154.159.252.49 - - [01/Nov/2021:09:51:09 +0000] "GET /logout HTTP/1.1" 302 1415 "https://supamallescrow.com/transactions" "Mozilla/5.0 (Linux; Android 10; TECNO KD6) AppleWebKit/537.36 (KHTML, like Gecko) Chrome/95.0.4638.50 Mobile Safari/537.36"
154.159.252.49 - - [01/Nov/2021:09:51:22 +0000] "GET /login HTTP/1.1" 200 2865 "https://supamallescrow.com/transactions" "Mozilla/5.0 (Linux; Android 10; TECNO KD6) AppleWebKit/537.36 (KHTML, like Gecko) Chrome/95.0.4638.50 Mobile Safari/537.36"
105.160.16.222 - - [01/Nov/2021:09:51:28 +0000] "POST /deliveries/acceptdelivery HTTP/1.1" 302 1522 "https://supamallescrow.com/deliveries/show/254" "Mozilla/5.0 (iPhone; CPU iPhone OS 15_0_1 like Mac OS X) AppleWebKit/605.1.15 (KHTML, like Gecko) Version/15.0 Mobile/15E148 Safari/604.1"
105.160.16.222 - - [01/Nov/2021:09:51:28 +0000] "GET /deliveries HTTP/1.1" 200 4991 "https://supamallescrow.com/deliveries/show/254" "Mozilla/5.0 (iPhone; CPU iPhone OS 15_0_1 like Mac OS X) AppleWebKit/605.1.15 (KHTML, like Gecko) Version/15.0 Mobile/15E148 Safari/604.1"
105.160.16.222 - - [01/Nov/2021:09:51:28 +0000] "GET /jquery-3.3.1.min.js HTTP/1.1" 404 3355 "https://supamallescrow.com/deliveries" "Mozilla/5.0 (iPhone; CPU iPhone OS 15_0_1 like Mac OS X) AppleWebKit/605.1.15 (KHTML, like Gecko) Version/15.0 Mobile/15E148 Safari/604.1"
105.160.16.222 - - [01/Nov/2021:09:51:28 +0000] "GET /dist/js/manInput.js HTTP/1.1" 404 3355 "https://supamallescrow.com/deliveries" "Mozilla/5.0 (iPhone; CPU iPhone OS 15_0_1 like Mac OS X) AppleWebKit/605.1.15 (KHTML, like Gecko) Version/15.0 Mobile/15E148 Safari/604.1"
154.159.252.49 - - [01/Nov/2021:09:51:55 +0000] "POST /login HTTP/1.1" 302 1532 "https://supamallescrow.com/login" "Mozilla/5.0 (Linux; Android 10; TECNO KD6) AppleWebKit/537.36 (KHTML, like Gecko) Chrome/95.0.4638.50 Mobile Safari/537.36"
154.159.252.49 - - [01/Nov/2021:09:51:58 +0000] "GET /transactions HTTP/1.1" 200 5256 "https://supamallescrow.com/login" "Mozilla/5.0 (Linux; Android 10; TECNO KD6) AppleWebKit/537.36 (KHTML, like Gecko) Chrome/95.0.4638.50 Mobile Safari/537.36"
154.159.252.49 - - [01/Nov/2021:09:52:17 +0000] "GET /logout HTTP/1.1" 302 1415 "https://supamallescrow.com/transactions" "Mozilla/5.0 (Linux; Android 10; TECNO KD6) AppleWebKit/537.36 (KHTML, like Gecko) Chrome/95.0.4638.50 Mobile Safari/537.36"
154.159.252.49 - - [01/Nov/2021:09:52:18 +0000] "GET /login HTTP/1.1" 200 2863 "https://supamallescrow.com/transactions" "Mozilla/5.0 (Linux; Android 10; TECNO KD6) AppleWebKit/537.36 (KHTML, like Gecko) Chrome/95.0.4638.50 Mobile Safari/537.36"
154.159.252.49 - - [01/Nov/2021:09:52:44 +0000] "GET /login_assets/webfonts/fa-solid-900.woff2 HTTP/1.1" 200 74528 "https://supamallescrow.com/login_assets/css/fontawesome-all.min.css" "Mozilla/5.0 (Linux; Android 10; TECNO KD6) AppleWebKit/537.36 (KHTML, like Gecko) Chrome/95.0.4638.50 Mobile Safari/537.36"
154.159.252.49 - - [01/Nov/2021:09:52:46 +0000] "POST /login HTTP/1.1" 302 1497 "https://supamallescrow.com/login" "Mozilla/5.0 (Linux; Android 10; TECNO KD6) AppleWebKit/537.36 (KHTML, like Gecko) Chrome/95.0.4638.50 Mobile Safari/537.36"
154.159.252.49 - - [01/Nov/2021:09:52:49 +0000] "GET /login HTTP/1.1" 200 2956 "https://supamallescrow.com/login" "Mozilla/5.0 (Linux; Android 10; TECNO KD6) AppleWebKit/537.36 (KHTML, like Gecko) Chrome/95.0.4638.50 Mobile Safari/537.36"
154.159.252.49 - - [01/Nov/2021:09:53:06 +0000] "POST /login HTTP/1.1" 302 1532 "https://supamallescrow.com/login" "Mozilla/5.0 (Linux; Android 10; TECNO KD6) AppleWebKit/537.36 (KHTML, like Gecko) Chrome/95.0.4638.50 Mobile Safari/537.36"
154.159.252.49 - - [01/Nov/2021:09:53:07 +0000] "GET /transactions HTTP/1.1" 200 5129 "https://supamallescrow.com/login" "Mozilla/5.0 (Linux; Android 10; TECNO KD6) AppleWebKit/537.36 (KHTML, like Gecko) Chrome/95.0.4638.50 Mobile Safari/537.36"
196.216.71.163 - - [01/Nov/2021:09:53:16 +0000] "GET /transactions/create HTTP/1.1" 200 70270 "https://supamallescrow.com/transactions" "Mozilla/5.0 (Linux; Android 10; STK-L21) AppleWebKit/537.36 (KHTML, like Gecko) Chrome/94.0.4606.85 Mobile Safari/537.36"
196.216.71.163 - - [01/Nov/2021:09:53:16 +0000] "GET /transactions/create HTTP/1.1" 200 70270 "https://supamallescrow.com/transactions" "Mozilla/5.0 (Linux; Android 10; STK-L21) AppleWebKit/537.36 (KHTML, like Gecko) Chrome/94.0.4606.85 Mobile Safari/537.36"
154.159.252.49 - - [01/Nov/2021:09:53:16 +0000] "GET /transactions/create HTTP/1.1" 200 70268 "https://supamallescrow.com/transactions" "Mozilla/5.0 (Linux; Android 10; TECNO KD6) AppleWebKit/537.36 (KHTML, like Gecko) Chrome/95.0.4638.50 Mobile Safari/537.36"
154.159.252.49 - - [01/Nov/2021:09:53:18 +0000] "GET /buyer/search HTTP/1.1" 200 53470 "https://supamallescrow.com/transactions/create" "Mozilla/5.0 (Linux; Android 10; TECNO KD6) AppleWebKit/537.36 (KHTML, like Gecko) Chrome/95.0.4638.50 Mobile Safari/537.36"
196.216.71.163 - - [01/Nov/2021:09:53:22 +0000] "GET /buyer/search HTTP/1.1" 200 53470 "https://supamallescrow.com/transactions/create" "Mozilla/5.0 (Linux; Android 10; STK-L21) AppleWebKit/537.36 (KHTML, like Gecko) Chrome/94.0.4606.85 Mobile Safari/537.36"
