154.159.252.49 - - [01/Nov/2021:09:55:02 +0000] "POST /transactions/store HTTP/1.1" 302 1532 "https://supamallescrow.com/transactions/create" "Mozilla/5.0 (Linux; Android 10; TECNO KD6) AppleWebKit/537.36 (KHTML, like Gecko) Chrome/95.0.4638.50 Mobile Safari/537.36"
154.159.252.49 - - [01/Nov/2021:09:55:02 +0000] "GET /transactions HTTP/1.1" 200 5408 "https://supamallescrow.com/transactions/create" "Mozilla/5.0 (Linux; Android 10; TECNO KD6) AppleWebKit/537.36 (KHTML, like Gecko) Chrome/95.0.4638.50 Mobile Safari/537.36"
154.159.252.49 - - [01/Nov/2021:09:55:46 +0000] "GET /logout HTTP/1.1" 302 1415 "https://supamallescrow.com/transactions" "Mozilla/5.0 (Linux; Android 10; TECNO KD6) AppleWebKit/537.36 (KHTML, like Gecko) Chrome/95.0.4638.50 Mobile Safari/537.36"
154.159.252.49 - - [01/Nov/2021:09:55:47 +0000] "GET /login HTTP/1.1" 200 2865 "https://supamallescrow.com/transactions" "Mozilla/5.0 (Linux; Android 10; TECNO KD6) AppleWebKit/537.36 (KHTML, like Gecko) Chrome/95.0.4638.50 Mobile Safari/537.36"
154.159.252.49 - - [01/Nov/2021:09:55:58 +0000] "POST /login HTTP/1.1" 302 1532 "https://supamallescrow.com/login" "Mozilla/5.0 (Linux; Android 10; TECNO KD6) AppleWebKit/537.36 (KHTML, like Gecko) Chrome/95.0.4638.50 Mobile Safari/537.36"
154.159.252.49 - - [01/Nov/2021:09:55:58 +0000] "GET /transactions HTTP/1.1" 200 5296 "https://supamallescrow.com/login" "Mozilla/5.0 (Linux; Android 10; TECNO KD6) AppleWebKit/537.36 (KHTML, like Gecko) Chrome/95.0.4638.50 Mobile Safari/537.36"
196.216.71.163 - - [01/Nov/2021:09:55:59 +0000] "GET /profile HTTP/1.1" 200 5420 "https://supamallescrow.com/transactions/create" "Mozilla/5.0 (Linux; Android 10; STK-L21) AppleWebKit/537.36 (KHTML, like Gecko) Chrome/94.0.4606.85 Mobile Safari/537.36"
154.159.252.49 - - [01/Nov/2021:09:56:09 +0000] "GET /transactions/show/255 HTTP/1.1" 200 6535 "https://supamallescrow.com/transactions" "Mozilla/5.0 (Linux; Android 10; TECNO KD6) AppleWebKit/537.36 (KHTML, like Gecko) Chrome/95.0.4638.50 Mobile Safari/537.36"
154.159.252.49 - - [01/Nov/2021:09:56:45 +0000] "POST /transactions/payment HTTP/1.1" 302 1492 "https://supamallescrow.com/transactions/show/255" "Mozilla/5.0 (Linux; Android 10; TECNO KD6) AppleWebKit/537.36 (KHTML, like Gecko) Chrome/95.0.4638.50 Mobile Safari/537.36"
154.159.252.49 - - [01/Nov/2021:09:56:48 +0000] "GET /home HTTP/1.1" 200 8349 "https://supamallescrow.com/transactions/show/255" "Mozilla/5.0 (Linux; Android 10; TECNO KD6) AppleWebKit/537.36 (KHTML, like Gecko) Chrome/95.0.4638.50 Mobile Safari/537.36"
196.201.214.207 - - [01/Nov/2021:09:57:00 +0000] "POST /v1/escrow/transaction/confirmation HTTP/1.1" 200 231 "-" "Apache-HttpClient/4.5.5 (Java/1.8.0_251)"
196.201.214.208 - - [01/Nov/2021:09:57:00 +0000] "POST /v1/escrow/transaction/confirmation HTTP/1.1" 200 283 "-" "Apache-HttpClient/4.5.2 (Java/1.8.0_181)"
154.159.252.49 - - [01/Nov/2021:09:57:22 +0000] "GET /deliveries HTTP/1.1" 200 5049 "https://supamallescrow.com/home" "Mozilla/5.0 (Linux; Android 10; TECNO KD6) AppleWebKit/537.36 (KHTML, like Gecko) Chrome/95.0.4638.50 Mobile Safari/537.36"
154.159.252.49 - - [01/Nov/2021:09:57:30 +0000] "GET /deliveries/show/255 HTTP/1.1" 200 6728 "https://supamallescrow.com/deliveries" "Mozilla/5.0 (Linux; Android 10; TECNO KD6) AppleWebKit/537.36 (KHTML, like Gecko) Chrome/95.0.4638.50 Mobile Safari/537.36"
154.159.252.49 - - [01/Nov/2021:09:58:00 +0000] "POST /deliveries/acceptdelivery HTTP/1.1" 302 1522 "https://supamallescrow.com/deliveries/show/255" "Mozilla/5.0 (Linux; Android 10; TECNO KD6) AppleWebKit/537.36 (KHTML, like Gecko) Chrome/95.0.4638.50 Mobile Safari/537.36"
154.159.252.49 - - [01/Nov/2021:09:58:03 +0000] "GET /deliveries HTTP/1.1" 200 5069 "https://supamallescrow.com/deliveries/show/255" "Mozilla/5.0 (Linux; Android 10; TECNO KD6) AppleWebKit/537.36 (KHTML, like Gecko) Chrome/95.0.4638.50 Mobile Safari/537.36"
196.201.212.136 - - [01/Nov/2021:09:58:03 +0000] "POST /v1/escrow/b2c/result HTTP/1.1" 500 3388 "-" "Apache-HttpClient/4.5.5 (Java/1.8.0_251)"
196.201.214.208 - - [01/Nov/2021:09:58:14 +0000] "POST /v1/escrow/b2c/result HTTP/1.1" 500 3388 "-" "Apache-HttpClient/4.5.5 (Java/1.8.0_251)"
196.201.214.208 - - [01/Nov/2021:09:58:25 +0000] "POST /v1/escrow/b2c/result HTTP/1.1" 500 3388 "-" "Apache-HttpClient/4.5.5 (Java/1.8.0_251)"
196.201.214.200 - - [01/Nov/2021:09:58:35 +0000] "POST /v1/escrow/b2c/result HTTP/1.1" 500 3388 "-" "Apache-HttpClient/4.5.5 (Java/1.8.0_251)"
196.216.71.163 - - [01/Nov/2021:09:59:11 +0000] "GET /home HTTP/1.1" 200 8391 "https://supamallescrow.com/profile" "Mozilla/5.0 (Linux; Android 10; STK-L21) AppleWebKit/537.36 (KHTML, like Gecko) Chrome/94.0.4606.85 Mobile Safari/537.36"
196.216.71.163 - - [01/Nov/2021:09:59:14 +0000] "GET /dist/js/manInput.js HTTP/1.1" 404 3355 "https://supamallescrow.com/home" "Mozilla/5.0 (Linux; Android 10; STK-L21) AppleWebKit/537.36 (KHTML, like Gecko) Chrome/94.0.4606.85 Mobile Safari/537.36"
196.216.71.163 - - [01/Nov/2021:09:59:14 +0000] "GET /jquery-3.3.1.min.js HTTP/1.1" 404 3355 "https://supamallescrow.com/home" "Mozilla/5.0 (Linux; Android 10; STK-L21) AppleWebKit/537.36 (KHTML, like Gecko) Chrome/94.0.4606.85 Mobile Safari/537.36"
196.216.71.163 - - [01/Nov/2021:09:59:27 +0000] "GET /home HTTP/1.1" 200 8391 "https://supamallescrow.com/profile" "Mozilla/5.0 (Linux; Android 10; STK-L21) AppleWebKit/537.36 (KHTML, like Gecko) Chrome/94.0.4606.85 Mobile Safari/537.36"
196.216.71.163 - - [01/Nov/2021:09:59:41 +0000] "GET /home HTTP/1.1" 200 8391 "https://supamallescrow.com/profile" "Mozilla/5.0 (Linux; Android 10; STK-L21) AppleWebKit/537.36 (KHTML, like Gecko) Chrome/94.0.4606.85 Mobile Safari/537.36"
196.216.71.163 - - [01/Nov/2021:09:59:56 +0000] "GET /deliveries/rejections HTTP/1.1" 200 4953 "https://supamallescrow.com/home" "Mozilla/5.0 (Linux; Android 10; STK-L21) AppleWebKit/537.36 (KHTML, like Gecko) Chrome/94.0.4606.85 Mobile Safari/537.36"
154.159.252.49 - - [01/Nov/2021:10:01:07 +0000] "GET /deliveries HTTP/1.1" 200 5033 "https://supamallescrow.com/deliveries" "Mozilla/5.0 (Linux; Android 10; TECNO KD6) AppleWebKit/537.36 (KHTML, like Gecko) Chrome/95.0.4638.50 Mobile Safari/537.36"
197.156.134.38 - - [01/Nov/2021:10:02:58 +0000] "GET /register HTTP/1.1" 200 3551 "https://www.google.com/" "Mozilla/5.0 (Linux; Android 11; SM-A505F) AppleWebKit/537.36 (KHTML, like Gecko) Chrome/94.0.4606.85 Mobile Safari/537.36"
197.156.134.38 - - [01/Nov/2021:10:03:59 +0000] "GET /terms%20and%20faqs/js/vendor/jquery-1.12.4.min.js HTTP/1.1" 404 3355 "https://supamallescrow.com/terms%20and%20faqs/terms.html" "Mozilla/5.0 (Linux; Android 11; SM-A505F) AppleWebKit/537.36 (KHTML, like Gecko) Chrome/94.0.4606.85 Mobile Safari/537.36"
197.156.134.38 - - [01/Nov/2021:10:03:59 +0000] "GET /terms%20and%20faqs/js/vendor/modernizr-2.8.3.min.js HTTP/1.1" 404 3355 "https://supamallescrow.com/terms%20and%20faqs/terms.html" "Mozilla/5.0 (Linux; Android 11; SM-A505F) AppleWebKit/537.36 (KHTML, like Gecko) Chrome/94.0.4606.85 Mobile Safari/537.36"
197.156.134.38 - - [01/Nov/2021:10:04:06 +0000] "GET /login_assets/webfonts/fa-solid-900.woff2 HTTP/1.1" 200 74528 "https://supamallescrow.com/login_assets/css/fontawesome-all.min.css" "Mozilla/5.0 (Linux; Android 11; SM-A505F) AppleWebKit/537.36 (KHTML, like Gecko) Chrome/94.0.4606.85 Mobile Safari/537.36"
197.156.134.38 - - [01/Nov/2021:10:04:31 +0000] "POST /register HTTP/1.1" 302 1492 "https://supamallescrow.com/register" "Mozilla/5.0 (Linux; Android 11; SM-A505F) AppleWebKit/537.36 (KHTML, like Gecko) Chrome/94.0.4606.85 Mobile Safari/537.36"
197.156.134.38 - - [01/Nov/2021:10:04:33 +0000] "GET /home HTTP/1.1" 200 8369 "https://supamallescrow.com/register" "Mozilla/5.0 (Linux; Android 11; SM-A505F) AppleWebKit/537.36 (KHTML, like Gecko) Chrome/94.0.4606.85 Mobile Safari/537.36"
197.156.134.38 - - [01/Nov/2021:10:04:34 +0000] "GET /jquery-3.3.1.min.js HTTP/1.1" 404 3355 "https://supamallescrow.com/home" "Mozilla/5.0 (Linux; Android 11; SM-A505F) AppleWebKit/537.36 (KHTML, like Gecko) Chrome/94.0.4606.85 Mobile Safari/537.36"
197.156.134.38 - - [01/Nov/2021:10:04:34 +0000] "GET /dist/js/manInput.js HTTP/1.1" 404 3355 "https://supamallescrow.com/home" "Mozilla/5.0 (Linux; Android 11; SM-A505F) AppleWebKit/537.36 (KHTML, like Gecko) Chrome/94.0.4606.85 Mobile Safari/537.36"
197.156.134.38 - - [01/Nov/2021:10:04:39 +0000] "GET /jquery-3.3.1.min.js HTTP/1.1" 404 3355 "https://supamallescrow.com/home" "Mozilla/5.0 (Linux; Android 11; SM-A505F) AppleWebKit/537.36 (KHTML, like Gecko) Chrome/94.0.4606.85 Mobile Safari/537.36"
197.156.134.38 - - [01/Nov/2021:10:04:43 +0000] "GET /plugins/fontawesome-free/webfonts/fa-solid-900.woff2 HTTP/1.1" 200 79652 "https://supamallescrow.com/plugins/fontawesome-free/css/all.min.css" "Mozilla/5.0 (Linux; Android 11; SM-A505F) AppleWebKit/537.36 (KHTML, like Gecko) Chrome/94.0.4606.85 Mobile Safari/537.36"
197.156.134.38 - - [01/Nov/2021:10:04:43 +0000] "GET /plugins/fontawesome-free/webfonts/fa-regular-400.woff2 HTTP/1.1" 200 13791 "https://supamallescrow.com/plugins/fontawesome-free/css/all.min.css" "Mozilla/5.0 (Linux; Android 11; SM-A505F) AppleWebKit/537.36 (KHTML, like Gecko) Chrome/94.0.4606.85 Mobile Safari/537.36"
197.156.134.38 - - [01/Nov/2021:10:04:45 +0000] "GET /dist/js/manInput.js HTTP/1.1" 404 3355 "https://supamallescrow.com/home" "Mozilla/5.0 (Linux; Android 11; SM-A505F) AppleWebKit/537.36 (KHTML, like Gecko) Chrome/94.0.4606.85 Mobile Safari/537.36"
197.156.134.38 - - [01/Nov/2021:10:04:55 +0000] "GET /transactions HTTP/1.1" 200 5134 "https://supamallescrow.com/home" "Mozilla/5.0 (Linux; Android 11; SM-A505F) AppleWebKit/537.36 (KHTML, like Gecko) Chrome/94.0.4606.85 Mobile Safari/537.36"
197.156.134.38 - - [01/Nov/2021:10:04:56 +0000] "GET /jquery-3.3.1.min.js HTTP/1.1" 404 3355 "https://supamallescrow.com/transactions" "Mozilla/5.0 (Linux; Android 11; SM-A505F) AppleWebKit/537.36 (KHTML, like Gecko) Chrome/94.0.4606.85 Mobile Safari/537.36"
197.156.134.38 - - [01/Nov/2021:10:04:58 +0000] "GET /transactions/create HTTP/1.1" 200 70307 "https://supamallescrow.com/transactions" "Mozilla/5.0 (Linux; Android 11; SM-A505F) AppleWebKit/537.36 (KHTML, like Gecko) Chrome/94.0.4606.85 Mobile Safari/537.36"
197.156.134.38 - - [01/Nov/2021:10:05:00 +0000] "GET /buyer/search HTTP/1.1" 200 53824 "https://supamallescrow.com/transactions/create" "Mozilla/5.0 (Linux; Android 11; SM-A505F) AppleWebKit/537.36 (KHTML, like Gecko) Chrome/94.0.4606.85 Mobile Safari/537.36"
197.156.134.38 - - [01/Nov/2021:10:06:33 +0000] "POST /transactions/store HTTP/1.1" 302 1532 "https://supamallescrow.com/transactions/create" "Mozilla/5.0 (Linux; Android 11; SM-A505F) AppleWebKit/537.36 (KHTML, like Gecko) Chrome/94.0.4606.85 Mobile Safari/537.36"
197.156.134.38 - - [01/Nov/2021:10:06:33 +0000] "GET /transactions HTTP/1.1" 200 5422 "https://supamallescrow.com/transactions/create" "Mozilla/5.0 (Linux; Android 11; SM-A505F) AppleWebKit/537.36 (KHTML, like Gecko) Chrome/94.0.4606.85 Mobile Safari/537.36"
102.1.14.33 - - [01/Nov/2021:10:06:57 +0000] "GET /jquery-3.3.1.min.js HTTP/1.1" 404 3355 "https://supamallescrow.com/deliveries" "Mozilla/5.0 (Linux; Android 7.0; Infinix X559) AppleWebKit/537.36 (KHTML, like Gecko) Chrome/94.0.4606.85 Mobile Safari/537.36"
102.1.14.33 - - [01/Nov/2021:10:06:57 +0000] "GET /dist/js/manInput.js HTTP/1.1" 404 3355 "https://supamallescrow.com/deliveries" "Mozilla/5.0 (Linux; Android 7.0; Infinix X559) AppleWebKit/537.36 (KHTML, like Gecko) Chrome/94.0.4606.85 Mobile Safari/537.36"
102.1.14.33 - - [01/Nov/2021:10:07:05 +0000] "GET /transactions HTTP/1.1" 200 5445 "https://supamallescrow.com/deliveries" "Mozilla/5.0 (Linux; Android 7.0; Infinix X559) AppleWebKit/537.36 (KHTML, like Gecko) Chrome/94.0.4606.85 Mobile Safari/537.36"
102.1.14.33 - - [01/Nov/2021:10:07:17 +0000] "GET /transactions/show/256 HTTP/1.1" 200 6564 "https://supamallescrow.com/transactions" "Mozilla/5.0 (Linux; Android 7.0; Infinix X559) AppleWebKit/537.36 (KHTML, like Gecko) Chrome/94.0.4606.85 Mobile Safari/537.36"
102.1.14.33 - - [01/Nov/2021:10:07:42 +0000] "POST /transactions/payment HTTP/1.1" 302 1492 "https://supamallescrow.com/transactions/show/256" "Mozilla/5.0 (Linux; Android 7.0; Infinix X559) AppleWebKit/537.36 (KHTML, like Gecko) Chrome/94.0.4606.85 Mobile Safari/537.36"
102.1.14.33 - - [01/Nov/2021:10:07:45 +0000] "GET /home HTTP/1.1" 200 8350 "https://supamallescrow.com/transactions/show/256" "Mozilla/5.0 (Linux; Android 7.0; Infinix X559) AppleWebKit/537.36 (KHTML, like Gecko) Chrome/94.0.4606.85 Mobile Safari/537.36"
196.201.214.207 - - [01/Nov/2021:10:07:58 +0000] "POST /v1/escrow/transaction/confirmation HTTP/1.1" 200 231 "-" "Apache-HttpClient/4.5.5 (Java/1.8.0_251)"
196.201.213.44 - - [01/Nov/2021:10:07:58 +0000] "POST /v1/escrow/transaction/confirmation HTTP/1.1" 200 283 "-" "Apache-HttpClient/4.5.2 (Java/1.8.0_181)"
105.160.16.222 - - [01/Nov/2021:10:08:38 +0000] "GET /register HTTP/1.1" 200 3553 "https://www.google.co.uk/" "Mozilla/5.0 (iPhone; CPU iPhone OS 15_0_1 like Mac OS X) AppleWebKit/605.1.15 (KHTML, like Gecko) Version/15.0 Mobile/15E148 Safari/604.1"
102.1.14.33 - - [01/Nov/2021:10:08:50 +0000] "GET /deliveries HTTP/1.1" 200 5011 "https://supamallescrow.com/home" "Mozilla/5.0 (Linux; Android 7.0; Infinix X559) AppleWebKit/537.36 (KHTML, like Gecko) Chrome/94.0.4606.85 Mobile Safari/537.36"
102.1.14.33 - - [01/Nov/2021:10:08:56 +0000] "GET /deliveries/show/256 HTTP/1.1" 200 6755 "https://supamallescrow.com/deliveries" "Mozilla/5.0 (Linux; Android 7.0; Infinix X559) AppleWebKit/537.36 (KHTML, like Gecko) Chrome/94.0.4606.85 Mobile Safari/537.36"
41.81.92.110 - - [01/Nov/2021:10:09:05 +0000] "GET /register HTTP/1.1" 200 3552 "https://www.google.com/" "Mozilla/5.0 (Linux; Android 10; FRL-L22; HMSCore 6.1.0.313) AppleWebKit/537.36 (KHTML, like Gecko) Chrome/88.0.4324.93 HuaweiBrowser/11.1.4.302 Mobile Safari/537.36"
102.1.14.33 - - [01/Nov/2021:10:09:09 +0000] "POST /deliveries/acceptdelivery HTTP/1.1" 302 1522 "https://supamallescrow.com/deliveries/show/256" "Mozilla/5.0 (Linux; Android 7.0; Infinix X559) AppleWebKit/537.36 (KHTML, like Gecko) Chrome/94.0.4606.85 Mobile Safari/537.36"
102.1.14.33 - - [01/Nov/2021:10:09:12 +0000] "GET /deliveries HTTP/1.1" 200 4971 "https://supamallescrow.com/deliveries/show/256" "Mozilla/5.0 (Linux; Android 7.0; Infinix X559) AppleWebKit/537.36 (KHTML, like Gecko) Chrome/94.0.4606.85 Mobile Safari/537.36"
196.201.214.208 - - [01/Nov/2021:10:09:12 +0000] "POST /v1/escrow/b2c/result HTTP/1.1" 500 3388 "-" "Apache-HttpClient/4.5.5 (Java/1.8.0_251)"
196.201.214.207 - - [01/Nov/2021:10:09:23 +0000] "POST /v1/escrow/b2c/result HTTP/1.1" 500 3388 "-" "Apache-HttpClient/4.5.5 (Java/1.8.0_251)"
196.201.212.74 - - [01/Nov/2021:10:09:33 +0000] "POST /v1/escrow/b2c/result HTTP/1.1" 500 3388 "-" "Apache-HttpClient/4.5.5 (Java/1.8.0_251)"
41.81.92.110 - - [01/Nov/2021:10:09:41 +0000] "GET /register HTTP/1.1" 200 3552 "https://www.google.com/" "Mozilla/5.0 (Linux; Android 10; FRL-L22; HMSCore 6.1.0.313) AppleWebKit/537.36 (KHTML, like Gecko) Chrome/88.0.4324.93 HuaweiBrowser/11.1.4.302 Mobile Safari/537.36"
196.201.212.136 - - [01/Nov/2021:10:09:44 +0000] "POST /v1/escrow/b2c/result HTTP/1.1" 500 3388 "-" "Apache-HttpClient/4.5.5 (Java/1.8.0_251)"
102.1.14.33 - - [01/Nov/2021:10:10:23 +0000] "GET /deliveries HTTP/1.1" 200 4932 "https://supamallescrow.com/deliveries" "Mozilla/5.0 (Linux; Android 7.0; Infinix X559) AppleWebKit/537.36 (KHTML, like Gecko) Chrome/94.0.4606.85 Mobile Safari/537.36"
197.156.134.38 - - [01/Nov/2021:10:10:31 +0000] "GET /transactions/show/256 HTTP/1.1" 200 6515 "https://supamallescrow.com/transactions" "Mozilla/5.0 (Linux; Android 11; SM-A505F) AppleWebKit/537.36 (KHTML, like Gecko) Chrome/94.0.4606.85 Mobile Safari/537.36"
102.1.14.33 - - [01/Nov/2021:10:10:46 +0000] "GET /transactions HTTP/1.1" 200 5418 "https://supamallescrow.com/deliveries" "Mozilla/5.0 (Linux; Android 7.0; Infinix X559) AppleWebKit/537.36 (KHTML, like Gecko) Chrome/94.0.4606.85 Mobile Safari/537.36"
41.81.92.110 - - [01/Nov/2021:10:12:05 +0000] "GET /register HTTP/1.1" 200 3552 "-" "Mozilla/5.0 (Linux; Android 10; FRL-L22; HMSCore 6.1.0.313) AppleWebKit/537.36 (KHTML, like Gecko) Chrome/88.0.4324.93 HuaweiBrowser/11.1.4.302 Mobile Safari/537.36"
41.81.92.110 - - [01/Nov/2021:10:13:18 +0000] "GET /login_assets/webfonts/fa-solid-900.woff2 HTTP/1.1" 200 74528 "https://supamallescrow.com/login_assets/css/fontawesome-all.min.css" "Mozilla/5.0 (Linux; Android 10; FRL-L22; HMSCore 6.1.0.313) AppleWebKit/537.36 (KHTML, like Gecko) Chrome/88.0.4324.93 HuaweiBrowser/11.1.4.302 Mobile Safari/537.36"
41.81.92.110 - - [01/Nov/2021:10:13:18 +0000] "POST /register HTTP/1.1" 302 1492 "https://supamallescrow.com/register" "Mozilla/5.0 (Linux; Android 10; FRL-L22; HMSCore 6.1.0.313) AppleWebKit/537.36 (KHTML, like Gecko) Chrome/88.0.4324.93 HuaweiBrowser/11.1.4.302 Mobile Safari/537.36"
41.81.92.110 - - [01/Nov/2021:10:13:19 +0000] "GET /home HTTP/1.1" 200 8366 "https://supamallescrow.com/register" "Mozilla/5.0 (Linux; Android 10; FRL-L22; HMSCore 6.1.0.313) AppleWebKit/537.36 (KHTML, like Gecko) Chrome/88.0.4324.93 HuaweiBrowser/11.1.4.302 Mobile Safari/537.36"
41.81.92.110 - - [01/Nov/2021:10:13:19 +0000] "GET /jquery-3.3.1.min.js HTTP/1.1" 404 3355 "https://supamallescrow.com/home" "Mozilla/5.0 (Linux; Android 10; FRL-L22; HMSCore 6.1.0.313) AppleWebKit/537.36 (KHTML, like Gecko) Chrome/88.0.4324.93 HuaweiBrowser/11.1.4.302 Mobile Safari/537.36"
41.81.92.110 - - [01/Nov/2021:10:13:19 +0000] "GET /dist/js/manInput.js HTTP/1.1" 404 3355 "https://supamallescrow.com/home" "Mozilla/5.0 (Linux; Android 10; FRL-L22; HMSCore 6.1.0.313) AppleWebKit/537.36 (KHTML, like Gecko) Chrome/88.0.4324.93 HuaweiBrowser/11.1.4.302 Mobile Safari/537.36"
41.81.92.110 - - [01/Nov/2021:10:13:22 +0000] "GET /plugins/fontawesome-free/webfonts/fa-solid-900.woff2 HTTP/1.1" 200 79652 "https://supamallescrow.com/plugins/fontawesome-free/css/all.min.css" "Mozilla/5.0 (Linux; Android 10; FRL-L22; HMSCore 6.1.0.313) AppleWebKit/537.36 (KHTML, like Gecko) Chrome/88.0.4324.93 HuaweiBrowser/11.1.4.302 Mobile Safari/537.36"
41.81.92.110 - - [01/Nov/2021:10:13:22 +0000] "GET /plugins/fontawesome-free/webfonts/fa-regular-400.woff2 HTTP/1.1" 200 13791 "https://supamallescrow.com/plugins/fontawesome-free/css/all.min.css" "Mozilla/5.0 (Linux; Android 10; FRL-L22; HMSCore 6.1.0.313) AppleWebKit/537.36 (KHTML, like Gecko) Chrome/88.0.4324.93 HuaweiBrowser/11.1.4.302 Mobile Safari/537.36"
41.81.92.110 - - [01/Nov/2021:10:13:22 +0000] "GET /dist/js/manInput.js HTTP/1.1" 404 3355 "https://supamallescrow.com/home" "Mozilla/5.0 (Linux; Android 10; FRL-L22; HMSCore 6.1.0.313) AppleWebKit/537.36 (KHTML, like Gecko) Chrome/88.0.4324.93 HuaweiBrowser/11.1.4.302 Mobile Safari/537.36"
41.81.92.110 - - [01/Nov/2021:10:13:35 +0000] "GET /transactions HTTP/1.1" 200 5130 "https://supamallescrow.com/home" "Mozilla/5.0 (Linux; Android 10; FRL-L22; HMSCore 6.1.0.313) AppleWebKit/537.36 (KHTML, like Gecko) Chrome/88.0.4324.93 HuaweiBrowser/11.1.4.302 Mobile Safari/537.36"
41.81.92.110 - - [01/Nov/2021:10:13:38 +0000] "GET /transactions/create HTTP/1.1" 200 70348 "https://supamallescrow.com/transactions" "Mozilla/5.0 (Linux; Android 10; FRL-L22; HMSCore 6.1.0.313) AppleWebKit/537.36 (KHTML, like Gecko) Chrome/88.0.4324.93 HuaweiBrowser/11.1.4.302 Mobile Safari/537.36"
41.81.92.110 - - [01/Nov/2021:10:13:39 +0000] "GET /buyer/search HTTP/1.1" 200 54202 "https://supamallescrow.com/transactions/create" "Mozilla/5.0 (Linux; Android 10; FRL-L22; HMSCore 6.1.0.313) AppleWebKit/537.36 (KHTML, like Gecko) Chrome/88.0.4324.93 HuaweiBrowser/11.1.4.302 Mobile Safari/537.36"
66.249.70.101 - - [01/Nov/2021:10:59:03 +0000] "GET /login HTTP/1.1" 200 2871 "-" "Mozilla/5.0 (Linux; Android 6.0.1; Nexus 5X Build/MMB29P) AppleWebKit/537.36 (KHTML, like Gecko) Chrome/94.0.4606.81 Mobile Safari/537.36 (compatible; Googlebot/2.1; +http://www.google.com/bot.html)"
197.232.5.8 - - [01/Nov/2021:11:18:50 +0000] "GET /logout HTTP/1.1" 302 1415 "https://supamallescrow.com/payments" "Mozilla/5.0 (Windows NT 10.0; Win64; x64) AppleWebKit/537.36 (KHTML, like Gecko) Chrome/95.0.4638.54 Safari/537.36 Edg/95.0.1020.40"
197.232.5.8 - - [01/Nov/2021:11:18:50 +0000] "GET /login HTTP/1.1" 200 2863 "https://supamallescrow.com/payments" "Mozilla/5.0 (Windows NT 10.0; Win64; x64) AppleWebKit/537.36 (KHTML, like Gecko) Chrome/95.0.4638.54 Safari/537.36 Edg/95.0.1020.40"
197.232.5.8 - - [01/Nov/2021:11:18:58 +0000] "GET /otp HTTP/1.1" 200 2686 "https://supamallescrow.com/login" "Mozilla/5.0 (Windows NT 10.0; Win64; x64) AppleWebKit/537.36 (KHTML, like Gecko) Chrome/95.0.4638.54 Safari/537.36 Edg/95.0.1020.40"
197.232.5.8 - - [01/Nov/2021:11:19:07 +0000] "POST /otpSend HTTP/1.1" 302 1497 "https://supamallescrow.com/otp" "Mozilla/5.0 (Windows NT 10.0; Win64; x64) AppleWebKit/537.36 (KHTML, like Gecko) Chrome/95.0.4638.54 Safari/537.36 Edg/95.0.1020.40"
197.232.5.8 - - [01/Nov/2021:11:19:07 +0000] "GET /login HTTP/1.1" 200 2915 "https://supamallescrow.com/otp" "Mozilla/5.0 (Windows NT 10.0; Win64; x64) AppleWebKit/537.36 (KHTML, like Gecko) Chrome/95.0.4638.54 Safari/537.36 Edg/95.0.1020.40"
197.232.5.8 - - [01/Nov/2021:11:19:56 +0000] "POST /login HTTP/1.1" 302 1497 "https://supamallescrow.com/login" "Mozilla/5.0 (Windows NT 10.0; Win64; x64) AppleWebKit/537.36 (KHTML, like Gecko) Chrome/95.0.4638.54 Safari/537.36 Edg/95.0.1020.40"
197.232.5.8 - - [01/Nov/2021:11:19:56 +0000] "GET /login HTTP/1.1" 200 2960 "https://supamallescrow.com/login" "Mozilla/5.0 (Windows NT 10.0; Win64; x64) AppleWebKit/537.36 (KHTML, like Gecko) Chrome/95.0.4638.54 Safari/537.36 Edg/95.0.1020.40"
197.232.5.8 - - [01/Nov/2021:11:20:11 +0000] "POST /login HTTP/1.1" 302 1497 "https://supamallescrow.com/login" "Mozilla/5.0 (Windows NT 10.0; Win64; x64) AppleWebKit/537.36 (KHTML, like Gecko) Chrome/95.0.4638.54 Safari/537.36 Edg/95.0.1020.40"
197.232.5.8 - - [01/Nov/2021:11:20:11 +0000] "GET /login HTTP/1.1" 200 2960 "https://supamallescrow.com/login" "Mozilla/5.0 (Windows NT 10.0; Win64; x64) AppleWebKit/537.36 (KHTML, like Gecko) Chrome/95.0.4638.54 Safari/537.36 Edg/95.0.1020.40"
197.232.5.8 - - [01/Nov/2021:11:20:14 +0000] "GET /login HTTP/1.1" 200 2863 "https://supamallescrow.com/login" "Mozilla/5.0 (Windows NT 10.0; Win64; x64) AppleWebKit/537.36 (KHTML, like Gecko) Chrome/95.0.4638.54 Safari/537.36 Edg/95.0.1020.40"
197.232.5.8 - - [01/Nov/2021:11:20:38 +0000] "POST /login HTTP/1.1" 302 1532 "https://supamallescrow.com/login" "Mozilla/5.0 (Windows NT 10.0; Win64; x64) AppleWebKit/537.36 (KHTML, like Gecko) Chrome/95.0.4638.54 Safari/537.36 Edg/95.0.1020.40"
197.232.5.8 - - [01/Nov/2021:11:20:38 +0000] "GET /transactions HTTP/1.1" 200 5550 "https://supamallescrow.com/login" "Mozilla/5.0 (Windows NT 10.0; Win64; x64) AppleWebKit/537.36 (KHTML, like Gecko) Chrome/95.0.4638.54 Safari/537.36 Edg/95.0.1020.40"
197.232.5.8 - - [01/Nov/2021:11:20:39 +0000] "GET /jquery-3.3.1.min.js HTTP/1.1" 404 3355 "https://supamallescrow.com/transactions" "Mozilla/5.0 (Windows NT 10.0; Win64; x64) AppleWebKit/537.36 (KHTML, like Gecko) Chrome/95.0.4638.54 Safari/537.36 Edg/95.0.1020.40"
197.232.5.8 - - [01/Nov/2021:11:20:39 +0000] "GET /dist/js/manInput.js HTTP/1.1" 404 3355 "https://supamallescrow.com/transactions" "Mozilla/5.0 (Windows NT 10.0; Win64; x64) AppleWebKit/537.36 (KHTML, like Gecko) Chrome/95.0.4638.54 Safari/537.36 Edg/95.0.1020.40"
197.232.5.8 - - [01/Nov/2021:11:20:43 +0000] "GET /profile HTTP/1.1" 200 5774 "https://supamallescrow.com/transactions" "Mozilla/5.0 (Windows NT 10.0; Win64; x64) AppleWebKit/537.36 (KHTML, like Gecko) Chrome/95.0.4638.54 Safari/537.36 Edg/95.0.1020.40"
197.232.5.8 - - [01/Nov/2021:11:21:00 +0000] "POST /changePassword HTTP/1.1" 302 1507 "https://supamallescrow.com/profile" "Mozilla/5.0 (Windows NT 10.0; Win64; x64) AppleWebKit/537.36 (KHTML, like Gecko) Chrome/95.0.4638.54 Safari/537.36 Edg/95.0.1020.40"
197.232.5.8 - - [01/Nov/2021:11:21:00 +0000] "GET /profile HTTP/1.1" 200 5817 "https://supamallescrow.com/profile" "Mozilla/5.0 (Windows NT 10.0; Win64; x64) AppleWebKit/537.36 (KHTML, like Gecko) Chrome/95.0.4638.54 Safari/537.36 Edg/95.0.1020.40"
197.232.5.8 - - [01/Nov/2021:11:21:04 +0000] "GET /logout HTTP/1.1" 302 1415 "https://supamallescrow.com/profile" "Mozilla/5.0 (Windows NT 10.0; Win64; x64) AppleWebKit/537.36 (KHTML, like Gecko) Chrome/95.0.4638.54 Safari/537.36 Edg/95.0.1020.40"
197.232.5.8 - - [01/Nov/2021:11:21:04 +0000] "GET /login HTTP/1.1" 200 2862 "https://supamallescrow.com/profile" "Mozilla/5.0 (Windows NT 10.0; Win64; x64) AppleWebKit/537.36 (KHTML, like Gecko) Chrome/95.0.4638.54 Safari/537.36 Edg/95.0.1020.40"
197.232.5.8 - - [01/Nov/2021:11:21:15 +0000] "POST /login HTTP/1.1" 302 1532 "https://supamallescrow.com/login" "Mozilla/5.0 (Windows NT 10.0; Win64; x64) AppleWebKit/537.36 (KHTML, like Gecko) Chrome/95.0.4638.54 Safari/537.36 Edg/95.0.1020.40"
197.232.5.8 - - [01/Nov/2021:11:21:15 +0000] "GET /transactions HTTP/1.1" 200 5551 "https://supamallescrow.com/login" "Mozilla/5.0 (Windows NT 10.0; Win64; x64) AppleWebKit/537.36 (KHTML, like Gecko) Chrome/95.0.4638.54 Safari/537.36 Edg/95.0.1020.40"
197.232.5.8 - - [01/Nov/2021:11:21:21 +0000] "GET /logout HTTP/1.1" 302 1415 "https://supamallescrow.com/transactions" "Mozilla/5.0 (Windows NT 10.0; Win64; x64) AppleWebKit/537.36 (KHTML, like Gecko) Chrome/95.0.4638.54 Safari/537.36 Edg/95.0.1020.40"
197.232.5.8 - - [01/Nov/2021:11:21:21 +0000] "GET /login HTTP/1.1" 200 2861 "https://supamallescrow.com/transactions" "Mozilla/5.0 (Windows NT 10.0; Win64; x64) AppleWebKit/537.36 (KHTML, like Gecko) Chrome/95.0.4638.54 Safari/537.36 Edg/95.0.1020.40"
197.232.5.8 - - [01/Nov/2021:11:21:29 +0000] "POST /login HTTP/1.1" 302 1532 "https://supamallescrow.com/login" "Mozilla/5.0 (Windows NT 10.0; Win64; x64) AppleWebKit/537.36 (KHTML, like Gecko) Chrome/95.0.4638.54 Safari/537.36 Edg/95.0.1020.40"
197.232.5.8 - - [01/Nov/2021:11:21:30 +0000] "GET /transactions HTTP/1.1" 200 6943 "https://supamallescrow.com/login" "Mozilla/5.0 (Windows NT 10.0; Win64; x64) AppleWebKit/537.36 (KHTML, like Gecko) Chrome/95.0.4638.54 Safari/537.36 Edg/95.0.1020.40"
66.249.70.101 - - [01/Nov/2021:11:21:34 +0000] "GET / HTTP/1.1" 302 1512 "-" "Mozilla/5.0 (compatible; Googlebot/2.1; +http://www.google.com/bot.html)"
66.249.70.103 - - [01/Nov/2021:11:21:34 +0000] "GET /home HTTP/1.1" 302 1517 "-" "Mozilla/5.0 (compatible; Googlebot/2.1; +http://www.google.com/bot.html)"
66.249.70.101 - - [01/Nov/2021:11:21:35 +0000] "GET /login HTTP/1.1" 200 2864 "-" "Mozilla/5.0 (compatible; Googlebot/2.1; +http://www.google.com/bot.html)"
104.155.101.3 - - [01/Nov/2021:11:24:08 +0000] "GET / HTTP/1.1" 302 1492 "-" "python-requests/2.26.0"
104.155.101.3 - - [01/Nov/2021:11:24:08 +0000] "GET / HTTP/1.1" 302 1492 "-" "python-requests/2.26.0"
104.155.101.3 - - [01/Nov/2021:11:24:08 +0000] "GET / HTTP/1.1" 302 1492 "-" "python-requests/2.26.0"
197.232.5.8 - - [01/Nov/2021:11:35:14 +0000] "GET /transactions HTTP/1.1" 200 6943 "https://supamallescrow.com/transactions" "Mozilla/5.0 (Windows NT 10.0; Win64; x64) AppleWebKit/537.36 (KHTML, like Gecko) Chrome/95.0.4638.54 Safari/537.36 Edg/95.0.1020.40"
197.232.5.8 - - [01/Nov/2021:11:35:18 +0000] "GET / HTTP/1.1" 302 1492 "-" "Mozilla/5.0 (Windows NT 10.0; Win64; x64) AppleWebKit/537.36 (KHTML, like Gecko) Chrome/95.0.4638.54 Safari/537.36 Edg/95.0.1020.40"
197.232.5.8 - - [01/Nov/2021:11:35:18 +0000] "GET /home HTTP/1.1" 302 1532 "-" "Mozilla/5.0 (Windows NT 10.0; Win64; x64) AppleWebKit/537.36 (KHTML, like Gecko) Chrome/95.0.4638.54 Safari/537.36 Edg/95.0.1020.40"
197.232.5.8 - - [01/Nov/2021:11:35:18 +0000] "GET /transactions HTTP/1.1" 200 6943 "-" "Mozilla/5.0 (Windows NT 10.0; Win64; x64) AppleWebKit/537.36 (KHTML, like Gecko) Chrome/95.0.4638.54 Safari/537.36 Edg/95.0.1020.40"
92.118.160.37 - - [01/Nov/2021:11:36:15 +0000] "GET / HTTP/1.1" 302 1512 "-" "NetSystemsResearch studies the availability of various services across the internet. Our website is netsystemsresearch.com"
92.118.160.37 - - [01/Nov/2021:11:36:16 +0000] "GET /home HTTP/1.1" 302 1517 "-" "Go http package"
92.118.160.37 - - [01/Nov/2021:11:36:16 +0000] "GET /login HTTP/1.1" 200 2867 "-" "Go http package"
197.232.5.8 - - [01/Nov/2021:11:38:07 +0000] "GET /deliveries HTTP/1.1" 200 5410 "https://supamallescrow.com/transactions" "Mozilla/5.0 (Windows NT 10.0; Win64; x64) AppleWebKit/537.36 (KHTML, like Gecko) Chrome/95.0.4638.54 Safari/537.36 Edg/95.0.1020.40"
197.232.5.8 - - [01/Nov/2021:11:38:14 +0000] "GET /deliveries/rejections HTTP/1.1" 200 5456 "https://supamallescrow.com/deliveries" "Mozilla/5.0 (Windows NT 10.0; Win64; x64) AppleWebKit/537.36 (KHTML, like Gecko) Chrome/95.0.4638.54 Safari/537.36 Edg/95.0.1020.40"
197.232.5.8 - - [01/Nov/2021:11:38:21 +0000] "GET /logout HTTP/1.1" 302 1415 "https://supamallescrow.com/deliveries/rejections" "Mozilla/5.0 (Windows NT 10.0; Win64; x64) AppleWebKit/537.36 (KHTML, like Gecko) Chrome/95.0.4638.54 Safari/537.36 Edg/95.0.1020.40"
197.232.5.8 - - [01/Nov/2021:11:38:21 +0000] "GET /login HTTP/1.1" 200 2859 "https://supamallescrow.com/deliveries/rejections" "Mozilla/5.0 (Windows NT 10.0; Win64; x64) AppleWebKit/537.36 (KHTML, like Gecko) Chrome/95.0.4638.54 Safari/537.36 Edg/95.0.1020.40"
197.232.5.8 - - [01/Nov/2021:11:38:28 +0000] "POST /login HTTP/1.1" 302 1532 "https://supamallescrow.com/login" "Mozilla/5.0 (Windows NT 10.0; Win64; x64) AppleWebKit/537.36 (KHTML, like Gecko) Chrome/95.0.4638.54 Safari/537.36 Edg/95.0.1020.40"
197.232.5.8 - - [01/Nov/2021:11:38:29 +0000] "GET /transactions HTTP/1.1" 200 5382 "https://supamallescrow.com/login" "Mozilla/5.0 (Windows NT 10.0; Win64; x64) AppleWebKit/537.36 (KHTML, like Gecko) Chrome/95.0.4638.54 Safari/537.36 Edg/95.0.1020.40"
197.232.5.8 - - [01/Nov/2021:11:38:32 +0000] "GET /deliveries/rejections HTTP/1.1" 200 5116 "https://supamallescrow.com/transactions" "Mozilla/5.0 (Windows NT 10.0; Win64; x64) AppleWebKit/537.36 (KHTML, like Gecko) Chrome/95.0.4638.54 Safari/537.36 Edg/95.0.1020.40"
197.232.5.8 - - [01/Nov/2021:11:38:36 +0000] "GET /deliveries HTTP/1.1" 200 4933 "https://supamallescrow.com/deliveries/rejections" "Mozilla/5.0 (Windows NT 10.0; Win64; x64) AppleWebKit/537.36 (KHTML, like Gecko) Chrome/95.0.4638.54 Safari/537.36 Edg/95.0.1020.40"
197.232.5.8 - - [01/Nov/2021:11:38:40 +0000] "GET /logout HTTP/1.1" 302 1415 "https://supamallescrow.com/deliveries" "Mozilla/5.0 (Windows NT 10.0; Win64; x64) AppleWebKit/537.36 (KHTML, like Gecko) Chrome/95.0.4638.54 Safari/537.36 Edg/95.0.1020.40"
197.232.5.8 - - [01/Nov/2021:11:38:40 +0000] "GET /login HTTP/1.1" 200 2860 "https://supamallescrow.com/deliveries" "Mozilla/5.0 (Windows NT 10.0; Win64; x64) AppleWebKit/537.36 (KHTML, like Gecko) Chrome/95.0.4638.54 Safari/537.36 Edg/95.0.1020.40"
197.232.5.8 - - [01/Nov/2021:11:38:50 +0000] "POST /login HTTP/1.1" 302 1532 "https://supamallescrow.com/login" "Mozilla/5.0 (Windows NT 10.0; Win64; x64) AppleWebKit/537.36 (KHTML, like Gecko) Chrome/95.0.4638.54 Safari/537.36 Edg/95.0.1020.40"
197.232.5.8 - - [01/Nov/2021:11:38:50 +0000] "GET /transactions HTTP/1.1" 200 6942 "https://supamallescrow.com/login" "Mozilla/5.0 (Windows NT 10.0; Win64; x64) AppleWebKit/537.36 (KHTML, like Gecko) Chrome/95.0.4638.54 Safari/537.36 Edg/95.0.1020.40"
66.249.70.108 - - [01/Nov/2021:11:44:03 +0000] "GET /password/reset HTTP/1.1" 200 2214 "-" "Mozilla/5.0 (Linux; Android 6.0.1; Nexus 5X Build/MMB29P) AppleWebKit/537.36 (KHTML, like Gecko) Chrome/94.0.4606.81 Mobile Safari/537.36 (compatible; Googlebot/2.1; +http://www.google.com/bot.html)"
197.232.5.8 - - [01/Nov/2021:11:59:01 +0000] "GET /logout HTTP/1.1" 302 1415 "https://supamallescrow.com/transactions" "Mozilla/5.0 (Windows NT 10.0; Win64; x64) AppleWebKit/537.36 (KHTML, like Gecko) Chrome/95.0.4638.54 Safari/537.36 Edg/95.0.1020.40"
197.232.5.8 - - [01/Nov/2021:11:59:01 +0000] "GET /login HTTP/1.1" 200 2861 "https://supamallescrow.com/transactions" "Mozilla/5.0 (Windows NT 10.0; Win64; x64) AppleWebKit/537.36 (KHTML, like Gecko) Chrome/95.0.4638.54 Safari/537.36 Edg/95.0.1020.40"
197.232.5.8 - - [01/Nov/2021:11:59:05 +0000] "GET /register HTTP/1.1" 200 3551 "https://supamallescrow.com/login" "Mozilla/5.0 (Windows NT 10.0; Win64; x64) AppleWebKit/537.36 (KHTML, like Gecko) Chrome/95.0.4638.54 Safari/537.36 Edg/95.0.1020.40"
197.232.5.8 - - [01/Nov/2021:11:59:48 +0000] "GET /login_assets/webfonts/fa-solid-900.woff2 HTTP/1.1" 304 127 "https://supamallescrow.com/login_assets/css/fontawesome-all.min.css" "Mozilla/5.0 (Windows NT 10.0; Win64; x64) AppleWebKit/537.36 (KHTML, like Gecko) Chrome/95.0.4638.54 Safari/537.36 Edg/95.0.1020.40"
197.232.5.8 - - [01/Nov/2021:12:00:05 +0000] "POST /register HTTP/1.1" 302 1492 "https://supamallescrow.com/register" "Mozilla/5.0 (Windows NT 10.0; Win64; x64) AppleWebKit/537.36 (KHTML, like Gecko) Chrome/95.0.4638.54 Safari/537.36 Edg/95.0.1020.40"
197.232.5.8 - - [01/Nov/2021:12:00:05 +0000] "GET /home HTTP/1.1" 200 8363 "https://supamallescrow.com/register" "Mozilla/5.0 (Windows NT 10.0; Win64; x64) AppleWebKit/537.36 (KHTML, like Gecko) Chrome/95.0.4638.54 Safari/537.36 Edg/95.0.1020.40"
197.232.5.8 - - [01/Nov/2021:12:00:06 +0000] "GET /jquery-3.3.1.min.js HTTP/1.1" 404 3355 "https://supamallescrow.com/home" "Mozilla/5.0 (Windows NT 10.0; Win64; x64) AppleWebKit/537.36 (KHTML, like Gecko) Chrome/95.0.4638.54 Safari/537.36 Edg/95.0.1020.40"
197.232.5.8 - - [01/Nov/2021:12:00:06 +0000] "GET /dist/js/manInput.js HTTP/1.1" 404 3355 "https://supamallescrow.com/home" "Mozilla/5.0 (Windows NT 10.0; Win64; x64) AppleWebKit/537.36 (KHTML, like Gecko) Chrome/95.0.4638.54 Safari/537.36 Edg/95.0.1020.40"
197.232.5.8 - - [01/Nov/2021:12:01:09 +0000] "GET /home HTTP/1.1" 302 1532 "https://supamallescrow.com/register" "Mozilla/5.0 (Windows NT 10.0; Win64; x64) AppleWebKit/537.36 (KHTML, like Gecko) Chrome/95.0.4638.54 Safari/537.36 Edg/95.0.1020.40"
197.232.5.8 - - [01/Nov/2021:12:01:09 +0000] "GET /transactions HTTP/1.1" 200 6708 "https://supamallescrow.com/register" "Mozilla/5.0 (Windows NT 10.0; Win64; x64) AppleWebKit/537.36 (KHTML, like Gecko) Chrome/95.0.4638.54 Safari/537.36 Edg/95.0.1020.40"
197.232.5.8 - - [01/Nov/2021:12:01:54 +0000] "GET /deposits HTTP/1.1" 200 8193 "https://supamallescrow.com/transactions" "Mozilla/5.0 (Windows NT 10.0; Win64; x64) AppleWebKit/537.36 (KHTML, like Gecko) Chrome/95.0.4638.54 Safari/537.36 Edg/95.0.1020.40"
197.232.5.8 - - [01/Nov/2021:12:02:17 +0000] "GET /payments HTTP/1.1" 200 5705 "https://supamallescrow.com/deposits" "Mozilla/5.0 (Windows NT 10.0; Win64; x64) AppleWebKit/537.36 (KHTML, like Gecko) Chrome/95.0.4638.54 Safari/537.36 Edg/95.0.1020.40"
197.232.5.8 - - [01/Nov/2021:12:02:23 +0000] "GET /deliveries/rejections HTTP/1.1" 200 5437 "https://supamallescrow.com/payments" "Mozilla/5.0 (Windows NT 10.0; Win64; x64) AppleWebKit/537.36 (KHTML, like Gecko) Chrome/95.0.4638.54 Safari/537.36 Edg/95.0.1020.40"
197.232.5.8 - - [01/Nov/2021:12:02:28 +0000] "GET /deliveries HTTP/1.1" 200 5197 "https://supamallescrow.com/deliveries/rejections" "Mozilla/5.0 (Windows NT 10.0; Win64; x64) AppleWebKit/537.36 (KHTML, like Gecko) Chrome/95.0.4638.54 Safari/537.36 Edg/95.0.1020.40"
197.232.5.8 - - [01/Nov/2021:12:02:31 +0000] "GET /transactions/completed HTTP/1.1" 200 7641 "https://supamallescrow.com/deliveries" "Mozilla/5.0 (Windows NT 10.0; Win64; x64) AppleWebKit/537.36 (KHTML, like Gecko) Chrome/95.0.4638.54 Safari/537.36 Edg/95.0.1020.40"
197.232.5.8 - - [01/Nov/2021:12:02:42 +0000] "GET /profile HTTP/1.1" 200 5824 "https://supamallescrow.com/transactions/completed" "Mozilla/5.0 (Windows NT 10.0; Win64; x64) AppleWebKit/537.36 (KHTML, like Gecko) Chrome/95.0.4638.54 Safari/537.36 Edg/95.0.1020.40"
66.249.70.101 - - [01/Nov/2021:12:06:33 +0000] "GET /password/reset HTTP/1.1" 200 2219 "-" "Mozilla/5.0 (Linux; Android 6.0.1; Nexus 5X Build/MMB29P) AppleWebKit/537.36 (KHTML, like Gecko) Chrome/94.0.4606.81 Mobile Safari/537.36 (compatible; Googlebot/2.1; +http://www.google.com/bot.html)"
197.232.5.8 - - [01/Nov/2021:12:06:49 +0000] "GET /profile HTTP/1.1" 500 4212 "https://supamallescrow.com/transactions/completed" "Mozilla/5.0 (Windows NT 10.0; Win64; x64) AppleWebKit/537.36 (KHTML, like Gecko) Chrome/95.0.4638.54 Safari/537.36 Edg/95.0.1020.40"
197.232.5.8 - - [01/Nov/2021:12:06:50 +0000] "GET /assets/img/emoji.webp HTTP/1.1" 404 3355 "https://supamallescrow.com/profile" "Mozilla/5.0 (Windows NT 10.0; Win64; x64) AppleWebKit/537.36 (KHTML, like Gecko) Chrome/95.0.4638.54 Safari/537.36 Edg/95.0.1020.40"
197.232.5.8 - - [01/Nov/2021:12:06:50 +0000] "GET /assets/img/favicon.png HTTP/1.1" 404 3355 "https://supamallescrow.com/profile" "Mozilla/5.0 (Windows NT 10.0; Win64; x64) AppleWebKit/537.36 (KHTML, like Gecko) Chrome/95.0.4638.54 Safari/537.36 Edg/95.0.1020.40"
197.232.5.8 - - [01/Nov/2021:12:07:05 +0000] "GET /profile HTTP/1.1" 500 4212 "https://supamallescrow.com/transactions/completed" "Mozilla/5.0 (Windows NT 10.0; Win64; x64) AppleWebKit/537.36 (KHTML, like Gecko) Chrome/95.0.4638.54 Safari/537.36 Edg/95.0.1020.40"
197.232.5.8 - - [01/Nov/2021:12:07:06 +0000] "GET /assets/img/emoji.webp HTTP/1.1" 404 3355 "https://supamallescrow.com/profile" "Mozilla/5.0 (Windows NT 10.0; Win64; x64) AppleWebKit/537.36 (KHTML, like Gecko) Chrome/95.0.4638.54 Safari/537.36 Edg/95.0.1020.40"
197.232.5.8 - - [01/Nov/2021:12:08:46 +0000] "GET /profile HTTP/1.1" 200 5792 "https://supamallescrow.com/transactions/completed" "Mozilla/5.0 (Windows NT 10.0; Win64; x64) AppleWebKit/537.36 (KHTML, like Gecko) Chrome/95.0.4638.54 Safari/537.36 Edg/95.0.1020.40"
66.249.70.103 - - [01/Nov/2021:12:29:03 +0000] "GET / HTTP/1.1" 302 1512 "-" "Mozilla/5.0 (Linux; Android 6.0.1; Nexus 5X Build/MMB29P) AppleWebKit/537.36 (KHTML, like Gecko) Chrome/94.0.4606.81 Mobile Safari/537.36 (compatible; Googlebot/2.1; +http://www.google.com/bot.html)"
66.249.70.98 - - [01/Nov/2021:12:29:04 +0000] "GET /home HTTP/1.1" 302 1517 "-" "Mozilla/5.0 (Linux; Android 6.0.1; Nexus 5X Build/MMB29P) AppleWebKit/537.36 (KHTML, like Gecko) Chrome/94.0.4606.81 Mobile Safari/537.36 (compatible; Googlebot/2.1; +http://www.google.com/bot.html)"
66.249.70.103 - - [01/Nov/2021:12:29:04 +0000] "GET /login HTTP/1.1" 200 2865 "-" "Mozilla/5.0 (Linux; Android 6.0.1; Nexus 5X Build/MMB29P) AppleWebKit/537.36 (KHTML, like Gecko) Chrome/94.0.4606.81 Mobile Safari/537.36 (compatible; Googlebot/2.1; +http://www.google.com/bot.html)"
105.163.201.141 - - [01/Nov/2021:12:29:23 +0000] "GET /register HTTP/1.1" 200 3554 "https://www.google.co.uk/" "Mozilla/5.0 (iPhone; CPU iPhone OS 15_0_1 like Mac OS X) AppleWebKit/605.1.15 (KHTML, like Gecko) Version/15.0 Mobile/15E148 Safari/604.1"
105.163.201.141 - - [01/Nov/2021:12:29:26 +0000] "GET /register HTTP/1.1" 200 3554 "https://www.google.co.uk/" "Mozilla/5.0 (iPhone; CPU iPhone OS 15_0_1 like Mac OS X) AppleWebKit/605.1.15 (KHTML, like Gecko) Version/15.0 Mobile/15E148 Safari/604.1"
105.163.201.141 - - [01/Nov/2021:12:29:33 +0000] "GET /deliveries HTTP/1.1" 302 1497 "https://supamallescrow.com/deliveries/show/254" "Mozilla/5.0 (iPhone; CPU iPhone OS 15_0_1 like Mac OS X) AppleWebKit/605.1.15 (KHTML, like Gecko) Version/15.0 Mobile/15E148 Safari/604.1"
105.163.201.141 - - [01/Nov/2021:12:29:34 +0000] "GET /login HTTP/1.1" 200 2865 "https://supamallescrow.com/deliveries/show/254" "Mozilla/5.0 (iPhone; CPU iPhone OS 15_0_1 like Mac OS X) AppleWebKit/605.1.15 (KHTML, like Gecko) Version/15.0 Mobile/15E148 Safari/604.1"
197.232.5.8 - - [01/Nov/2021:12:48:28 +0000] "GET /login HTTP/1.1" 200 2861 "-" "Mozilla/5.0 (Windows NT 10.0; Win64; x64) AppleWebKit/537.36 (KHTML, like Gecko) Chrome/95.0.4638.69 Safari/537.36"
197.232.5.8 - - [01/Nov/2021:12:48:33 +0000] "POST /login HTTP/1.1" 302 1532 "https://supamallescrow.com/login" "Mozilla/5.0 (Windows NT 10.0; Win64; x64) AppleWebKit/537.36 (KHTML, like Gecko) Chrome/95.0.4638.69 Safari/537.36"
197.232.5.8 - - [01/Nov/2021:12:48:33 +0000] "GET /transactions HTTP/1.1" 200 5505 "https://supamallescrow.com/login" "Mozilla/5.0 (Windows NT 10.0; Win64; x64) AppleWebKit/537.36 (KHTML, like Gecko) Chrome/95.0.4638.69 Safari/537.36"
197.232.5.8 - - [01/Nov/2021:12:48:33 +0000] "GET /jquery-3.3.1.min.js HTTP/1.1" 404 3355 "https://supamallescrow.com/transactions" "Mozilla/5.0 (Windows NT 10.0; Win64; x64) AppleWebKit/537.36 (KHTML, like Gecko) Chrome/95.0.4638.69 Safari/537.36"
197.232.5.8 - - [01/Nov/2021:12:48:33 +0000] "GET /dist/js/manInput.js HTTP/1.1" 404 3355 "https://supamallescrow.com/transactions" "Mozilla/5.0 (Windows NT 10.0; Win64; x64) AppleWebKit/537.36 (KHTML, like Gecko) Chrome/95.0.4638.69 Safari/537.36"
197.232.5.8 - - [01/Nov/2021:12:48:35 +0000] "GET /plugins/fontawesome-free/webfonts/fa-solid-900.woff2 HTTP/1.1" 200 79652 "https://supamallescrow.com/plugins/fontawesome-free/css/all.min.css" "Mozilla/5.0 (Windows NT 10.0; Win64; x64) AppleWebKit/537.36 (KHTML, like Gecko) Chrome/95.0.4638.69 Safari/537.36"
197.232.5.8 - - [01/Nov/2021:12:48:35 +0000] "GET /plugins/fontawesome-free/webfonts/fa-regular-400.woff2 HTTP/1.1" 200 13791 "https://supamallescrow.com/plugins/fontawesome-free/css/all.min.css" "Mozilla/5.0 (Windows NT 10.0; Win64; x64) AppleWebKit/537.36 (KHTML, like Gecko) Chrome/95.0.4638.69 Safari/537.36"
197.232.5.8 - - [01/Nov/2021:12:48:36 +0000] "GET /dist/js/manInput.js HTTP/1.1" 404 3355 "https://supamallescrow.com/transactions" "Mozilla/5.0 (Windows NT 10.0; Win64; x64) AppleWebKit/537.36 (KHTML, like Gecko) Chrome/95.0.4638.69 Safari/537.36"
197.232.5.8 - - [01/Nov/2021:12:48:45 +0000] "GET /home HTTP/1.1" 200 8347 "https://supamallescrow.com/transactions" "Mozilla/5.0 (Windows NT 10.0; Win64; x64) AppleWebKit/537.36 (KHTML, like Gecko) Chrome/95.0.4638.69 Safari/537.36"
197.232.5.8 - - [01/Nov/2021:12:48:46 +0000] "GET /jquery-3.3.1.min.js HTTP/1.1" 404 3355 "https://supamallescrow.com/home" "Mozilla/5.0 (Windows NT 10.0; Win64; x64) AppleWebKit/537.36 (KHTML, like Gecko) Chrome/95.0.4638.69 Safari/537.36"
197.232.5.8 - - [01/Nov/2021:12:49:14 +0000] "GET /transactions HTTP/1.1" 200 5505 "https://supamallescrow.com/home" "Mozilla/5.0 (Windows NT 10.0; Win64; x64) AppleWebKit/537.36 (KHTML, like Gecko) Chrome/95.0.4638.69 Safari/537.36"
197.232.5.8 - - [01/Nov/2021:12:49:26 +0000] "GET /profile HTTP/1.1" 200 5748 "https://supamallescrow.com/transactions" "Mozilla/5.0 (Windows NT 10.0; Win64; x64) AppleWebKit/537.36 (KHTML, like Gecko) Chrome/95.0.4638.69 Safari/537.36"
66.249.70.98 - - [01/Nov/2021:12:51:33 +0000] "GET / HTTP/1.1" 302 1512 "-" "Mozilla/5.0 (compatible; Googlebot/2.1; +http://www.google.com/bot.html)"
66.249.70.101 - - [01/Nov/2021:12:51:34 +0000] "GET /home HTTP/1.1" 302 1517 "-" "Mozilla/5.0 (compatible; Googlebot/2.1; +http://www.google.com/bot.html)"
66.249.70.98 - - [01/Nov/2021:12:51:34 +0000] "GET /login HTTP/1.1" 200 2870 "-" "Mozilla/5.0 (compatible; Googlebot/2.1; +http://www.google.com/bot.html)"
197.232.5.8 - - [01/Nov/2021:12:52:46 +0000] "GET / HTTP/1.1" 302 1492 "https://www.google.com/" "Mozilla/5.0 (Windows NT 10.0; Win64; x64) AppleWebKit/537.36 (KHTML, like Gecko) Chrome/95.0.4638.54 Safari/537.36"
197.232.5.8 - - [01/Nov/2021:12:52:47 +0000] "GET /home HTTP/1.1" 302 1497 "https://www.google.com/" "Mozilla/5.0 (Windows NT 10.0; Win64; x64) AppleWebKit/537.36 (KHTML, like Gecko) Chrome/95.0.4638.54 Safari/537.36"
197.232.5.8 - - [01/Nov/2021:12:52:47 +0000] "GET /login HTTP/1.1" 200 2862 "https://www.google.com/" "Mozilla/5.0 (Windows NT 10.0; Win64; x64) AppleWebKit/537.36 (KHTML, like Gecko) Chrome/95.0.4638.54 Safari/537.36"
197.232.5.8 - - [01/Nov/2021:13:11:24 +0000] "GET / HTTP/1.1" 302 1492 "-" "Mozilla/5.0 (Linux; Android 11; SM-A505F Build/RP1A.200720.012; wv) AppleWebKit/537.36 (KHTML, like Gecko) Version/4.0 Chrome/95.0.4638.50 Mobile Safari/537.36"
197.232.5.8 - - [01/Nov/2021:13:11:25 +0000] "GET /home HTTP/1.1" 302 1497 "-" "Mozilla/5.0 (Linux; Android 11; SM-A505F Build/RP1A.200720.012; wv) AppleWebKit/537.36 (KHTML, like Gecko) Version/4.0 Chrome/95.0.4638.50 Mobile Safari/537.36"
197.232.5.8 - - [01/Nov/2021:13:11:25 +0000] "GET /login HTTP/1.1" 200 2863 "-" "Mozilla/5.0 (Linux; Android 11; SM-A505F Build/RP1A.200720.012; wv) AppleWebKit/537.36 (KHTML, like Gecko) Version/4.0 Chrome/95.0.4638.50 Mobile Safari/537.36"
197.232.5.8 - - [01/Nov/2021:13:11:36 +0000] "GET /otp HTTP/1.1" 200 2685 "https://supamallescrow.com/login" "Mozilla/5.0 (Linux; Android 11; SM-A505F Build/RP1A.200720.012; wv) AppleWebKit/537.36 (KHTML, like Gecko) Version/4.0 Chrome/95.0.4638.50 Mobile Safari/537.36"
197.232.5.8 - - [01/Nov/2021:13:11:50 +0000] "POST /otpSend HTTP/1.1" 302 1497 "https://supamallescrow.com/otp" "Mozilla/5.0 (Linux; Android 11; SM-A505F Build/RP1A.200720.012; wv) AppleWebKit/537.36 (KHTML, like Gecko) Version/4.0 Chrome/95.0.4638.50 Mobile Safari/537.36"
197.232.5.8 - - [01/Nov/2021:13:11:50 +0000] "GET /login HTTP/1.1" 200 2914 "https://supamallescrow.com/otp" "Mozilla/5.0 (Linux; Android 11; SM-A505F Build/RP1A.200720.012; wv) AppleWebKit/537.36 (KHTML, like Gecko) Version/4.0 Chrome/95.0.4638.50 Mobile Safari/537.36"
197.232.5.8 - - [01/Nov/2021:13:13:31 +0000] "POST /login HTTP/1.1" 302 1492 "https://supamallescrow.com/login" "Mozilla/5.0 (Linux; Android 11; SM-A505F Build/RP1A.200720.012; wv) AppleWebKit/537.36 (KHTML, like Gecko) Version/4.0 Chrome/95.0.4638.50 Mobile Safari/537.36"
197.232.5.8 - - [01/Nov/2021:13:13:32 +0000] "GET /home HTTP/1.1" 200 8346 "https://supamallescrow.com/login" "Mozilla/5.0 (Linux; Android 11; SM-A505F Build/RP1A.200720.012; wv) AppleWebKit/537.36 (KHTML, like Gecko) Version/4.0 Chrome/95.0.4638.50 Mobile Safari/537.36"
197.232.5.8 - - [01/Nov/2021:13:13:33 +0000] "GET /jquery-3.3.1.min.js HTTP/1.1" 404 3355 "https://supamallescrow.com/home" "Mozilla/5.0 (Linux; Android 11; SM-A505F Build/RP1A.200720.012; wv) AppleWebKit/537.36 (KHTML, like Gecko) Version/4.0 Chrome/95.0.4638.50 Mobile Safari/537.36"
197.232.5.8 - - [01/Nov/2021:13:13:33 +0000] "GET /dist/js/manInput.js HTTP/1.1" 404 3355 "https://supamallescrow.com/home" "Mozilla/5.0 (Linux; Android 11; SM-A505F Build/RP1A.200720.012; wv) AppleWebKit/537.36 (KHTML, like Gecko) Version/4.0 Chrome/95.0.4638.50 Mobile Safari/537.36"
197.232.5.8 - - [01/Nov/2021:13:13:34 +0000] "GET /jquery-3.3.1.min.js HTTP/1.1" 404 3355 "https://supamallescrow.com/home" "Mozilla/5.0 (Linux; Android 11; SM-A505F Build/RP1A.200720.012; wv) AppleWebKit/537.36 (KHTML, like Gecko) Version/4.0 Chrome/95.0.4638.50 Mobile Safari/537.36"
197.232.5.8 - - [01/Nov/2021:13:13:35 +0000] "GET /plugins/fontawesome-free/webfonts/fa-solid-900.woff2 HTTP/1.1" 200 79652 "https://supamallescrow.com/plugins/fontawesome-free/css/all.min.css" "Mozilla/5.0 (Linux; Android 11; SM-A505F Build/RP1A.200720.012; wv) AppleWebKit/537.36 (KHTML, like Gecko) Version/4.0 Chrome/95.0.4638.50 Mobile Safari/537.36"
197.232.5.8 - - [01/Nov/2021:13:13:35 +0000] "GET /plugins/fontawesome-free/webfonts/fa-regular-400.woff2 HTTP/1.1" 200 13791 "https://supamallescrow.com/plugins/fontawesome-free/css/all.min.css" "Mozilla/5.0 (Linux; Android 11; SM-A505F Build/RP1A.200720.012; wv) AppleWebKit/537.36 (KHTML, like Gecko) Version/4.0 Chrome/95.0.4638.50 Mobile Safari/537.36"
197.232.5.8 - - [01/Nov/2021:13:13:35 +0000] "GET /dist/js/manInput.js HTTP/1.1" 404 3355 "https://supamallescrow.com/home" "Mozilla/5.0 (Linux; Android 11; SM-A505F Build/RP1A.200720.012; wv) AppleWebKit/537.36 (KHTML, like Gecko) Version/4.0 Chrome/95.0.4638.50 Mobile Safari/537.36"
197.232.5.8 - - [01/Nov/2021:13:16:10 +0000] "GET /profile HTTP/1.1" 200 5750 "https://supamallescrow.com/home" "Mozilla/5.0 (Linux; Android 11; SM-A505F Build/RP1A.200720.012; wv) AppleWebKit/537.36 (KHTML, like Gecko) Version/4.0 Chrome/95.0.4638.50 Mobile Safari/537.36"
197.232.5.8 - - [01/Nov/2021:13:16:35 +0000] "POST /changePassword HTTP/1.1" 302 1507 "https://supamallescrow.com/profile" "Mozilla/5.0 (Linux; Android 11; SM-A505F Build/RP1A.200720.012; wv) AppleWebKit/537.36 (KHTML, like Gecko) Version/4.0 Chrome/95.0.4638.50 Mobile Safari/537.36"
197.232.5.8 - - [01/Nov/2021:13:16:35 +0000] "GET /profile HTTP/1.1" 200 5791 "https://supamallescrow.com/profile" "Mozilla/5.0 (Linux; Android 11; SM-A505F Build/RP1A.200720.012; wv) AppleWebKit/537.36 (KHTML, like Gecko) Version/4.0 Chrome/95.0.4638.50 Mobile Safari/537.36"
197.232.5.8 - - [01/Nov/2021:14:02:43 +0000] "GET / HTTP/1.1" 302 1492 "-" "Mozilla/5.0 (Linux; Android 11; SM-A715F) AppleWebKit/537.36 (KHTML, like Gecko) Chrome/94.0.4606.85 Mobile Safari/537.36"
197.232.5.8 - - [01/Nov/2021:14:02:43 +0000] "GET /home HTTP/1.1" 302 1497 "-" "Mozilla/5.0 (Linux; Android 11; SM-A715F) AppleWebKit/537.36 (KHTML, like Gecko) Chrome/94.0.4606.85 Mobile Safari/537.36"
197.232.5.8 - - [01/Nov/2021:14:02:43 +0000] "GET /login HTTP/1.1" 200 2862 "-" "Mozilla/5.0 (Linux; Android 11; SM-A715F) AppleWebKit/537.36 (KHTML, like Gecko) Chrome/94.0.4606.85 Mobile Safari/537.36"
196.216.71.163 - - [01/Nov/2021:14:15:29 +0000] "GET /dist/js/manInput.js HTTP/1.1" 404 3355 "https://supamallescrow.com/deliveries/rejections" "Mozilla/5.0 (Linux; Android 10; STK-L21) AppleWebKit/537.36 (KHTML, like Gecko) Chrome/94.0.4606.85 Mobile Safari/537.36"
196.216.71.163 - - [01/Nov/2021:14:15:29 +0000] "GET /jquery-3.3.1.min.js HTTP/1.1" 404 3355 "https://supamallescrow.com/deliveries/rejections" "Mozilla/5.0 (Linux; Android 10; STK-L21) AppleWebKit/537.36 (KHTML, like Gecko) Chrome/94.0.4606.85 Mobile Safari/537.36"
34.221.54.192 - - [01/Nov/2021:15:21:30 +0000] "GET / HTTP/1.1" 302 1492 "-" "Mozilla/5.0 (X11; Linux x86_64) AppleWebKit/537.36 (KHTML, like Gecko) Chrome/83.0.4103.97 Safari/537.36"
34.221.54.192 - - [01/Nov/2021:15:21:30 +0000] "GET /home HTTP/1.1" 302 1497 "-" "Mozilla/5.0 (X11; Linux x86_64) AppleWebKit/537.36 (KHTML, like Gecko) Chrome/83.0.4103.97 Safari/537.36"
